Archive member included to satisfy reference by file (symbol)

/Applications/ArmGNUToolchain/13.3.rel1/arm-none-eabi/bin/../lib/gcc/arm-none-eabi/13.3.1/../../../../arm-none-eabi/lib/thumb/v7e-m+fp/hard/libc_nano.a(libc_a-exit.o)
                              /Applications/ArmGNUToolchain/13.3.rel1/arm-none-eabi/bin/../lib/gcc/arm-none-eabi/13.3.1/../../../../arm-none-eabi/lib/thumb/v7e-m+fp/hard/crt0.o (exit)
/Applications/ArmGNUToolchain/13.3.rel1/arm-none-eabi/bin/../lib/gcc/arm-none-eabi/13.3.1/../../../../arm-none-eabi/lib/thumb/v7e-m+fp/hard/libc_nano.a(libc_a-sprintf.o)
                              build/main.o (sprintf)
/Applications/ArmGNUToolchain/13.3.rel1/arm-none-eabi/bin/../lib/gcc/arm-none-eabi/13.3.1/../../../../arm-none-eabi/lib/thumb/v7e-m+fp/hard/libc_nano.a(libc_a-findfp.o)
                              /Applications/ArmGNUToolchain/13.3.rel1/arm-none-eabi/bin/../lib/gcc/arm-none-eabi/13.3.1/../../../../arm-none-eabi/lib/thumb/v7e-m+fp/hard/libc_nano.a(libc_a-exit.o) (__stdio_exit_handler)
/Applications/ArmGNUToolchain/13.3.rel1/arm-none-eabi/bin/../lib/gcc/arm-none-eabi/13.3.1/../../../../arm-none-eabi/lib/thumb/v7e-m+fp/hard/libc_nano.a(libc_a-fwalk.o)
                              /Applications/ArmGNUToolchain/13.3.rel1/arm-none-eabi/bin/../lib/gcc/arm-none-eabi/13.3.1/../../../../arm-none-eabi/lib/thumb/v7e-m+fp/hard/libc_nano.a(libc_a-findfp.o) (_fwalk_sglue)
/Applications/ArmGNUToolchain/13.3.rel1/arm-none-eabi/bin/../lib/gcc/arm-none-eabi/13.3.1/../../../../arm-none-eabi/lib/thumb/v7e-m+fp/hard/libc_nano.a(libc_a-memset.o)
                              /Applications/ArmGNUToolchain/13.3.rel1/arm-none-eabi/bin/../lib/gcc/arm-none-eabi/13.3.1/../../../../arm-none-eabi/lib/thumb/v7e-m+fp/hard/crt0.o (memset)
/Applications/ArmGNUToolchain/13.3.rel1/arm-none-eabi/bin/../lib/gcc/arm-none-eabi/13.3.1/../../../../arm-none-eabi/lib/thumb/v7e-m+fp/hard/libc_nano.a(libc_a-errno.o)
                              build/sysmem.o (__errno)
/Applications/ArmGNUToolchain/13.3.rel1/arm-none-eabi/bin/../lib/gcc/arm-none-eabi/13.3.1/../../../../arm-none-eabi/lib/thumb/v7e-m+fp/hard/libc_nano.a(libc_a-init.o)
                              /Applications/ArmGNUToolchain/13.3.rel1/arm-none-eabi/bin/../lib/gcc/arm-none-eabi/13.3.1/../../../../arm-none-eabi/lib/thumb/v7e-m+fp/hard/crt0.o (__libc_init_array)
/Applications/ArmGNUToolchain/13.3.rel1/arm-none-eabi/bin/../lib/gcc/arm-none-eabi/13.3.1/../../../../arm-none-eabi/lib/thumb/v7e-m+fp/hard/libc_nano.a(libc_a-lock.o)
                              /Applications/ArmGNUToolchain/13.3.rel1/arm-none-eabi/bin/../lib/gcc/arm-none-eabi/13.3.1/../../../../arm-none-eabi/lib/thumb/v7e-m+fp/hard/libc_nano.a(libc_a-findfp.o) (__retarget_lock_init_recursive)
/Applications/ArmGNUToolchain/13.3.rel1/arm-none-eabi/bin/../lib/gcc/arm-none-eabi/13.3.1/../../../../arm-none-eabi/lib/thumb/v7e-m+fp/hard/libc_nano.a(libc_a-impure.o)
                              /Applications/ArmGNUToolchain/13.3.rel1/arm-none-eabi/bin/../lib/gcc/arm-none-eabi/13.3.1/../../../../arm-none-eabi/lib/thumb/v7e-m+fp/hard/libc_nano.a(libc_a-sprintf.o) (_impure_ptr)
/Applications/ArmGNUToolchain/13.3.rel1/arm-none-eabi/bin/../lib/gcc/arm-none-eabi/13.3.1/../../../../arm-none-eabi/lib/thumb/v7e-m+fp/hard/libc_nano.a(libc_a-strlen.o)
                              build/uart_handler.o (strlen)
/Applications/ArmGNUToolchain/13.3.rel1/arm-none-eabi/bin/../lib/gcc/arm-none-eabi/13.3.1/../../../../arm-none-eabi/lib/thumb/v7e-m+fp/hard/libc_nano.a(libc_a-nano-svfprintf.o)
                              /Applications/ArmGNUToolchain/13.3.rel1/arm-none-eabi/bin/../lib/gcc/arm-none-eabi/13.3.1/../../../../arm-none-eabi/lib/thumb/v7e-m+fp/hard/libc_nano.a(libc_a-sprintf.o) (_svfprintf_r)
/Applications/ArmGNUToolchain/13.3.rel1/arm-none-eabi/bin/../lib/gcc/arm-none-eabi/13.3.1/../../../../arm-none-eabi/lib/thumb/v7e-m+fp/hard/libc_nano.a(libc_a-mallocr.o)
                              /Applications/ArmGNUToolchain/13.3.rel1/arm-none-eabi/bin/../lib/gcc/arm-none-eabi/13.3.1/../../../../arm-none-eabi/lib/thumb/v7e-m+fp/hard/libc_nano.a(libc_a-findfp.o) (_malloc_r)
/Applications/ArmGNUToolchain/13.3.rel1/arm-none-eabi/bin/../lib/gcc/arm-none-eabi/13.3.1/../../../../arm-none-eabi/lib/thumb/v7e-m+fp/hard/libc_nano.a(libc_a-nano-vfprintf_i.o)
                              /Applications/ArmGNUToolchain/13.3.rel1/arm-none-eabi/bin/../lib/gcc/arm-none-eabi/13.3.1/../../../../arm-none-eabi/lib/thumb/v7e-m+fp/hard/libc_nano.a(libc_a-nano-svfprintf.o) (_printf_i)
/Applications/ArmGNUToolchain/13.3.rel1/arm-none-eabi/bin/../lib/gcc/arm-none-eabi/13.3.1/../../../../arm-none-eabi/lib/thumb/v7e-m+fp/hard/libc_nano.a(libc_a-fflush.o)
                              /Applications/ArmGNUToolchain/13.3.rel1/arm-none-eabi/bin/../lib/gcc/arm-none-eabi/13.3.1/../../../../arm-none-eabi/lib/thumb/v7e-m+fp/hard/libc_nano.a(libc_a-findfp.o) (_fflush_r)
[...]
Memory Configuration

Name             Origin             Length             Attributes
RAM              0x20000000         0x00020000         xrw
FLASH            0x08000000         0x00080000         xr
*default*        0x00000000         0xffffffff

Linker script and memory map

LOAD /Applications/ArmGNUToolchain/13.3.rel1/arm-none-eabi/bin/../lib/gcc/arm-none-eabi/13.3.1/thumb/v7e-m+fp/hard/crti.o
LOAD /Applications/ArmGNUToolchain/13.3.rel1/arm-none-eabi/bin/../lib/gcc/arm-none-eabi/13.3.1/thumb/v7e-m+fp/hard/crtbegin.o
LOAD /Applications/ArmGNUToolchain/13.3.rel1/arm-none-eabi/bin/../lib/gcc/arm-none-eabi/13.3.1/../../../../arm-none-eabi/lib/thumb/v7e-m+fp/hard/crt0.o
LOAD build/main.o
LOAD build/aml_hal.o
LOAD build/global.o
LOAD build/gpio_handler.o
LOAD build/i2c_handler.o
LOAD build/timer.o
LOAD build/uart_handler.o
LOAD build/command_handler.o
LOAD build/file_handler.o
LOAD build/stm32f4xx_it.o
LOAD build/stm32f4xx_hal_msp.o
LOAD build/stm32f4xx_hal_tim.o
LOAD build/stm32f4xx_hal_tim_ex.o
LOAD build/stm32f4xx_hal_uart.o
LOAD build/stm32f4xx_hal_rcc.o
LOAD build/stm32f4xx_hal_rcc_ex.o
LOAD build/stm32f4xx_hal_flash.o
LOAD build/stm32f4xx_hal_flash_ex.o
LOAD build/stm32f4xx_hal_flash_ramfunc.o
LOAD build/stm32f4xx_hal_gpio.o
LOAD build/stm32f4xx_hal_dma_ex.o
LOAD build/stm32f4xx_hal_dma.o
LOAD build/stm32f4xx_hal_pwr.o
LOAD build/stm32f4xx_hal_pwr_ex.o
LOAD build/stm32f4xx_hal_cortex.o
LOAD build/stm32f4xx_hal.o
LOAD build/stm32f4xx_hal_exti.o
LOAD build/stm32f4xx_hal_i2c.o
LOAD build/system_stm32f4xx.o
LOAD build/sysmem.o
LOAD build/syscalls.o
LOAD build/startup_stm32f411xe.o
LOAD /Applications/ArmGNUToolchain/13.3.rel1/arm-none-eabi/bin/../lib/gcc/arm-none-eabi/13.3.1/../../../../arm-none-eabi/lib/thumb/v7e-m+fp/hard/libc_nano.a
LOAD /Applications/ArmGNUToolchain/13.3.rel1/arm-none-eabi/bin/../lib/gcc/arm-none-eabi/13.3.1/../../../../arm-none-eabi/lib/thumb/v7e-m+fp/hard/libm.a
LOAD /Applications/ArmGNUToolchain/13.3.rel1/arm-none-eabi/bin/../lib/gcc/arm-none-eabi/13.3.1/../../../../arm-none-eabi/lib/thumb/v7e-m+fp/hard/libnosys.a
START GROUP
LOAD /Applications/ArmGNUToolchain/13.3.rel1/arm-none-eabi/bin/../lib/gcc/arm-none-eabi/13.3.1/thumb/v7e-m+fp/hard/libgcc.a
LOAD /Applications/ArmGNUToolchain/13.3.rel1/arm-none-eabi/bin/../lib/gcc/arm-none-eabi/13.3.1/../../../../arm-none-eabi/lib/thumb/v7e-m+fp/hard/libc_nano.a
END GROUP
START GROUP
LOAD /Applications/ArmGNUToolchain/13.3.rel1/arm-none-eabi/bin/../lib/gcc/arm-none-eabi/13.3.1/thumb/v7e-m+fp/hard/libgcc.a
LOAD /Applications/ArmGNUToolchain/13.3.rel1/arm-none-eabi/bin/../lib/gcc/arm-none-eabi/13.3.1/../../../../arm-none-eabi/lib/thumb/v7e-m+fp/hard/libc_nano.a
END GROUP
LOAD /Applications/ArmGNUToolchain/13.3.rel1/arm-none-eabi/bin/../lib/gcc/arm-none-eabi/13.3.1/thumb/v7e-m+fp/hard/crtend.o
LOAD /Applications/ArmGNUToolchain/13.3.rel1/arm-none-eabi/bin/../lib/gcc/arm-none-eabi/13.3.1/thumb/v7e-m+fp/hard/crtn.o
                0x20020000                        _estack = (ORIGIN (RAM) + LENGTH (RAM))
                0x00000200                        _Min_Heap_Size = 0x200
                0x00000400                        _Min_Stack_Size = 0x400

.isr_vector     0x08000000      0x198
                0x08000000                        . = ALIGN (0x4)
 *(.isr_vector)
 .isr_vector    0x08000000      0x198 build/startup_stm32f411xe.o
                0x08000000                g_pfnVectors
                0x08000198                        . = ALIGN (0x4)

.text           0x080001a0     0x3704
                0x080001a0                        . = ALIGN (0x4)
 *(.text)
 .text          0x080001a0       0x10 /Applications/ArmGNUToolchain/13.3.rel1/arm-none-eabi/bin/../lib/gcc/arm-none-eabi/13.3.1/../../../../arm-none-eabi/lib/thumb/v7e-m+fp/hard/libc_nano.a(libc_a-strlen.o)
                0x080001a0                strlen
 .text          0x080001b0       0xa0 /Applications/ArmGNUToolchain/13.3.rel1/arm-none-eabi/bin/../lib/gcc/arm-none-eabi/13.3.1/../../../../arm-none-eabi/lib/thumb/v7e-m+fp/hard/libc_nano.a(libc_a-memchr.o)
                0x080001b0                memchr
 .text          0x08000250       0x30 /Applications/ArmGNUToolchain/13.3.rel1/arm-none-eabi/bin/../lib/gcc/arm-none-eabi/13.3.1/thumb/v7e-m+fp/hard/libgcc.a(_aeabi_uldivmod.o)
                0x08000250                __aeabi_uldivmod
 .text          0x08000280        0x4 /Applications/ArmGNUToolchain/13.3.rel1/arm-none-eabi/bin/../lib/gcc/arm-none-eabi/13.3.1/thumb/v7e-m+fp/hard/libgcc.a(_dvmd_tls.o)
                0x08000280                __aeabi_ldiv0
                0x08000280                __aeabi_idiv0
 *(.text*)
 .text.deregister_tm_clones
                0x08000284       0x1c /Applications/ArmGNUToolchain/13.3.rel1/arm-none-eabi/bin/../lib/gcc/arm-none-eabi/13.3.1/thumb/v7e-m+fp/hard/crtbegin.o
 .text.register_tm_clones
                0x080002a0       0x24 /Applications/ArmGNUToolchain/13.3.rel1/arm-none-eabi/bin/../lib/gcc/arm-none-eabi/13.3.1/thumb/v7e-m+fp/hard/crtbegin.o
 .text.__do_global_dtors_aux
                0x080002c4       0x28 /Applications/ArmGNUToolchain/13.3.rel1/arm-none-eabi/bin/../lib/gcc/arm-none-eabi/13.3.1/thumb/v7e-m+fp/hard/crtbegin.o
 .text.frame_dummy
                0x080002ec       0x24 /Applications/ArmGNUToolchain/13.3.rel1/arm-none-eabi/bin/../lib/gcc/arm-none-eabi/13.3.1/thumb/v7e-m+fp/hard/crtbegin.o
 .text.main     0x08000310       0xe0 build/main.o
                0x08000310                main
 .text.AML_Init
                0x080003f0       0x1c build/aml_hal.o
                0x080003f0                AML_Init
 .text.Error_Handler
                0x0800040c       0x18 build/aml_hal.o
                0x0800040c                Error_Handler
 .text.MX_GPIO_Init
                0x08000424       0x68 build/gpio_handler.o
                0x08000424                MX_GPIO_Init
 .text.WriteDigitalOut
                0x0800048c       0x10 build/gpio_handler.o
                0x0800048c                WriteDigitalOut
 .text.AssignDigitalOut
                0x0800049c       0x4e build/gpio_handler.o
                0x0800049c                AssignDigitalOut
 .text.ToggleDigitalOut
                0x080004ea       0x16 build/gpio_handler.o
                0x080004ea                ToggleDigitalOut
 .text.BuiltinLED_Init
                0x08000500       0x3c build/gpio_handler.o
                0x08000500                BuiltinLED_Init
 .text.indicate_setup_with_blinks
                0x0800053c       0x2c build/gpio_handler.o
                0x0800053c                indicate_setup_with_blinks
 .text.MX_I2C1_Init
                0x08000568       0x78 build/i2c_handler.o
                0x08000568                MX_I2C1_Init
 .text.I2C_connectivity_check
                0x080005e0       0xa0 build/i2c_handler.o
                0x080005e0                I2C_connectivity_check
 .text.I2C_ACC_Enable
                0x08000680       0x64 build/i2c_handler.o
                0x08000680                I2C_ACC_Enable
 .text.BVAT_I2C_Init
                0x080006e4       0x34 build/i2c_handler.o
                0x080006e4                BVAT_I2C_Init
 .text.readACC  0x08000718       0x54 build/i2c_handler.o
                0x08000718                readACC
 .text.read_I2C_Blocking
                0x0800076c       0x78 build/i2c_handler.o
                0x0800076c                read_I2C_Blocking
 .text.SystemClock_Config
                0x080007e4       0xa4 build/timer.o
                0x080007e4                SystemClock_Config
 .text.MX_TIM2_Init
                0x08000888       0x50 build/timer.o
                0x08000888                MX_TIM2_Init
 .text.TIM2_IRQHandler
                0x080008d8       0x10 build/timer.o
                0x080008d8                TIM2_IRQHandler
 .text.HAL_TIM_PeriodElapsedCallback
                0x080008e8        0x2 build/timer.o
                0x080008e8                HAL_TIM_PeriodElapsedCallback
 *fill*         0x080008ea        0x2 
 .text.MX_USART2_UART_Init
                0x080008ec       0x34 build/uart_handler.o
                0x080008ec                MX_USART2_UART_Init
 .text.WriteUART_Blocking
                0x08000920       0x24 build/uart_handler.o
                0x08000920                WriteUART_Blocking
 .text.HAL_UART_TxCpltCallback
                0x08000944        0x2 build/uart_handler.o
                0x08000944                HAL_UART_TxCpltCallback
 .text.NMI_Handler
                0x08000946        0x2 build/stm32f4xx_it.o
                0x08000946                NMI_Handler
 .text.HardFault_Handler
                0x08000948        0x2 build/stm32f4xx_it.o
                0x08000948                HardFault_Handler
 .text.MemManage_Handler
                0x0800094a        0x2 build/stm32f4xx_it.o
                0x0800094a                MemManage_Handler
 .text.BusFault_Handler
                0x0800094c        0x2 build/stm32f4xx_it.o
                0x0800094c                BusFault_Handler
 .text.UsageFault_Handler
                0x0800094e        0x2 build/stm32f4xx_it.o
                0x0800094e                UsageFault_Handler
 .text.SVC_Handler
                0x08000950        0x2 build/stm32f4xx_it.o
                0x08000950                SVC_Handler
 .text.DebugMon_Handler
                0x08000952        0x2 build/stm32f4xx_it.o
                0x08000952                DebugMon_Handler
 .text.PendSV_Handler
                0x08000954        0x2 build/stm32f4xx_it.o
                0x08000954                PendSV_Handler
 .text.SysTick_Handler
                0x08000956        0x8 build/stm32f4xx_it.o
                0x08000956                SysTick_Handler
 *fill*         0x0800095e        0x2 
 .text.USART2_IRQHandler
                0x08000960       0x10 build/stm32f4xx_it.o
                0x08000960                USART2_IRQHandler
 .text.HAL_MspInit
                0x08000970       0x40 build/stm32f4xx_hal_msp.o
                0x08000970                HAL_MspInit
 .text.HAL_UART_MspInit
                0x080009b0       0x7c build/stm32f4xx_hal_msp.o
                0x080009b0                HAL_UART_MspInit
 .text.HAL_I2C_MspInit
                0x08000a2c       0x74 build/stm32f4xx_hal_msp.o
                0x08000a2c                HAL_I2C_MspInit
 .text.HAL_TIM_Base_MspInit
                0x08000aa0        0x2 build/stm32f4xx_hal_tim.o
                0x08000aa0                HAL_TIM_Base_MspInit
 .text.HAL_TIM_OC_DelayElapsedCallback
                0x08000aa2        0x2 build/stm32f4xx_hal_tim.o
                0x08000aa2                HAL_TIM_OC_DelayElapsedCallback
 .text.HAL_TIM_IC_CaptureCallback
                0x08000aa4        0x2 build/stm32f4xx_hal_tim.o
                0x08000aa4                HAL_TIM_IC_CaptureCallback
 .text.HAL_TIM_PWM_PulseFinishedCallback
                0x08000aa6        0x2 build/stm32f4xx_hal_tim.o
                0x08000aa6                HAL_TIM_PWM_PulseFinishedCallback
 .text.HAL_TIM_TriggerCallback
                0x08000aa8        0x2 build/stm32f4xx_hal_tim.o
                0x08000aa8                HAL_TIM_TriggerCallback
 .text.HAL_TIM_IRQHandler
                0x08000aaa      0x15e build/stm32f4xx_hal_tim.o
                0x08000aaa                HAL_TIM_IRQHandler
 .text.TIM_Base_SetConfig
                0x08000c08       0xa4 build/stm32f4xx_hal_tim.o
                0x08000c08                TIM_Base_SetConfig
 .text.HAL_TIM_Base_Init
                0x08000cac       0x58 build/stm32f4xx_hal_tim.o
                0x08000cac                HAL_TIM_Base_Init
 .text.HAL_TIMEx_CommutCallback
                0x08000d04        0x2 build/stm32f4xx_hal_tim_ex.o
                0x08000d04                HAL_TIMEx_CommutCallback
 .text.HAL_TIMEx_BreakCallback
                0x08000d06        0x2 build/stm32f4xx_hal_tim_ex.o
                0x08000d06                HAL_TIMEx_BreakCallback
 .text.UART_EndRxTransfer
                0x08000d08       0x5c build/stm32f4xx_hal_uart.o
 .text.UART_Transmit_IT
                0x08000d64       0x60 build/stm32f4xx_hal_uart.o
 .text.UART_SetConfig
                0x08000dc4      0x110 build/stm32f4xx_hal_uart.o
 .text.UART_WaitOnFlagUntilTimeout
                0x08000ed4       0x86 build/stm32f4xx_hal_uart.o
 .text.HAL_UART_Init
                0x08000f5a       0x60 build/stm32f4xx_hal_uart.o
                0x08000f5a                HAL_UART_Init
 .text.HAL_UART_Transmit
                0x08000fba       0xcc build/stm32f4xx_hal_uart.o
                0x08000fba                HAL_UART_Transmit
 .text.UART_EndTransmit_IT
                0x08001086       0x1a build/stm32f4xx_hal_uart.o
 .text.HAL_UART_RxCpltCallback
                0x080010a0        0x2 build/stm32f4xx_hal_uart.o
                0x080010a0                HAL_UART_RxCpltCallback
 .text.HAL_UART_ErrorCallback
                0x080010a2        0x2 build/stm32f4xx_hal_uart.o
                0x080010a2                HAL_UART_ErrorCallback
 .text.UART_DMAAbortOnError
                0x080010a4        0xe build/stm32f4xx_hal_uart.o
 .text.HAL_UARTEx_RxEventCallback
                0x080010b2        0x2 build/stm32f4xx_hal_uart.o
                0x080010b2                HAL_UARTEx_RxEventCallback
 .text.UART_Receive_IT
                0x080010b4       0xe6 build/stm32f4xx_hal_uart.o
 *fill*         0x0800119a        0x2 
 .text.HAL_UART_IRQHandler
                0x0800119c      0x2a0 build/stm32f4xx_hal_uart.o
                0x0800119c                HAL_UART_IRQHandler
 .text.HAL_RCC_OscConfig
                0x0800143c      0x3f8 build/stm32f4xx_hal_rcc.o
                0x0800143c                HAL_RCC_OscConfig
 .text.HAL_RCC_GetSysClockFreq
                0x08001834       0xdc build/stm32f4xx_hal_rcc.o
                0x08001834                HAL_RCC_GetSysClockFreq
 .text.HAL_RCC_ClockConfig
                0x08001910      0x160 build/stm32f4xx_hal_rcc.o
                0x08001910                HAL_RCC_ClockConfig
 .text.HAL_RCC_GetHCLKFreq
                0x08001a70        0xc build/stm32f4xx_hal_rcc.o
                0x08001a70                HAL_RCC_GetHCLKFreq
 .text.HAL_RCC_GetPCLK1Freq
                0x08001a7c       0x20 build/stm32f4xx_hal_rcc.o
                0x08001a7c                HAL_RCC_GetPCLK1Freq
 .text.HAL_RCC_GetPCLK2Freq
                0x08001a9c       0x20 build/stm32f4xx_hal_rcc.o
                0x08001a9c                HAL_RCC_GetPCLK2Freq
 .text.HAL_GPIO_Init
                0x08001abc      0x1c8 build/stm32f4xx_hal_gpio.o
                0x08001abc                HAL_GPIO_Init
 .text.HAL_GPIO_WritePin
                0x08001c84        0xc build/stm32f4xx_hal_gpio.o
                0x08001c84                HAL_GPIO_WritePin
 .text.HAL_GPIO_TogglePin
                0x08001c90       0x12 build/stm32f4xx_hal_gpio.o
                0x08001c90                HAL_GPIO_TogglePin
 .text.HAL_DMA_Abort
                0x08001ca2       0x94 build/stm32f4xx_hal_dma.o
                0x08001ca2                HAL_DMA_Abort
 .text.HAL_DMA_Abort_IT
                0x08001d36       0x26 build/stm32f4xx_hal_dma.o
                0x08001d36                HAL_DMA_Abort_IT
 .text.__NVIC_EnableIRQ
                0x08001d5c       0x1c build/stm32f4xx_hal_cortex.o
 .text.__NVIC_SetPriority
                0x08001d78       0x28 build/stm32f4xx_hal_cortex.o
 .text.NVIC_EncodePriority
                0x08001da0       0x3e build/stm32f4xx_hal_cortex.o
 *fill*         0x08001dde        0x2 
 .text.HAL_NVIC_SetPriorityGrouping
                0x08001de0       0x24 build/stm32f4xx_hal_cortex.o
                0x08001de0                HAL_NVIC_SetPriorityGrouping
 .text.HAL_NVIC_SetPriority
                0x08001e04       0x20 build/stm32f4xx_hal_cortex.o
                0x08001e04                HAL_NVIC_SetPriority
 .text.HAL_NVIC_EnableIRQ
                0x08001e24        0x8 build/stm32f4xx_hal_cortex.o
                0x08001e24                HAL_NVIC_EnableIRQ
 .text.HAL_SYSTICK_Config
                0x08001e2c       0x28 build/stm32f4xx_hal_cortex.o
                0x08001e2c                HAL_SYSTICK_Config
 .text.HAL_InitTick
                0x08001e54       0x4c build/stm32f4xx_hal.o
                0x08001e54                HAL_InitTick
 .text.HAL_Init
                0x08001ea0       0x34 build/stm32f4xx_hal.o
                0x08001ea0                HAL_Init
 .text.HAL_IncTick
                0x08001ed4       0x18 build/stm32f4xx_hal.o
                0x08001ed4                HAL_IncTick
 .text.HAL_GetTick
                0x08001eec        0xc build/stm32f4xx_hal.o
                0x08001eec                HAL_GetTick
 .text.HAL_Delay
                0x08001ef8       0x28 build/stm32f4xx_hal.o
                0x08001ef8                HAL_Delay
 .text.I2C_IsAcknowledgeFailed
                0x08001f20       0x32 build/stm32f4xx_hal_i2c.o
 .text.I2C_WaitOnFlagUntilTimeout
                0x08001f52       0xaa build/stm32f4xx_hal_i2c.o
 .text.I2C_WaitOnMasterAddressFlagUntilTimeout
                0x08001ffc       0xd6 build/stm32f4xx_hal_i2c.o
 .text.I2C_WaitOnTXEFlagUntilTimeout
                0x080020d2       0x5e build/stm32f4xx_hal_i2c.o
 .text.I2C_RequestMemoryWrite
                0x08002130       0xd8 build/stm32f4xx_hal_i2c.o
 .text.I2C_RequestMemoryRead
                0x08002208      0x154 build/stm32f4xx_hal_i2c.o
 .text.I2C_WaitOnBTFFlagUntilTimeout
                0x0800235c       0x5e build/stm32f4xx_hal_i2c.o
 .text.I2C_WaitOnRXNEFlagUntilTimeout
                0x080023ba       0x78 build/stm32f4xx_hal_i2c.o
 *fill*         0x08002432        0x2 
 .text.HAL_I2C_Init
                0x08002434      0x1bc build/stm32f4xx_hal_i2c.o
                0x08002434                HAL_I2C_Init
 .text.HAL_I2C_Mem_Write
                0x080025f0      0x164 build/stm32f4xx_hal_i2c.o
                0x080025f0                HAL_I2C_Mem_Write
 .text.HAL_I2C_Mem_Read
                0x08002754      0x2f8 build/stm32f4xx_hal_i2c.o
                0x08002754                HAL_I2C_Mem_Read
 .text.HAL_I2C_IsDeviceReady
                0x08002a4c      0x194 build/stm32f4xx_hal_i2c.o
                0x08002a4c                HAL_I2C_IsDeviceReady
 .text.SystemInit
                0x08002be0       0x14 build/system_stm32f4xx.o
                0x08002be0                SystemInit
 .text._sbrk    0x08002bf4       0x48 build/sysmem.o
                0x08002bf4                _sbrk
 .text.Reset_Handler
                0x08002c3c       0x50 build/startup_stm32f411xe.o
                0x08002c3c                Reset_Handler
 .text.Default_Handler
                0x08002c8c        0x2 build/startup_stm32f411xe.o
                0x08002c8c                DMA1_Stream3_IRQHandler
                0x08002c8c                EXTI2_IRQHandler
                0x08002c8c                SPI4_IRQHandler
                0x08002c8c                TIM1_CC_IRQHandler
                0x08002c8c                DMA2_Stream5_IRQHandler
                0x08002c8c                DMA1_Stream5_IRQHandler
                0x08002c8c                PVD_IRQHandler
                0x08002c8c                SDIO_IRQHandler
                0x08002c8c                TAMP_STAMP_IRQHandler
                0x08002c8c                EXTI3_IRQHandler
                0x08002c8c                TIM1_UP_TIM10_IRQHandler
                0x08002c8c                I2C3_ER_IRQHandler
                0x08002c8c                EXTI0_IRQHandler
                0x08002c8c                I2C2_EV_IRQHandler
                0x08002c8c                DMA1_Stream2_IRQHandler
                0x08002c8c                FPU_IRQHandler
                0x08002c8c                DMA2_Stream2_IRQHandler
                0x08002c8c                SPI1_IRQHandler
                0x08002c8c                TIM1_BRK_TIM9_IRQHandler
                0x08002c8c                DMA2_Stream3_IRQHandler
                0x08002c8c                USART6_IRQHandler
                0x08002c8c                DMA2_Stream0_IRQHandler
                0x08002c8c                TIM4_IRQHandler
                0x08002c8c                I2C1_EV_IRQHandler
                0x08002c8c                DMA1_Stream6_IRQHandler
                0x08002c8c                DMA1_Stream1_IRQHandler
                0x08002c8c                TIM3_IRQHandler
                0x08002c8c                RCC_IRQHandler
                0x08002c8c                Default_Handler
                0x08002c8c                EXTI15_10_IRQHandler
                0x08002c8c                ADC_IRQHandler
                0x08002c8c                DMA1_Stream7_IRQHandler
                0x08002c8c                SPI5_IRQHandler
                0x08002c8c                TIM5_IRQHandler
                0x08002c8c                DMA2_Stream7_IRQHandler
                0x08002c8c                I2C3_EV_IRQHandler
                0x08002c8c                EXTI9_5_IRQHandler
                0x08002c8c                RTC_WKUP_IRQHandler
                0x08002c8c                SPI2_IRQHandler
                0x08002c8c                DMA1_Stream0_IRQHandler
                0x08002c8c                EXTI4_IRQHandler
                0x08002c8c                WWDG_IRQHandler
                0x08002c8c                OTG_FS_WKUP_IRQHandler
                0x08002c8c                TIM1_TRG_COM_TIM11_IRQHandler
                0x08002c8c                EXTI1_IRQHandler
                0x08002c8c                I2C2_ER_IRQHandler
                0x08002c8c                DMA2_Stream1_IRQHandler
                0x08002c8c                FLASH_IRQHandler
                0x08002c8c                DMA2_Stream4_IRQHandler
                0x08002c8c                USART1_IRQHandler
                0x08002c8c                OTG_FS_IRQHandler
                0x08002c8c                SPI3_IRQHandler
                0x08002c8c                DMA1_Stream4_IRQHandler
                0x08002c8c                I2C1_ER_IRQHandler
                0x08002c8c                DMA2_Stream6_IRQHandler
                0x08002c8c                RTC_Alarm_IRQHandler
 *fill*         0x08002c8e        0x2 
 .text.sprintf  0x08002c90       0x44 /Applications/ArmGNUToolchain/13.3.rel1/arm-none-eabi/bin/../lib/gcc/arm-none-eabi/13.3.1/../../../../arm-none-eabi/lib/thumb/v7e-m+fp/hard/libc_nano.a(libc_a-sprintf.o)
                0x08002c90                sprintf
                0x08002c90                siprintf
 .text.memset   0x08002cd4       0x10 /Applications/ArmGNUToolchain/13.3.rel1/arm-none-eabi/bin/../lib/gcc/arm-none-eabi/13.3.1/../../../../arm-none-eabi/lib/thumb/v7e-m+fp/hard/libc_nano.a(libc_a-memset.o)
                0x08002cd4                memset
 .text.__errno  0x08002ce4        0xc /Applications/ArmGNUToolchain/13.3.rel1/arm-none-eabi/bin/../lib/gcc/arm-none-eabi/13.3.1/../../../../arm-none-eabi/lib/thumb/v7e-m+fp/hard/libc_nano.a(libc_a-errno.o)
                0x08002ce4                __errno
 .text.__libc_init_array
                0x08002cf0       0x48 /Applications/ArmGNUToolchain/13.3.rel1/arm-none-eabi/bin/../lib/gcc/arm-none-eabi/13.3.1/../../../../arm-none-eabi/lib/thumb/v7e-m+fp/hard/libc_nano.a(libc_a-init.o)
                0x08002cf0                __libc_init_array
 .text.__retarget_lock_acquire_recursive
                0x08002d38        0x2 /Applications/ArmGNUToolchain/13.3.rel1/arm-none-eabi/bin/../lib/gcc/arm-none-eabi/13.3.1/../../../../arm-none-eabi/lib/thumb/v7e-m+fp/hard/libc_nano.a(libc_a-lock.o)
                0x08002d38                __retarget_lock_acquire_recursive
 .text.__retarget_lock_release_recursive
                0x08002d3a        0x2 /Applications/ArmGNUToolchain/13.3.rel1/arm-none-eabi/bin/../lib/gcc/arm-none-eabi/13.3.1/../../../../arm-none-eabi/lib/thumb/v7e-m+fp/hard/libc_nano.a(libc_a-lock.o)
                0x08002d3a                __retarget_lock_release_recursive
 .text.__ssputs_r
                0x08002d3c       0xb6 /Applications/ArmGNUToolchain/13.3.rel1/arm-none-eabi/bin/../lib/gcc/arm-none-eabi/13.3.1/../../../../arm-none-eabi/lib/thumb/v7e-m+fp/hard/libc_nano.a(libc_a-nano-svfprintf.o)
                0x08002d3c                __ssputs_r
 *fill*         0x08002df2        0x2 
 .text._svfprintf_r
                0x08002df4      0x1f8 /Applications/ArmGNUToolchain/13.3.rel1/arm-none-eabi/bin/../lib/gcc/arm-none-eabi/13.3.1/../../../../arm-none-eabi/lib/thumb/v7e-m+fp/hard/libc_nano.a(libc_a-nano-svfprintf.o)
                0x08002df4                _svfprintf_r
                0x08002df4                _svfiprintf_r
 .text.sbrk_aligned
                0x08002fec       0x44 /Applications/ArmGNUToolchain/13.3.rel1/arm-none-eabi/bin/../lib/gcc/arm-none-eabi/13.3.1/../../../../arm-none-eabi/lib/thumb/v7e-m+fp/hard/libc_nano.a(libc_a-mallocr.o)
 .text._malloc_r
                0x08003030      0x100 /Applications/ArmGNUToolchain/13.3.rel1/arm-none-eabi/bin/../lib/gcc/arm-none-eabi/13.3.1/../../../../arm-none-eabi/lib/thumb/v7e-m+fp/hard/libc_nano.a(libc_a-mallocr.o)
                0x08003030                _malloc_r
 .text._printf_common
                0x08003130       0xda /Applications/ArmGNUToolchain/13.3.rel1/arm-none-eabi/bin/../lib/gcc/arm-none-eabi/13.3.1/../../../../arm-none-eabi/lib/thumb/v7e-m+fp/hard/libc_nano.a(libc_a-nano-vfprintf_i.o)
                0x08003130                _printf_common
 *fill*         0x0800320a        0x2 
 .text._printf_i
                0x0800320c      0x23c /Applications/ArmGNUToolchain/13.3.rel1/arm-none-eabi/bin/../lib/gcc/arm-none-eabi/13.3.1/../../../../arm-none-eabi/lib/thumb/v7e-m+fp/hard/libc_nano.a(libc_a-nano-vfprintf_i.o)
                0x0800320c                _printf_i
 .text.__malloc_lock
                0x08003448        0xc /Applications/ArmGNUToolchain/13.3.rel1/arm-none-eabi/bin/../lib/gcc/arm-none-eabi/13.3.1/../../../../arm-none-eabi/lib/thumb/v7e-m+fp/hard/libc_nano.a(libc_a-mlock.o)
                0x08003448                __malloc_lock
 .text.__malloc_unlock
                0x08003454        0xc /Applications/ArmGNUToolchain/13.3.rel1/arm-none-eabi/bin/../lib/gcc/arm-none-eabi/13.3.1/../../../../arm-none-eabi/lib/thumb/v7e-m+fp/hard/libc_nano.a(libc_a-mlock.o)
                0x08003454                __malloc_unlock
 .text._realloc_r
                0x08003460       0x5c /Applications/ArmGNUToolchain/13.3.rel1/arm-none-eabi/bin/../lib/gcc/arm-none-eabi/13.3.1/../../../../arm-none-eabi/lib/thumb/v7e-m+fp/hard/libc_nano.a(libc_a-reallocr.o)
                0x08003460                _realloc_r
 .text.memmove  0x080034bc       0x34 /Applications/ArmGNUToolchain/13.3.rel1/arm-none-eabi/bin/../lib/gcc/arm-none-eabi/13.3.1/../../../../arm-none-eabi/lib/thumb/v7e-m+fp/hard/libc_nano.a(libc_a-memmove.o)
                0x080034bc                memmove
 .text._sbrk_r  0x080034f0       0x20 /Applications/ArmGNUToolchain/13.3.rel1/arm-none-eabi/bin/../lib/gcc/arm-none-eabi/13.3.1/../../../../arm-none-eabi/lib/thumb/v7e-m+fp/hard/libc_nano.a(libc_a-sbrkr.o)
                0x080034f0                _sbrk_r
 .text.memcpy   0x08003510       0x1c /Applications/ArmGNUToolchain/13.3.rel1/arm-none-eabi/bin/../lib/gcc/arm-none-eabi/13.3.1/../../../../arm-none-eabi/lib/thumb/v7e-m+fp/hard/libc_nano.a(libc_a-memcpy-stub.o)
                0x08003510                memcpy
 .text._free_r  0x0800352c       0x94 /Applications/ArmGNUToolchain/13.3.rel1/arm-none-eabi/bin/../lib/gcc/arm-none-eabi/13.3.1/../../../../arm-none-eabi/lib/thumb/v7e-m+fp/hard/libc_nano.a(libc_a-freer.o)
                0x0800352c                _free_r
 .text._malloc_usable_size_r
                0x080035c0       0x10 /Applications/ArmGNUToolchain/13.3.rel1/arm-none-eabi/bin/../lib/gcc/arm-none-eabi/13.3.1/../../../../arm-none-eabi/lib/thumb/v7e-m+fp/hard/libc_nano.a(libc_a-msizer.o)
                0x080035c0                _malloc_usable_size_r
 .text.__udivmoddi4
                0x080035d0      0x2bc /Applications/ArmGNUToolchain/13.3.rel1/arm-none-eabi/bin/../lib/gcc/arm-none-eabi/13.3.1/thumb/v7e-m+fp/hard/libgcc.a(_udivmoddi4.o)
                0x080035d0                __udivmoddi4
 *(.glue_7)
 .glue_7        0x0800388c        0x0 linker stubs
 *(.glue_7t)
 .glue_7t       0x0800388c        0x0 linker stubs
 *(.eh_frame)
 .eh_frame      0x0800388c        0x0 /Applications/ArmGNUToolchain/13.3.rel1/arm-none-eabi/bin/../lib/gcc/arm-none-eabi/13.3.1/thumb/v7e-m+fp/hard/crtbegin.o
 *(.init)
 .init          0x0800388c        0x4 /Applications/ArmGNUToolchain/13.3.rel1/arm-none-eabi/bin/../lib/gcc/arm-none-eabi/13.3.1/thumb/v7e-m+fp/hard/crti.o
                0x0800388c                _init
 .init          0x08003890        0x8 /Applications/ArmGNUToolchain/13.3.rel1/arm-none-eabi/bin/../lib/gcc/arm-none-eabi/13.3.1/thumb/v7e-m+fp/hard/crtn.o
 *(.fini)
 .fini          0x08003898        0x4 /Applications/ArmGNUToolchain/13.3.rel1/arm-none-eabi/bin/../lib/gcc/arm-none-eabi/13.3.1/thumb/v7e-m+fp/hard/crti.o
                0x08003898                _fini
 .fini          0x0800389c        0x8 /Applications/ArmGNUToolchain/13.3.rel1/arm-none-eabi/bin/../lib/gcc/arm-none-eabi/13.3.1/thumb/v7e-m+fp/hard/crtn.o
                0x080038a4                        . = ALIGN (0x4)
                0x080038a4                        _etext = .

.vfp11_veneer   0x080038a4        0x0
 .vfp11_veneer  0x080038a4        0x0 linker stubs

.v4_bx          0x080038a4        0x0
 .v4_bx         0x080038a4        0x0 linker stubs

.iplt           0x080038a4        0x0
 .iplt          0x080038a4        0x0 /Applications/ArmGNUToolchain/13.3.rel1/arm-none-eabi/bin/../lib/gcc/arm-none-eabi/13.3.1/thumb/v7e-m+fp/hard/crtbegin.o

.rodata         0x080038a4      0x524
                0x080038a4                        . = ALIGN (0x4)
 *(.rodata)
 .rodata        0x080038a4        0x8 build/gpio_handler.o
 *(.rodata*)
 .rodata.main.str1.4
                0x080038ac      0x4d0 build/main.o
                                0x1f7 (size before relaxing)
 .rodata.MX_I2C1_Init.str1.4
                0x08003d7c       0x6b build/i2c_handler.o
 .rodata.I2C_connectivity_check.str1.4
                0x08003d7c       0xda build/i2c_handler.o
 .rodata.I2C_ACC_Enable.str1.4
                0x08003d7c       0x5f build/i2c_handler.o
 .rodata.BVAT_I2C_Init.str1.4
                0x08003d7c       0x98 build/i2c_handler.o
 .rodata.readACC.str1.4
                0x08003d7c       0x2b build/i2c_handler.o
 .rodata.read_I2C_Blocking.str1.4
                0x08003d7c       0x6c build/i2c_handler.o
 .rodata.APBPrescTable
                0x08003d7c        0x8 build/system_stm32f4xx.o
                0x08003d7c                APBPrescTable
 .rodata.AHBPrescTable
                0x08003d84       0x10 build/system_stm32f4xx.o
                0x08003d84                AHBPrescTable
 .rodata._svfprintf_r.str1.1
                0x08003d94       0x33 /Applications/ArmGNUToolchain/13.3.rel1/arm-none-eabi/bin/../lib/gcc/arm-none-eabi/13.3.1/../../../../arm-none-eabi/lib/thumb/v7e-m+fp/hard/libc_nano.a(libc_a-nano-svfprintf.o)
                                 0x11 (size before relaxing)
 .rodata._printf_i.str1.1
                0x08003dc7       0x22 /Applications/ArmGNUToolchain/13.3.rel1/arm-none-eabi/bin/../lib/gcc/arm-none-eabi/13.3.1/../../../../arm-none-eabi/lib/thumb/v7e-m+fp/hard/libc_nano.a(libc_a-nano-vfprintf_i.o)
                0x08003e58                        . = ALIGN (0x4)
 *fill*         0x08003dc7        0x1 

.ARM.extab
 *(.ARM.extab* .gnu.linkonce.armextab.*)

.ARM            0x08003dc8        0x8
                0x08003dc8                        __exidx_start = .
 *(.ARM.exidx*)
 .ARM.exidx     0x08003dc8        0x8 /Applications/ArmGNUToolchain/13.3.rel1/arm-none-eabi/bin/../lib/gcc/arm-none-eabi/13.3.1/../../../../arm-none-eabi/lib/thumb/v7e-m+fp/hard/libc_nano.a(libc_a-strlen.o)
 .ARM.exidx     0x08003dd0        0x0 /Applications/ArmGNUToolchain/13.3.rel1/arm-none-eabi/bin/../lib/gcc/arm-none-eabi/13.3.1/../../../../arm-none-eabi/lib/thumb/v7e-m+fp/hard/libc_nano.a(libc_a-memchr.o)
                                  0x8 (size before relaxing)
 .ARM.exidx.text.__udivmoddi4
                0x08003dd0        0x0 /Applications/ArmGNUToolchain/13.3.rel1/arm-none-eabi/bin/../lib/gcc/arm-none-eabi/13.3.1/thumb/v7e-m+fp/hard/libgcc.a(_udivmoddi4.o)
                                  0x8 (size before relaxing)
                0x08003dd0                        __exidx_end = .

.rel.dyn        0x08003dd0        0x0
 .rel.iplt      0x08003dd0        0x0 /Applications/ArmGNUToolchain/13.3.rel1/arm-none-eabi/bin/../lib/gcc/arm-none-eabi/13.3.1/thumb/v7e-m+fp/hard/crtbegin.o

.preinit_array  0x08003dd0        0x0
                0x08003dd0                        PROVIDE (__preinit_array_start = .)
 *(.preinit_array*)
                0x08003dd0                        PROVIDE (__preinit_array_end = .)

.init_array     0x08003dd0        0x4
                0x08003dd0                        PROVIDE (__init_array_start = .)
 *(SORT_BY_NAME(.init_array.*))
 *(.init_array*)
 .init_array    0x08003dd0        0x4 /Applications/ArmGNUToolchain/13.3.rel1/arm-none-eabi/bin/../lib/gcc/arm-none-eabi/13.3.1/thumb/v7e-m+fp/hard/crtbegin.o
                0x08003dd4                        PROVIDE (__init_array_end = .)

.fini_array     0x08003dd4        0x4
                [!provide]                        PROVIDE (__fini_array_start = .)
 *(SORT_BY_NAME(.fini_array.*))
 *(.fini_array*)
 .fini_array    0x08003dd4        0x4 /Applications/ArmGNUToolchain/13.3.rel1/arm-none-eabi/bin/../lib/gcc/arm-none-eabi/13.3.1/thumb/v7e-m+fp/hard/crtbegin.o
                [!provide]                        PROVIDE (__fini_array_end = .)
                0x08003dd8                        _sidata = LOADADDR (.data)

.data           0x20000000       0x5c load address 0x08003dd8
                0x20000000                        . = ALIGN (0x4)
                0x20000000                        _sdata = .
 *(.data)
 *(.data*)
 .data.uwTickFreq
                0x20000000        0x1 build/stm32f4xx_hal.o
                0x20000000                uwTickFreq
 *fill*         0x20000001        0x3 
 .data.uwTickPrio
                0x20000004        0x4 build/stm32f4xx_hal.o
                0x20000004                uwTickPrio
 .data.SystemCoreClock
                0x20000008        0x4 build/system_stm32f4xx.o
                0x20000008                SystemCoreClock
 .data._impure_ptr
                0x2000000c        0x4 /Applications/ArmGNUToolchain/13.3.rel1/arm-none-eabi/bin/../lib/gcc/arm-none-eabi/13.3.1/../../../../arm-none-eabi/lib/thumb/v7e-m+fp/hard/libc_nano.a(libc_a-impure.o)
                0x2000000c                _impure_ptr
 .data._impure_data
                0x20000010       0x4c /Applications/ArmGNUToolchain/13.3.rel1/arm-none-eabi/bin/../lib/gcc/arm-none-eabi/13.3.1/../../../../arm-none-eabi/lib/thumb/v7e-m+fp/hard/libc_nano.a(libc_a-impure.o)
                0x20000010                _impure_data
                0x2000005c                        . = ALIGN (0x4)
                0x2000005c                        _edata = .

.tm_clone_table
                0x2000005c        0x0 load address 0x08003e34
 .tm_clone_table
                0x2000005c        0x0 /Applications/ArmGNUToolchain/13.3.rel1/arm-none-eabi/bin/../lib/gcc/arm-none-eabi/13.3.1/thumb/v7e-m+fp/hard/crtbegin.o
 .tm_clone_table
                0x2000005c        0x0 /Applications/ArmGNUToolchain/13.3.rel1/arm-none-eabi/bin/../lib/gcc/arm-none-eabi/13.3.1/thumb/v7e-m+fp/hard/crtend.o

.igot.plt       0x2000005c        0x0 load address 0x08003e34
 .igot.plt      0x2000005c        0x0 /Applications/ArmGNUToolchain/13.3.rel1/arm-none-eabi/bin/../lib/gcc/arm-none-eabi/13.3.1/thumb/v7e-m+fp/hard/crtbegin.o
                0x2000005c                        . = ALIGN (0x4)

.bss            0x2000005c      0x3a0 load address 0x08003e34
                0x2000005c                        _sbss = .
                0x2000005c                        __bss_start__ = _sbss
 *(.bss)
 *(.bss*)
 .bss.completed.1
                0x2000005c        0x1 /Applications/ArmGNUToolchain/13.3.rel1/arm-none-eabi/bin/../lib/gcc/arm-none-eabi/13.3.1/thumb/v7e-m+fp/hard/crtbegin.o
 *fill*         0x2000005d        0x3 
 .bss.object.0  0x20000060       0x18 /Applications/ArmGNUToolchain/13.3.rel1/arm-none-eabi/bin/../lib/gcc/arm-none-eabi/13.3.1/thumb/v7e-m+fp/hard/crtbegin.o
 .bss.g_builtinLed
                0x20000078        0xc build/gpio_handler.o
                0x20000078                g_builtinLed
 .bss.temp_buffer.2
                0x20000084       0x80 build/i2c_handler.o
 .bss.err_buf.3
                0x20000104       0x40 build/i2c_handler.o
 .bss.err_buf.4
                0x20000144       0x40 build/i2c_handler.o
 .bss.msg_buffer.5
                0x20000184       0x40 build/i2c_handler.o
 .bss.acc_enabled
                0x200001c4        0x1 build/i2c_handler.o
                0x200001c4                acc_enabled
 *fill*         0x200001c5        0x3 
 .bss.hi2c1     0x200001c8       0x54 build/i2c_handler.o
                0x200001c8                hi2c1
 .bss.htim2     0x2000021c       0x48 build/timer.o
                0x2000021c                htim2
 .bss.huart2    0x20000264       0x48 build/uart_handler.o
                0x20000264                huart2
 .bss.uwTick    0x200002ac        0x4 build/stm32f4xx_hal.o
                0x200002ac                uwTick
 .bss.__sbrk_heap_end
                0x200002b0        0x4 build/sysmem.o
 .bss.__sf      0x200002b4      0x138 /Applications/ArmGNUToolchain/13.3.rel1/arm-none-eabi/bin/../lib/gcc/arm-none-eabi/13.3.1/../../../../arm-none-eabi/lib/thumb/v7e-m+fp/hard/libc_nano.a(libc_a-findfp.o)
                0x200002b4                __sf
 .bss.__lock___malloc_recursive_mutex
                0x200003ec        0x1 /Applications/ArmGNUToolchain/13.3.rel1/arm-none-eabi/bin/../lib/gcc/arm-none-eabi/13.3.1/../../../../arm-none-eabi/lib/thumb/v7e-m+fp/hard/libc_nano.a(libc_a-lock.o)
                0x200003ec                __lock___malloc_recursive_mutex
 *fill*         0x200003ed        0x3 
 .bss.__malloc_sbrk_start
                0x200003f0        0x4 /Applications/ArmGNUToolchain/13.3.rel1/arm-none-eabi/bin/../lib/gcc/arm-none-eabi/13.3.1/../../../../arm-none-eabi/lib/thumb/v7e-m+fp/hard/libc_nano.a(libc_a-mallocr.o)
                0x200003f0                __malloc_sbrk_start
 .bss.__malloc_free_list
                0x200003f4        0x4 /Applications/ArmGNUToolchain/13.3.rel1/arm-none-eabi/bin/../lib/gcc/arm-none-eabi/13.3.1/../../../../arm-none-eabi/lib/thumb/v7e-m+fp/hard/libc_nano.a(libc_a-mallocr.o)
                0x200003f4                __malloc_free_list
 .bss.errno     0x200003f8        0x4 /Applications/ArmGNUToolchain/13.3.rel1/arm-none-eabi/bin/../lib/gcc/arm-none-eabi/13.3.1/../../../../arm-none-eabi/lib/thumb/v7e-m+fp/hard/libc_nano.a(libc_a-reent.o)
                0x200003f8                errno
 *(COMMON)
                0x200003fc                        . = ALIGN (0x4)
                0x200003fc                        _ebss = .
                0x200003fc                        __bss_end__ = _ebss

._user_heap_stack
                0x200003fc      0x604 load address 0x08003e34
                0x20000400                        . = ALIGN (0x8)
 *fill*         0x200003fc        0x4 
                [!provide]                        PROVIDE (end = .)
                0x20000400                        PROVIDE (_end = .)
                0x20000600                        . = (. + _Min_Heap_Size)
 *fill*         0x20000400      0x200 
                0x20000a00                        . = (. + _Min_Stack_Size)
 *fill*         0x20000600      0x400 
                0x20000a00                        . = ALIGN (0x8)

/DISCARD/
 libc.a(*)
 libm.a(*)
 libgcc.a(*)

.ARM.attributes
                0x00000000       0x30
 *(.ARM.attributes)
 .ARM.attributes
                0x00000000       0x22 /Applications/ArmGNUToolchain/13.3.rel1/arm-none-eabi/bin/../lib/gcc/arm-none-eabi/13.3.1/thumb/v7e-m+fp/hard/crti.o
 .ARM.attributes
                0x00000022       0x34 /Applications/ArmGNUToolchain/13.3.rel1/arm-none-eabi/bin/../lib/gcc/arm-none-eabi/13.3.1/thumb/v7e-m+fp/hard/crtbegin.o
 .ARM.attributes
                0x00000056       0x34 build/main.o
 .ARM.attributes
                0x0000008a       0x34 build/aml_hal.o
 .ARM.attributes
                0x000000be       0x34 build/gpio_handler.o
 .ARM.attributes
                0x000000f2       0x34 build/i2c_handler.o
 .ARM.attributes
                0x00000126       0x34 build/timer.o
 .ARM.attributes
                0x0000015a       0x34 build/uart_handler.o
 .ARM.attributes
                0x0000018e       0x34 build/stm32f4xx_it.o
 .ARM.attributes
                0x000001c2       0x34 build/stm32f4xx_hal_msp.o
 .ARM.attributes
                0x000001f6       0x34 build/stm32f4xx_hal_tim.o
 .ARM.attributes
                0x0000022a       0x34 build/stm32f4xx_hal_tim_ex.o
 .ARM.attributes
                0x0000025e       0x34 build/stm32f4xx_hal_uart.o
 .ARM.attributes
                0x00000292       0x34 build/stm32f4xx_hal_rcc.o
 .ARM.attributes
                0x000002c6       0x34 build/stm32f4xx_hal_gpio.o
 .ARM.attributes
                0x000002fa       0x34 build/stm32f4xx_hal_dma.o
 .ARM.attributes
                0x0000032e       0x34 build/stm32f4xx_hal_cortex.o
 .ARM.attributes
                0x00000362       0x34 build/stm32f4xx_hal.o
 .ARM.attributes
                0x00000396       0x34 build/stm32f4xx_hal_i2c.o
 .ARM.attributes
                0x000003ca       0x34 build/system_stm32f4xx.o
 .ARM.attributes
                0x000003fe       0x34 build/sysmem.o
 .ARM.attributes
                0x00000432       0x21 build/startup_stm32f411xe.o
 .ARM.attributes
                0x00000453       0x34 /Applications/ArmGNUToolchain/13.3.rel1/arm-none-eabi/bin/../lib/gcc/arm-none-eabi/13.3.1/../../../../arm-none-eabi/lib/thumb/v7e-m+fp/hard/libc_nano.a(libc_a-sprintf.o)
 .ARM.attributes
                0x00000487       0x34 /Applications/ArmGNUToolchain/13.3.rel1/arm-none-eabi/bin/../lib/gcc/arm-none-eabi/13.3.1/../../../../arm-none-eabi/lib/thumb/v7e-m+fp/hard/libc_nano.a(libc_a-findfp.o)
 .ARM.attributes
                0x000004bb       0x34 /Applications/ArmGNUToolchain/13.3.rel1/arm-none-eabi/bin/../lib/gcc/arm-none-eabi/13.3.1/../../../../arm-none-eabi/lib/thumb/v7e-m+fp/hard/libc_nano.a(libc_a-memset.o)
 .ARM.attributes
                0x000004ef       0x34 /Applications/ArmGNUToolchain/13.3.rel1/arm-none-eabi/bin/../lib/gcc/arm-none-eabi/13.3.1/../../../../arm-none-eabi/lib/thumb/v7e-m+fp/hard/libc_nano.a(libc_a-errno.o)
 .ARM.attributes
                0x00000523       0x34 /Applications/ArmGNUToolchain/13.3.rel1/arm-none-eabi/bin/../lib/gcc/arm-none-eabi/13.3.1/../../../../arm-none-eabi/lib/thumb/v7e-m+fp/hard/libc_nano.a(libc_a-init.o)
 .ARM.attributes
                0x00000557       0x34 /Applications/ArmGNUToolchain/13.3.rel1/arm-none-eabi/bin/../lib/gcc/arm-none-eabi/13.3.1/../../../../arm-none-eabi/lib/thumb/v7e-m+fp/hard/libc_nano.a(libc_a-lock.o)
 .ARM.attributes
                0x0000058b       0x34 /Applications/ArmGNUToolchain/13.3.rel1/arm-none-eabi/bin/../lib/gcc/arm-none-eabi/13.3.1/../../../../arm-none-eabi/lib/thumb/v7e-m+fp/hard/libc_nano.a(libc_a-impure.o)
 .ARM.attributes
                0x000005bf       0x17 /Applications/ArmGNUToolchain/13.3.rel1/arm-none-eabi/bin/../lib/gcc/arm-none-eabi/13.3.1/../../../../arm-none-eabi/lib/thumb/v7e-m+fp/hard/libc_nano.a(libc_a-strlen.o)
 .ARM.attributes
                0x000005d6       0x34 /Applications/ArmGNUToolchain/13.3.rel1/arm-none-eabi/bin/../lib/gcc/arm-none-eabi/13.3.1/../../../../arm-none-eabi/lib/thumb/v7e-m+fp/hard/libc_nano.a(libc_a-nano-svfprintf.o)
 .ARM.attributes
                0x0000060a       0x34 /Applications/ArmGNUToolchain/13.3.rel1/arm-none-eabi/bin/../lib/gcc/arm-none-eabi/13.3.1/../../../../arm-none-eabi/lib/thumb/v7e-m+fp/hard/libc_nano.a(libc_a-mallocr.o)
 .ARM.attributes
                0x0000063e       0x34 /Applications/ArmGNUToolchain/13.3.rel1/arm-none-eabi/bin/../lib/gcc/arm-none-eabi/13.3.1/../../../../arm-none-eabi/lib/thumb/v7e-m+fp/hard/libc_nano.a(libc_a-nano-vfprintf_i.o)
 .ARM.attributes
                0x00000672       0x34 /Applications/ArmGNUToolchain/13.3.rel1/arm-none-eabi/bin/../lib/gcc/arm-none-eabi/13.3.1/../../../../arm-none-eabi/lib/thumb/v7e-m+fp/hard/libc_nano.a(libc_a-mlock.o)
 .ARM.attributes
                0x000006a6       0x34 /Applications/ArmGNUToolchain/13.3.rel1/arm-none-eabi/bin/../lib/gcc/arm-none-eabi/13.3.1/../../../../arm-none-eabi/lib/thumb/v7e-m+fp/hard/libc_nano.a(libc_a-reallocr.o)
 .ARM.attributes
                0x000006da       0x34 /Applications/ArmGNUToolchain/13.3.rel1/arm-none-eabi/bin/../lib/gcc/arm-none-eabi/13.3.1/../../../../arm-none-eabi/lib/thumb/v7e-m+fp/hard/libc_nano.a(libc_a-memmove.o)
 .ARM.attributes
                0x0000070e       0x34 /Applications/ArmGNUToolchain/13.3.rel1/arm-none-eabi/bin/../lib/gcc/arm-none-eabi/13.3.1/../../../../arm-none-eabi/lib/thumb/v7e-m+fp/hard/libc_nano.a(libc_a-sbrkr.o)
 .ARM.attributes
                0x00000742       0x34 /Applications/ArmGNUToolchain/13.3.rel1/arm-none-eabi/bin/../lib/gcc/arm-none-eabi/13.3.1/../../../../arm-none-eabi/lib/thumb/v7e-m+fp/hard/libc_nano.a(libc_a-reent.o)
 .ARM.attributes
                0x00000776       0x1c /Applications/ArmGNUToolchain/13.3.rel1/arm-none-eabi/bin/../lib/gcc/arm-none-eabi/13.3.1/../../../../arm-none-eabi/lib/thumb/v7e-m+fp/hard/libc_nano.a(libc_a-memchr.o)
 .ARM.attributes
                0x00000792       0x34 /Applications/ArmGNUToolchain/13.3.rel1/arm-none-eabi/bin/../lib/gcc/arm-none-eabi/13.3.1/../../../../arm-none-eabi/lib/thumb/v7e-m+fp/hard/libc_nano.a(libc_a-memcpy-stub.o)
 .ARM.attributes
                0x000007c6       0x34 /Applications/ArmGNUToolchain/13.3.rel1/arm-none-eabi/bin/../lib/gcc/arm-none-eabi/13.3.1/../../../../arm-none-eabi/lib/thumb/v7e-m+fp/hard/libc_nano.a(libc_a-freer.o)
 .ARM.attributes
                0x000007fa       0x34 /Applications/ArmGNUToolchain/13.3.rel1/arm-none-eabi/bin/../lib/gcc/arm-none-eabi/13.3.1/../../../../arm-none-eabi/lib/thumb/v7e-m+fp/hard/libc_nano.a(libc_a-msizer.o)
 .ARM.attributes
                0x0000082e       0x22 /Applications/ArmGNUToolchain/13.3.rel1/arm-none-eabi/bin/../lib/gcc/arm-none-eabi/13.3.1/thumb/v7e-m+fp/hard/libgcc.a(_aeabi_uldivmod.o)
 .ARM.attributes
                0x00000850       0x34 /Applications/ArmGNUToolchain/13.3.rel1/arm-none-eabi/bin/../lib/gcc/arm-none-eabi/13.3.1/thumb/v7e-m+fp/hard/libgcc.a(_udivmoddi4.o)
 .ARM.attributes
                0x00000884       0x22 /Applications/ArmGNUToolchain/13.3.rel1/arm-none-eabi/bin/../lib/gcc/arm-none-eabi/13.3.1/thumb/v7e-m+fp/hard/libgcc.a(_dvmd_tls.o)
 .ARM.attributes
                0x000008a6       0x34 /Applications/ArmGNUToolchain/13.3.rel1/arm-none-eabi/bin/../lib/gcc/arm-none-eabi/13.3.1/thumb/v7e-m+fp/hard/crtend.o
 .ARM.attributes
                0x000008da       0x22 /Applications/ArmGNUToolchain/13.3.rel1/arm-none-eabi/bin/../lib/gcc/arm-none-eabi/13.3.1/thumb/v7e-m+fp/hard/crtn.o
OUTPUT(build/aml-bvat-acc.elf elf32-littlearm)
LOAD linker stubs
LOAD /Applications/ArmGNUToolchain/13.3.rel1/arm-none-eabi/bin/../lib/gcc/arm-none-eabi/13.3.1/../../../../arm-none-eabi/lib/thumb/v7e-m+fp/hard/libc.a
LOAD /Applications/ArmGNUToolchain/13.3.rel1/arm-none-eabi/bin/../lib/gcc/arm-none-eabi/13.3.1/../../../../arm-none-eabi/lib/thumb/v7e-m+fp/hard/libm.a
LOAD /Applications/ArmGNUToolchain/13.3.rel1/arm-none-eabi/bin/../lib/gcc/arm-none-eabi/13.3.1/thumb/v7e-m+fp/hard/libgcc.a

.debug_info     0x00000000    0x172b0
 .debug_info    0x00000000      0x400 build/main.o
 .debug_info    0x00000400      0x37e build/aml_hal.o
 .debug_info    0x0000077e      0x8d6 build/gpio_handler.o
 .debug_info    0x00001054     0x10d8 build/i2c_handler.o
 .debug_info    0x0000212c      0xdb7 build/timer.o
 .debug_info    0x00002ee3      0x8db build/uart_handler.o
 .debug_info    0x000037be      0x74d build/stm32f4xx_it.o
 .debug_info    0x00003f0b     0x10a4 build/stm32f4xx_hal_msp.o
 .debug_info    0x00004faf     0x4198 build/stm32f4xx_hal_tim.o
 .debug_info    0x00009147     0x1d9d build/stm32f4xx_hal_tim_ex.o
 .debug_info    0x0000aee4     0x43ad build/stm32f4xx_hal_uart.o
 .debug_info    0x0000f291      0xc4d build/stm32f4xx_hal_rcc.o
 .debug_info    0x0000fede      0x872 build/stm32f4xx_hal_gpio.o
 .debug_info    0x00010750      0xbc6 build/stm32f4xx_hal_dma.o
 .debug_info    0x00011316     0x1150 build/stm32f4xx_hal_cortex.o
 .debug_info    0x00012466      0xa91 build/stm32f4xx_hal.o
 .debug_info    0x00012ef7     0x3c18 build/stm32f4xx_hal_i2c.o
 .debug_info    0x00016b0f      0x5e5 build/system_stm32f4xx.o
 .debug_info    0x000170f4      0x18c build/sysmem.o
 .debug_info    0x00017280       0x30 build/startup_stm32f411xe.o

.debug_abbrev   0x00000000     0x2d0d
 .debug_abbrev  0x00000000      0x15c build/main.o
 .debug_abbrev  0x0000015c      0x1b5 build/aml_hal.o
 .debug_abbrev  0x00000311      0x24d build/gpio_handler.o
 .debug_abbrev  0x0000055e      0x2f9 build/i2c_handler.o
 .debug_abbrev  0x00000857      0x29d build/timer.o
 .debug_abbrev  0x00000af4      0x251 build/uart_handler.o
 .debug_abbrev  0x00000d45      0x183 build/stm32f4xx_it.o
 .debug_abbrev  0x00000ec8      0x1d6 build/stm32f4xx_hal_msp.o
 .debug_abbrev  0x0000109e      0x2ce build/stm32f4xx_hal_tim.o
 .debug_abbrev  0x0000136c      0x2c8 build/stm32f4xx_hal_tim_ex.o
 .debug_abbrev  0x00001634      0x377 build/stm32f4xx_hal_uart.o
 .debug_abbrev  0x000019ab      0x2de build/stm32f4xx_hal_rcc.o
 .debug_abbrev  0x00001c89      0x22b build/stm32f4xx_hal_gpio.o
 .debug_abbrev  0x00001eb4      0x2be build/stm32f4xx_hal_dma.o
 .debug_abbrev  0x00002172      0x3ca build/stm32f4xx_hal_cortex.o
 .debug_abbrev  0x0000253c      0x275 build/stm32f4xx_hal.o
 .debug_abbrev  0x000027b1      0x339 build/stm32f4xx_hal_i2c.o
 .debug_abbrev  0x00002aea      0x11b build/system_stm32f4xx.o
 .debug_abbrev  0x00002c05       0xeb build/sysmem.o
 .debug_abbrev  0x00002cf0       0x1d build/startup_stm32f411xe.o

.debug_loc      0x00000000    0x15d4d
 .debug_loc     0x00000000       0x96 build/main.o
 .debug_loc     0x00000096       0x40 build/aml_hal.o
 .debug_loc     0x000000d6      0x2d0 build/gpio_handler.o
 .debug_loc     0x000003a6      0x3bd build/i2c_handler.o
 .debug_loc     0x00000763      0x13e build/timer.o
 .debug_loc     0x000008a1      0x162 build/uart_handler.o
 .debug_loc     0x00000a03       0x40 build/stm32f4xx_it.o
 .debug_loc     0x00000a43      0x1ca build/stm32f4xx_hal_msp.o
 .debug_loc     0x00000c0d     0x6155 build/stm32f4xx_hal_tim.o
 .debug_loc     0x00006d62     0x22d2 build/stm32f4xx_hal_tim_ex.o
 .debug_loc     0x00009034     0x5040 build/stm32f4xx_hal_uart.o
 .debug_loc     0x0000e074      0x720 build/stm32f4xx_hal_rcc.o
 .debug_loc     0x0000e794      0x60b build/stm32f4xx_hal_gpio.o
 .debug_loc     0x0000ed9f      0xe9a build/stm32f4xx_hal_dma.o
 .debug_loc     0x0000fc39      0x8ff build/stm32f4xx_hal_cortex.o
 .debug_loc     0x00010538      0x1f9 build/stm32f4xx_hal.o
 .debug_loc     0x00010731     0x54cf build/stm32f4xx_hal_i2c.o
 .debug_loc     0x00015c00       0xbd build/system_stm32f4xx.o
 .debug_loc     0x00015cbd       0x90 build/sysmem.o

.debug_aranges  0x00000000      0xfc8
 .debug_aranges
                0x00000000       0x20 build/main.o
 .debug_aranges
                0x00000020       0x28 build/aml_hal.o
 .debug_aranges
                0x00000048       0x50 build/gpio_handler.o
 .debug_aranges
                0x00000098       0x68 build/i2c_handler.o
 .debug_aranges
                0x00000100       0x40 build/timer.o
 .debug_aranges
                0x00000140       0x38 build/uart_handler.o
 .debug_aranges
                0x00000178       0x68 build/stm32f4xx_it.o
 .debug_aranges
                0x000001e0       0x38 build/stm32f4xx_hal_msp.o
 .debug_aranges
                0x00000218      0x3d0 build/stm32f4xx_hal_tim.o
 .debug_aranges
                0x000005e8      0x168 build/stm32f4xx_hal_tim_ex.o
 .debug_aranges
                0x00000750      0x208 build/stm32f4xx_hal_uart.o
 .debug_aranges
                0x00000958       0x88 build/stm32f4xx_hal_rcc.o
 .debug_aranges
                0x000009e0       0x58 build/stm32f4xx_hal_gpio.o
 .debug_aranges
                0x00000a38       0x90 build/stm32f4xx_hal_dma.o
 .debug_aranges
                0x00000ac8       0xf8 build/stm32f4xx_hal_cortex.o
 .debug_aranges
                0x00000bc0       0xf0 build/stm32f4xx_hal.o
 .debug_aranges
                0x00000cb0      0x2a8 build/stm32f4xx_hal_i2c.o
 .debug_aranges
                0x00000f58       0x28 build/system_stm32f4xx.o
 .debug_aranges
                0x00000f80       0x20 build/sysmem.o
 .debug_aranges
                0x00000fa0       0x28 build/startup_stm32f411xe.o

.debug_ranges   0x00000000      0xed8
 .debug_ranges  0x00000000       0x10 build/main.o
 .debug_ranges  0x00000010       0x18 build/aml_hal.o
 .debug_ranges  0x00000028       0x58 build/gpio_handler.o
 .debug_ranges  0x00000080       0x58 build/i2c_handler.o
 .debug_ranges  0x000000d8       0x30 build/timer.o
 .debug_ranges  0x00000108       0x28 build/uart_handler.o
 .debug_ranges  0x00000130       0x58 build/stm32f4xx_it.o
 .debug_ranges  0x00000188       0x28 build/stm32f4xx_hal_msp.o
 .debug_ranges  0x000001b0      0x3c0 build/stm32f4xx_hal_tim.o
 .debug_ranges  0x00000570      0x158 build/stm32f4xx_hal_tim_ex.o
 .debug_ranges  0x000006c8      0x1f8 build/stm32f4xx_hal_uart.o
 .debug_ranges  0x000008c0       0x90 build/stm32f4xx_hal_rcc.o
 .debug_ranges  0x00000950       0x48 build/stm32f4xx_hal_gpio.o
 .debug_ranges  0x00000998       0x80 build/stm32f4xx_hal_dma.o
 .debug_ranges  0x00000a18       0xe8 build/stm32f4xx_hal_cortex.o
 .debug_ranges  0x00000b00       0xe0 build/stm32f4xx_hal.o
 .debug_ranges  0x00000be0      0x2b0 build/stm32f4xx_hal_i2c.o
 .debug_ranges  0x00000e90       0x18 build/system_stm32f4xx.o
 .debug_ranges  0x00000ea8       0x10 build/sysmem.o
 .debug_ranges  0x00000eb8       0x20 build/startup_stm32f411xe.o

.debug_line     0x00000000    0x1388b
 .debug_line    0x00000000      0x2ab build/main.o
 .debug_line    0x000002ab      0x2b5 build/aml_hal.o
 .debug_line    0x00000560      0x335 build/gpio_handler.o
 .debug_line    0x00000895      0x50e build/i2c_handler.o
 .debug_line    0x00000da3      0x3b8 build/timer.o
 .debug_line    0x0000115b      0x3e6 build/uart_handler.o
 .debug_line    0x00001541      0x2cd build/stm32f4xx_it.o
 .debug_line    0x0000180e      0x31f build/stm32f4xx_hal_msp.o
 .debug_line    0x00001b2d     0x466b build/stm32f4xx_hal_tim.o
 .debug_line    0x00006198     0x1a5d build/stm32f4xx_hal_tim_ex.o
 .debug_line    0x00007bf5     0x351a build/stm32f4xx_hal_uart.o
 .debug_line    0x0000b10f      0xbc8 build/stm32f4xx_hal_rcc.o
 .debug_line    0x0000bcd7      0x6c3 build/stm32f4xx_hal_gpio.o
 .debug_line    0x0000c39a      0xe3d build/stm32f4xx_hal_dma.o
 .debug_line    0x0000d1d7      0x834 build/stm32f4xx_hal_cortex.o
 .debug_line    0x0000da0b      0x571 build/stm32f4xx_hal.o
 .debug_line    0x0000df7c     0x5475 build/stm32f4xx_hal_i2c.o
 .debug_line    0x000133f1      0x258 build/system_stm32f4xx.o
 .debug_line    0x00013649      0x1cf build/sysmem.o
 .debug_line    0x00013818       0x73 build/startup_stm32f411xe.o

.debug_str      0x00000000     0x4867
 .debug_str     0x00000000     0x4867 build/main.o
                                0x260 (size before relaxing)
 .debug_str     0x00004867      0x311 build/aml_hal.o
 .debug_str     0x00004867      0x4a3 build/gpio_handler.o
 .debug_str     0x00004867      0xc52 build/i2c_handler.o
 .debug_str     0x00004867      0xa36 build/timer.o
 .debug_str     0x00004867      0x71f build/uart_handler.o
 .debug_str     0x00004867      0x6cf build/stm32f4xx_it.o
 .debug_str     0x00004867      0xe47 build/stm32f4xx_hal_msp.o
 .debug_str     0x00004867     0x16ea build/stm32f4xx_hal_tim.o
 .debug_str     0x00004867      0xef6 build/stm32f4xx_hal_tim_ex.o
 .debug_str     0x00004867      0xd86 build/stm32f4xx_hal_uart.o
 .debug_str     0x00004867      0x703 build/stm32f4xx_hal_rcc.o
 .debug_str     0x00004867      0x4dd build/stm32f4xx_hal_gpio.o
 .debug_str     0x00004867      0x761 build/stm32f4xx_hal_dma.o
 .debug_str     0x00004867      0xb08 build/stm32f4xx_hal_cortex.o
 .debug_str     0x00004867      0xa09 build/stm32f4xx_hal.o
 .debug_str     0x00004867     0x102d build/stm32f4xx_hal_i2c.o
 .debug_str     0x00004867      0x372 build/system_stm32f4xx.o
 .debug_str     0x00004867      0x210 build/sysmem.o
 .debug_str     0x00004867       0x6d build/startup_stm32f411xe.o

.comment        0x00000000       0x45
 .comment       0x00000000       0x45 build/main.o
                                 0x46 (size before relaxing)
 .comment       0x00000045       0x46 build/aml_hal.o
 .comment       0x00000045       0x46 build/gpio_handler.o
 .comment       0x00000045       0x46 build/i2c_handler.o
 .comment       0x00000045       0x46 build/timer.o
 .comment       0x00000045       0x46 build/uart_handler.o
 .comment       0x00000045       0x46 build/stm32f4xx_it.o
 .comment       0x00000045       0x46 build/stm32f4xx_hal_msp.o
 .comment       0x00000045       0x46 build/stm32f4xx_hal_tim.o
 .comment       0x00000045       0x46 build/stm32f4xx_hal_tim_ex.o
 .comment       0x00000045       0x46 build/stm32f4xx_hal_uart.o
 .comment       0x00000045       0x46 build/stm32f4xx_hal_rcc.o
 .comment       0x00000045       0x46 build/stm32f4xx_hal_gpio.o
 .comment       0x00000045       0x46 build/stm32f4xx_hal_dma.o
 .comment       0x00000045       0x46 build/stm32f4xx_hal_cortex.o
 .comment       0x00000045       0x46 build/stm32f4xx_hal.o
 .comment       0x00000045       0x46 build/stm32f4xx_hal_i2c.o
 .comment       0x00000045       0x46 build/system_stm32f4xx.o
 .comment       0x00000045       0x46 build/sysmem.o

.debug_frame    0x00000000     0x3170
 .debug_frame   0x00000000       0x30 build/main.o
 .debug_frame   0x00000030       0x40 build/aml_hal.o
 .debug_frame   0x00000070       0xd0 build/gpio_handler.o
 .debug_frame   0x00000140      0x12c build/i2c_handler.o
 .debug_frame   0x0000026c       0x94 build/timer.o
 .debug_frame   0x00000300       0x78 build/uart_handler.o
 .debug_frame   0x00000378       0xc0 build/stm32f4xx_it.o
 .debug_frame   0x00000438       0x88 build/stm32f4xx_hal_msp.o
 .debug_frame   0x000004c0      0xb20 build/stm32f4xx_hal_tim.o
 .debug_frame   0x00000fe0      0x418 build/stm32f4xx_hal_tim_ex.o
 .debug_frame   0x000013f8      0x5e0 build/stm32f4xx_hal_uart.o
 .debug_frame   0x000019d8      0x16c build/stm32f4xx_hal_rcc.o
 .debug_frame   0x00001b44       0xd8 build/stm32f4xx_hal_gpio.o
 .debug_frame   0x00001c1c      0x188 build/stm32f4xx_hal_dma.o
 .debug_frame   0x00001da4      0x214 build/stm32f4xx_hal_cortex.o
 .debug_frame   0x00001fb8      0x1ec build/stm32f4xx_hal.o
 .debug_frame   0x000021a4      0x988 build/stm32f4xx_hal_i2c.o
 .debug_frame   0x00002b2c       0x30 build/system_stm32f4xx.o
 .debug_frame   0x00002b5c       0x28 build/sysmem.o
 .debug_frame   0x00002b84       0x74 /Applications/ArmGNUToolchain/13.3.rel1/arm-none-eabi/bin/../lib/gcc/arm-none-eabi/13.3.1/../../../../arm-none-eabi/lib/thumb/v7e-m+fp/hard/libc_nano.a(libc_a-sprintf.o)
 .debug_frame   0x00002bf8      0x144 /Applications/ArmGNUToolchain/13.3.rel1/arm-none-eabi/bin/../lib/gcc/arm-none-eabi/13.3.1/../../../../arm-none-eabi/lib/thumb/v7e-m+fp/hard/libc_nano.a(libc_a-findfp.o)
 .debug_frame   0x00002d3c       0x20 /Applications/ArmGNUToolchain/13.3.rel1/arm-none-eabi/bin/../lib/gcc/arm-none-eabi/13.3.1/../../../../arm-none-eabi/lib/thumb/v7e-m+fp/hard/libc_nano.a(libc_a-memset.o)
 .debug_frame   0x00002d5c       0x20 /Applications/ArmGNUToolchain/13.3.rel1/arm-none-eabi/bin/../lib/gcc/arm-none-eabi/13.3.1/../../../../arm-none-eabi/lib/thumb/v7e-m+fp/hard/libc_nano.a(libc_a-errno.o)
 .debug_frame   0x00002d7c       0x2c /Applications/ArmGNUToolchain/13.3.rel1/arm-none-eabi/bin/../lib/gcc/arm-none-eabi/13.3.1/../../../../arm-none-eabi/lib/thumb/v7e-m+fp/hard/libc_nano.a(libc_a-init.o)
 .debug_frame   0x00002da8       0xb0 /Applications/ArmGNUToolchain/13.3.rel1/arm-none-eabi/bin/../lib/gcc/arm-none-eabi/13.3.1/../../../../arm-none-eabi/lib/thumb/v7e-m+fp/hard/libc_nano.a(libc_a-lock.o)
 .debug_frame   0x00002e58       0x90 /Applications/ArmGNUToolchain/13.3.rel1/arm-none-eabi/bin/../lib/gcc/arm-none-eabi/13.3.1/../../../../arm-none-eabi/lib/thumb/v7e-m+fp/hard/libc_nano.a(libc_a-nano-svfprintf.o)
 .debug_frame   0x00002ee8       0x50 /Applications/ArmGNUToolchain/13.3.rel1/arm-none-eabi/bin/../lib/gcc/arm-none-eabi/13.3.1/../../../../arm-none-eabi/lib/thumb/v7e-m+fp/hard/libc_nano.a(libc_a-mallocr.o)
 .debug_frame   0x00002f38       0x60 /Applications/ArmGNUToolchain/13.3.rel1/arm-none-eabi/bin/../lib/gcc/arm-none-eabi/13.3.1/../../../../arm-none-eabi/lib/thumb/v7e-m+fp/hard/libc_nano.a(libc_a-nano-vfprintf_i.o)
 .debug_frame   0x00002f98       0x30 /Applications/ArmGNUToolchain/13.3.rel1/arm-none-eabi/bin/../lib/gcc/arm-none-eabi/13.3.1/../../../../arm-none-eabi/lib/thumb/v7e-m+fp/hard/libc_nano.a(libc_a-mlock.o)
 .debug_frame   0x00002fc8       0x3c /Applications/ArmGNUToolchain/13.3.rel1/arm-none-eabi/bin/../lib/gcc/arm-none-eabi/13.3.1/../../../../arm-none-eabi/lib/thumb/v7e-m+fp/hard/libc_nano.a(libc_a-reallocr.o)
 .debug_frame   0x00003004       0x28 /Applications/ArmGNUToolchain/13.3.rel1/arm-none-eabi/bin/../lib/gcc/arm-none-eabi/13.3.1/../../../../arm-none-eabi/lib/thumb/v7e-m+fp/hard/libc_nano.a(libc_a-memmove.o)
 .debug_frame   0x0000302c       0x2c /Applications/ArmGNUToolchain/13.3.rel1/arm-none-eabi/bin/../lib/gcc/arm-none-eabi/13.3.1/../../../../arm-none-eabi/lib/thumb/v7e-m+fp/hard/libc_nano.a(libc_a-sbrkr.o)
 .debug_frame   0x00003058       0x38 /Applications/ArmGNUToolchain/13.3.rel1/arm-none-eabi/bin/../lib/gcc/arm-none-eabi/13.3.1/../../../../arm-none-eabi/lib/thumb/v7e-m+fp/hard/libc_nano.a(libc_a-reent.o)
 .debug_frame   0x00003090       0x28 /Applications/ArmGNUToolchain/13.3.rel1/arm-none-eabi/bin/../lib/gcc/arm-none-eabi/13.3.1/../../../../arm-none-eabi/lib/thumb/v7e-m+fp/hard/libc_nano.a(libc_a-memcpy-stub.o)
 .debug_frame   0x000030b8       0x38 /Applications/ArmGNUToolchain/13.3.rel1/arm-none-eabi/bin/../lib/gcc/arm-none-eabi/13.3.1/../../../../arm-none-eabi/lib/thumb/v7e-m+fp/hard/libc_nano.a(libc_a-freer.o)
 .debug_frame   0x000030f0       0x20 /Applications/ArmGNUToolchain/13.3.rel1/arm-none-eabi/bin/../lib/gcc/arm-none-eabi/13.3.1/../../../../arm-none-eabi/lib/thumb/v7e-m+fp/hard/libc_nano.a(libc_a-msizer.o)
 .debug_frame   0x00003110       0x2c /Applications/ArmGNUToolchain/13.3.rel1/arm-none-eabi/bin/../lib/gcc/arm-none-eabi/13.3.1/thumb/v7e-m+fp/hard/libgcc.a(_aeabi_uldivmod.o)
 .debug_frame   0x0000313c       0x34 /Applications/ArmGNUToolchain/13.3.rel1/arm-none-eabi/bin/../lib/gcc/arm-none-eabi/13.3.1/thumb/v7e-m+fp/hard/libgcc.a(_udivmoddi4.o)

.debug_line_str
                0x00000000      0x1db
 .debug_line_str
                0x00000000      0x1db /Applications/ArmGNUToolchain/13.3.rel1/arm-none-eabi/bin/../lib/gcc/arm-none-eabi/13.3.1/../../../../arm-none-eabi/lib/thumb/v7e-m+fp/hard/libc_nano.a(libc_a-strlen.o)
                                 0xf4 (size before relaxing)
 .debug_line_str
                0x000001db       0xea /Applications/ArmGNUToolchain/13.3.rel1/arm-none-eabi/bin/../lib/gcc/arm-none-eabi/13.3.1/../../../../arm-none-eabi/lib/thumb/v7e-m+fp/hard/libc_nano.a(libc_a-memchr.o)
 .debug_line_str
                0x000001db       0xd2 /Applications/ArmGNUToolchain/13.3.rel1/arm-none-eabi/bin/../lib/gcc/arm-none-eabi/13.3.1/thumb/v7e-m+fp/hard/libgcc.a(_aeabi_uldivmod.o)
 .debug_line_str
                0x000001db       0xd6 /Applications/ArmGNUToolchain/13.3.rel1/arm-none-eabi/bin/../lib/gcc/arm-none-eabi/13.3.1/thumb/v7e-m+fp/hard/libgcc.a(_dvmd_tls.o)

Cross Reference Table

Symbol                                            File
ADC_IRQHandler                                    build/startup_stm32f411xe.o
AHBPrescTable                                     build/system_stm32f4xx.o
                                                  build/stm32f4xx_hal_rcc.o
AML_Init                                          build/aml_hal.o
                                                  build/main.o
APBPrescTable                                     build/system_stm32f4xx.o
                                                  build/stm32f4xx_hal_rcc.o
AssignDigitalOut                                  build/gpio_handler.o
BVAT_I2C_Init                                     build/i2c_handler.o
                                                  build/main.o
BuiltinLED_Init                                   build/gpio_handler.o
                                                  build/main.o
BusFault_Handler                                  build/stm32f4xx_it.o
CommandHandler_Init                               build/command_handler.o
CommandHandler_SetI2CReady                        build/command_handler.o
DMA1_Stream0_IRQHandler                           build/startup_stm32f411xe.o
DMA1_Stream1_IRQHandler                           build/startup_stm32f411xe.o
DMA1_Stream2_IRQHandler                           build/startup_stm32f411xe.o
DMA1_Stream3_IRQHandler                           build/startup_stm32f411xe.o
DMA1_Stream4_IRQHandler                           build/startup_stm32f411xe.o
DMA1_Stream5_IRQHandler                           build/startup_stm32f411xe.o
DMA1_Stream6_IRQHandler                           build/startup_stm32f411xe.o
DMA1_Stream7_IRQHandler                           build/startup_stm32f411xe.o
DMA2_Stream0_IRQHandler                           build/startup_stm32f411xe.o
DMA2_Stream1_IRQHandler                           build/startup_stm32f411xe.o
DMA2_Stream2_IRQHandler                           build/startup_stm32f411xe.o
DMA2_Stream3_IRQHandler                           build/startup_stm32f411xe.o
DMA2_Stream4_IRQHandler                           build/startup_stm32f411xe.o
DMA2_Stream5_IRQHandler                           build/startup_stm32f411xe.o
DMA2_Stream6_IRQHandler                           build/startup_stm32f411xe.o
DMA2_Stream7_IRQHandler                           build/startup_stm32f411xe.o
DebugMon_Handler                                  build/stm32f4xx_it.o
Default_Handler                                   build/startup_stm32f411xe.o
EXTI0_IRQHandler                                  build/startup_stm32f411xe.o
EXTI15_10_IRQHandler                              build/startup_stm32f411xe.o
EXTI1_IRQHandler                                  build/startup_stm32f411xe.o
EXTI2_IRQHandler                                  build/startup_stm32f411xe.o
EXTI3_IRQHandler                                  build/startup_stm32f411xe.o
EXTI4_IRQHandler                                  build/startup_stm32f411xe.o
EXTI9_5_IRQHandler                                build/startup_stm32f411xe.o
Error_Handler                                     build/aml_hal.o
                                                  build/uart_handler.o
                                                  build/timer.o
                                                  build/i2c_handler.o
FLASH_Erase_Sector                                build/stm32f4xx_hal_flash_ex.o
                                                  build/stm32f4xx_hal_flash.o
FLASH_FlushCaches                                 build/stm32f4xx_hal_flash_ex.o
                                                  build/stm32f4xx_hal_flash.o
FLASH_IRQHandler                                  build/startup_stm32f411xe.o
FLASH_WaitForLastOperation                        build/stm32f4xx_hal_flash.o
                                                  build/stm32f4xx_hal_flash_ex.o
FPU_IRQHandler                                    build/startup_stm32f411xe.o
HAL_CORTEX_ClearEvent                             build/stm32f4xx_hal_cortex.o
HAL_DBGMCU_DisableDBGSleepMode                    build/stm32f4xx_hal.o
HAL_DBGMCU_DisableDBGStandbyMode                  build/stm32f4xx_hal.o
HAL_DBGMCU_DisableDBGStopMode                     build/stm32f4xx_hal.o
HAL_DBGMCU_EnableDBGSleepMode                     build/stm32f4xx_hal.o
HAL_DBGMCU_EnableDBGStandbyMode                   build/stm32f4xx_hal.o
HAL_DBGMCU_EnableDBGStopMode                      build/stm32f4xx_hal.o
HAL_DMAEx_ChangeMemory                            build/stm32f4xx_hal_dma_ex.o
HAL_DMAEx_MultiBufferStart                        build/stm32f4xx_hal_dma_ex.o
HAL_DMAEx_MultiBufferStart_IT                     build/stm32f4xx_hal_dma_ex.o
HAL_DMA_Abort                                     build/stm32f4xx_hal_dma.o
                                                  build/stm32f4xx_hal_uart.o
HAL_DMA_Abort_IT                                  build/stm32f4xx_hal_dma.o
                                                  build/stm32f4xx_hal_i2c.o
                                                  build/stm32f4xx_hal_uart.o
                                                  build/stm32f4xx_hal_tim_ex.o
                                                  build/stm32f4xx_hal_tim.o
HAL_DMA_DeInit                                    build/stm32f4xx_hal_dma.o
HAL_DMA_GetError                                  build/stm32f4xx_hal_dma.o
                                                  build/stm32f4xx_hal_i2c.o
                                                  build/stm32f4xx_hal_uart.o
HAL_DMA_GetState                                  build/stm32f4xx_hal_dma.o
                                                  build/stm32f4xx_hal_i2c.o
HAL_DMA_IRQHandler                                build/stm32f4xx_hal_dma.o
HAL_DMA_Init                                      build/stm32f4xx_hal_dma.o
HAL_DMA_PollForTransfer                           build/stm32f4xx_hal_dma.o
HAL_DMA_RegisterCallback                          build/stm32f4xx_hal_dma.o
HAL_DMA_Start                                     build/stm32f4xx_hal_dma.o
HAL_DMA_Start_IT                                  build/stm32f4xx_hal_dma.o
                                                  build/stm32f4xx_hal_i2c.o
                                                  build/stm32f4xx_hal_uart.o
                                                  build/stm32f4xx_hal_tim_ex.o
                                                  build/stm32f4xx_hal_tim.o
HAL_DMA_UnRegisterCallback                        build/stm32f4xx_hal_dma.o
HAL_DeInit                                        build/stm32f4xx_hal.o
HAL_Delay                                         build/stm32f4xx_hal.o
                                                  build/command_handler.o
                                                  build/gpio_handler.o
                                                  build/main.o
HAL_DisableCompensationCell                       build/stm32f4xx_hal.o
HAL_EXTI_ClearConfigLine                          build/stm32f4xx_hal_exti.o
HAL_EXTI_ClearPending                             build/stm32f4xx_hal_exti.o
HAL_EXTI_GenerateSWI                              build/stm32f4xx_hal_exti.o
HAL_EXTI_GetConfigLine                            build/stm32f4xx_hal_exti.o
HAL_EXTI_GetHandle                                build/stm32f4xx_hal_exti.o
HAL_EXTI_GetPending                               build/stm32f4xx_hal_exti.o
HAL_EXTI_IRQHandler                               build/stm32f4xx_hal_exti.o
HAL_EXTI_RegisterCallback                         build/stm32f4xx_hal_exti.o
HAL_EXTI_SetConfigLine                            build/stm32f4xx_hal_exti.o
HAL_EnableCompensationCell                        build/stm32f4xx_hal.o
HAL_FLASHEx_AdvOBGetConfig                        build/stm32f4xx_hal_flash_ex.o
HAL_FLASHEx_AdvOBProgram                          build/stm32f4xx_hal_flash_ex.o
HAL_FLASHEx_DisableFlashSleepMode                 build/stm32f4xx_hal_flash_ramfunc.o
HAL_FLASHEx_EnableFlashSleepMode                  build/stm32f4xx_hal_flash_ramfunc.o
HAL_FLASHEx_Erase                                 build/stm32f4xx_hal_flash_ex.o
HAL_FLASHEx_Erase_IT                              build/stm32f4xx_hal_flash_ex.o
HAL_FLASHEx_OBGetConfig                           build/stm32f4xx_hal_flash_ex.o
HAL_FLASHEx_OBProgram                             build/stm32f4xx_hal_flash_ex.o
HAL_FLASHEx_OB_DeSelectPCROP                      build/stm32f4xx_hal_flash_ex.o
HAL_FLASHEx_OB_SelectPCROP                        build/stm32f4xx_hal_flash_ex.o
HAL_FLASHEx_StartFlashInterfaceClk                build/stm32f4xx_hal_flash_ramfunc.o
HAL_FLASHEx_StopFlashInterfaceClk                 build/stm32f4xx_hal_flash_ramfunc.o
HAL_FLASH_EndOfOperationCallback                  build/stm32f4xx_hal_flash.o
HAL_FLASH_GetError                                build/stm32f4xx_hal_flash.o
HAL_FLASH_IRQHandler                              build/stm32f4xx_hal_flash.o
HAL_FLASH_Lock                                    build/stm32f4xx_hal_flash.o
HAL_FLASH_OB_Launch                               build/stm32f4xx_hal_flash.o
HAL_FLASH_OB_Lock                                 build/stm32f4xx_hal_flash.o
HAL_FLASH_OB_Unlock                               build/stm32f4xx_hal_flash.o
HAL_FLASH_OperationErrorCallback                  build/stm32f4xx_hal_flash.o
HAL_FLASH_Program                                 build/stm32f4xx_hal_flash.o
HAL_FLASH_Program_IT                              build/stm32f4xx_hal_flash.o
HAL_FLASH_Unlock                                  build/stm32f4xx_hal_flash.o
HAL_GPIO_DeInit                                   build/stm32f4xx_hal_gpio.o
                                                  build/stm32f4xx_hal_msp.o
HAL_GPIO_EXTI_Callback                            build/stm32f4xx_hal_gpio.o
HAL_GPIO_EXTI_IRQHandler                          build/stm32f4xx_hal_gpio.o
HAL_GPIO_Init                                     build/stm32f4xx_hal_gpio.o
                                                  build/stm32f4xx_hal_rcc.o
                                                  build/stm32f4xx_hal_msp.o
                                                  build/gpio_handler.o
HAL_GPIO_LockPin                                  build/stm32f4xx_hal_gpio.o
HAL_GPIO_ReadPin                                  build/stm32f4xx_hal_gpio.o
HAL_GPIO_TogglePin                                build/stm32f4xx_hal_gpio.o
                                                  build/gpio_handler.o
HAL_GPIO_WritePin                                 build/stm32f4xx_hal_gpio.o
                                                  build/gpio_handler.o
                                                  build/aml_hal.o
HAL_GetDEVID                                      build/stm32f4xx_hal.o
HAL_GetHalVersion                                 build/stm32f4xx_hal.o
HAL_GetREVID                                      build/stm32f4xx_hal.o
HAL_GetTick                                       build/stm32f4xx_hal.o
                                                  build/stm32f4xx_hal_i2c.o
                                                  build/stm32f4xx_hal_pwr_ex.o
                                                  build/stm32f4xx_hal_dma.o
                                                  build/stm32f4xx_hal_flash.o
                                                  build/stm32f4xx_hal_rcc_ex.o
                                                  build/stm32f4xx_hal_rcc.o
                                                  build/stm32f4xx_hal_uart.o
                                                  build/command_handler.o
                                                  build/timer.o
HAL_GetTickFreq                                   build/stm32f4xx_hal.o
HAL_GetTickPrio                                   build/stm32f4xx_hal.o
HAL_GetUIDw0                                      build/stm32f4xx_hal.o
HAL_GetUIDw1                                      build/stm32f4xx_hal.o
HAL_GetUIDw2                                      build/stm32f4xx_hal.o
HAL_HalfDuplex_EnableReceiver                     build/stm32f4xx_hal_uart.o
HAL_HalfDuplex_EnableTransmitter                  build/stm32f4xx_hal_uart.o
HAL_HalfDuplex_Init                               build/stm32f4xx_hal_uart.o
HAL_I2C_AbortCpltCallback                         build/stm32f4xx_hal_i2c.o
HAL_I2C_AddrCallback                              build/stm32f4xx_hal_i2c.o
HAL_I2C_DeInit                                    build/stm32f4xx_hal_i2c.o
HAL_I2C_DisableListen_IT                          build/stm32f4xx_hal_i2c.o
HAL_I2C_ER_IRQHandler                             build/stm32f4xx_hal_i2c.o
HAL_I2C_EV_IRQHandler                             build/stm32f4xx_hal_i2c.o
HAL_I2C_EnableListen_IT                           build/stm32f4xx_hal_i2c.o
HAL_I2C_ErrorCallback                             build/i2c_handler.o
HAL_I2C_GetError                                  build/stm32f4xx_hal_i2c.o
HAL_I2C_GetMode                                   build/stm32f4xx_hal_i2c.o
HAL_I2C_GetState                                  build/stm32f4xx_hal_i2c.o
HAL_I2C_Init                                      build/stm32f4xx_hal_i2c.o
                                                  build/i2c_handler.o
HAL_I2C_IsDeviceReady                             build/stm32f4xx_hal_i2c.o
                                                  build/i2c_handler.o
HAL_I2C_ListenCpltCallback                        build/stm32f4xx_hal_i2c.o
HAL_I2C_MasterRxCpltCallback                      build/stm32f4xx_hal_i2c.o
HAL_I2C_MasterTxCpltCallback                      build/stm32f4xx_hal_i2c.o
HAL_I2C_Master_Abort_IT                           build/stm32f4xx_hal_i2c.o
HAL_I2C_Master_Receive                            build/stm32f4xx_hal_i2c.o
HAL_I2C_Master_Receive_DMA                        build/stm32f4xx_hal_i2c.o
HAL_I2C_Master_Receive_IT                         build/stm32f4xx_hal_i2c.o
HAL_I2C_Master_Seq_Receive_DMA                    build/stm32f4xx_hal_i2c.o
HAL_I2C_Master_Seq_Receive_IT                     build/stm32f4xx_hal_i2c.o
HAL_I2C_Master_Seq_Transmit_DMA                   build/stm32f4xx_hal_i2c.o
HAL_I2C_Master_Seq_Transmit_IT                    build/stm32f4xx_hal_i2c.o
HAL_I2C_Master_Transmit                           build/stm32f4xx_hal_i2c.o
HAL_I2C_Master_Transmit_DMA                       build/stm32f4xx_hal_i2c.o
HAL_I2C_Master_Transmit_IT                        build/stm32f4xx_hal_i2c.o
HAL_I2C_MemRxCpltCallback                         build/i2c_handler.o
HAL_I2C_MemTxCpltCallback                         build/i2c_handler.o
HAL_I2C_Mem_Read                                  build/stm32f4xx_hal_i2c.o
                                                  build/i2c_handler.o
HAL_I2C_Mem_Read_DMA                              build/stm32f4xx_hal_i2c.o
HAL_I2C_Mem_Read_IT                               build/stm32f4xx_hal_i2c.o
                                                  build/i2c_handler.o
HAL_I2C_Mem_Write                                 build/stm32f4xx_hal_i2c.o
                                                  build/i2c_handler.o
HAL_I2C_Mem_Write_DMA                             build/stm32f4xx_hal_i2c.o
HAL_I2C_Mem_Write_IT                              build/stm32f4xx_hal_i2c.o
HAL_I2C_MspDeInit                                 build/stm32f4xx_hal_i2c.o
HAL_I2C_MspInit                                   build/stm32f4xx_hal_msp.o
HAL_I2C_SlaveRxCpltCallback                       build/stm32f4xx_hal_i2c.o
HAL_I2C_SlaveTxCpltCallback                       build/stm32f4xx_hal_i2c.o
HAL_I2C_Slave_Receive                             build/stm32f4xx_hal_i2c.o
HAL_I2C_Slave_Receive_DMA                         build/stm32f4xx_hal_i2c.o
HAL_I2C_Slave_Receive_IT                          build/stm32f4xx_hal_i2c.o
HAL_I2C_Slave_Seq_Receive_DMA                     build/stm32f4xx_hal_i2c.o
HAL_I2C_Slave_Seq_Receive_IT                      build/stm32f4xx_hal_i2c.o
HAL_I2C_Slave_Seq_Transmit_DMA                    build/stm32f4xx_hal_i2c.o
HAL_I2C_Slave_Seq_Transmit_IT                     build/stm32f4xx_hal_i2c.o
HAL_I2C_Slave_Transmit                            build/stm32f4xx_hal_i2c.o
HAL_I2C_Slave_Transmit_DMA                        build/stm32f4xx_hal_i2c.o
HAL_I2C_Slave_Transmit_IT                         build/stm32f4xx_hal_i2c.o
HAL_IncTick                                       build/stm32f4xx_hal.o
                                                  build/stm32f4xx_it.o
HAL_Init                                          build/stm32f4xx_hal.o
                                                  build/aml_hal.o
HAL_InitTick                                      build/stm32f4xx_hal.o
                                                  build/stm32f4xx_hal_rcc_ex.o
                                                  build/stm32f4xx_hal_rcc.o
HAL_LIN_Init                                      build/stm32f4xx_hal_uart.o
HAL_LIN_SendBreak                                 build/stm32f4xx_hal_uart.o
HAL_MPU_ConfigRegion                              build/stm32f4xx_hal_cortex.o
HAL_MPU_Disable                                   build/stm32f4xx_hal_cortex.o
HAL_MPU_DisableRegion                             build/stm32f4xx_hal_cortex.o
HAL_MPU_Enable                                    build/stm32f4xx_hal_cortex.o
HAL_MPU_EnableRegion                              build/stm32f4xx_hal_cortex.o
HAL_MspDeInit                                     build/stm32f4xx_hal.o
HAL_MspInit                                       build/stm32f4xx_hal_msp.o
HAL_MultiProcessor_EnterMuteMode                  build/stm32f4xx_hal_uart.o
HAL_MultiProcessor_ExitMuteMode                   build/stm32f4xx_hal_uart.o
HAL_MultiProcessor_Init                           build/stm32f4xx_hal_uart.o
HAL_NVIC_ClearPendingIRQ                          build/stm32f4xx_hal_cortex.o
HAL_NVIC_DisableIRQ                               build/stm32f4xx_hal_cortex.o
HAL_NVIC_EnableIRQ                                build/stm32f4xx_hal_cortex.o
                                                  build/stm32f4xx_hal_msp.o
                                                  build/i2c_handler.o
HAL_NVIC_GetActive                                build/stm32f4xx_hal_cortex.o
HAL_NVIC_GetPendingIRQ                            build/stm32f4xx_hal_cortex.o
HAL_NVIC_GetPriority                              build/stm32f4xx_hal_cortex.o
HAL_NVIC_GetPriorityGrouping                      build/stm32f4xx_hal_cortex.o
HAL_NVIC_SetPendingIRQ                            build/stm32f4xx_hal_cortex.o
HAL_NVIC_SetPriority                              build/stm32f4xx_hal_cortex.o
                                                  build/stm32f4xx_hal.o
                                                  build/stm32f4xx_hal_msp.o
                                                  build/i2c_handler.o
HAL_NVIC_SetPriorityGrouping                      build/stm32f4xx_hal_cortex.o
                                                  build/stm32f4xx_hal.o
                                                  build/stm32f4xx_hal_msp.o
HAL_NVIC_SystemReset                              build/stm32f4xx_hal_cortex.o
HAL_PWREx_ControlVoltageScaling                   build/stm32f4xx_hal_pwr_ex.o
HAL_PWREx_DisableBkUpReg                          build/stm32f4xx_hal_pwr_ex.o
HAL_PWREx_DisableFlashPowerDown                   build/stm32f4xx_hal_pwr_ex.o
HAL_PWREx_DisableLowRegulatorLowVoltage           build/stm32f4xx_hal_pwr_ex.o
HAL_PWREx_DisableMainRegulatorLowVoltage          build/stm32f4xx_hal_pwr_ex.o
HAL_PWREx_EnableBkUpReg                           build/stm32f4xx_hal_pwr_ex.o
HAL_PWREx_EnableFlashPowerDown                    build/stm32f4xx_hal_pwr_ex.o
HAL_PWREx_EnableLowRegulatorLowVoltage            build/stm32f4xx_hal_pwr_ex.o
HAL_PWREx_EnableMainRegulatorLowVoltage           build/stm32f4xx_hal_pwr_ex.o
HAL_PWREx_GetVoltageRange                         build/stm32f4xx_hal_pwr_ex.o
HAL_PWR_ConfigPVD                                 build/stm32f4xx_hal_pwr.o
HAL_PWR_DeInit                                    build/stm32f4xx_hal_pwr.o
HAL_PWR_DisableBkUpAccess                         build/stm32f4xx_hal_pwr.o
HAL_PWR_DisablePVD                                build/stm32f4xx_hal_pwr.o
HAL_PWR_DisableSEVOnPend                          build/stm32f4xx_hal_pwr.o
HAL_PWR_DisableSleepOnExit                        build/stm32f4xx_hal_pwr.o
HAL_PWR_DisableWakeUpPin                          build/stm32f4xx_hal_pwr.o
HAL_PWR_EnableBkUpAccess                          build/stm32f4xx_hal_pwr.o
HAL_PWR_EnablePVD                                 build/stm32f4xx_hal_pwr.o
HAL_PWR_EnableSEVOnPend                           build/stm32f4xx_hal_pwr.o
HAL_PWR_EnableSleepOnExit                         build/stm32f4xx_hal_pwr.o
HAL_PWR_EnableWakeUpPin                           build/stm32f4xx_hal_pwr.o
HAL_PWR_EnterSLEEPMode                            build/stm32f4xx_hal_pwr.o
HAL_PWR_EnterSTANDBYMode                          build/stm32f4xx_hal_pwr.o
HAL_PWR_EnterSTOPMode                             build/stm32f4xx_hal_pwr.o
HAL_PWR_PVDCallback                               build/stm32f4xx_hal_pwr.o
HAL_PWR_PVD_IRQHandler                            build/stm32f4xx_hal_pwr.o
HAL_RCCEx_DisablePLLI2S                           build/stm32f4xx_hal_rcc_ex.o
HAL_RCCEx_EnablePLLI2S                            build/stm32f4xx_hal_rcc_ex.o
HAL_RCCEx_GetPeriphCLKConfig                      build/stm32f4xx_hal_rcc_ex.o
HAL_RCCEx_GetPeriphCLKFreq                        build/stm32f4xx_hal_rcc_ex.o
HAL_RCCEx_PeriphCLKConfig                         build/stm32f4xx_hal_rcc_ex.o
HAL_RCCEx_SelectLSEMode                           build/stm32f4xx_hal_rcc_ex.o
HAL_RCC_CSSCallback                               build/stm32f4xx_hal_rcc.o
HAL_RCC_ClockConfig                               build/stm32f4xx_hal_rcc.o
                                                  build/timer.o
HAL_RCC_DeInit                                    build/stm32f4xx_hal_rcc_ex.o
                                                  build/stm32f4xx_hal_rcc.o
HAL_RCC_DisableCSS                                build/stm32f4xx_hal_rcc.o
HAL_RCC_EnableCSS                                 build/stm32f4xx_hal_rcc.o
HAL_RCC_GetClockConfig                            build/stm32f4xx_hal_rcc.o
HAL_RCC_GetHCLKFreq                               build/stm32f4xx_hal_rcc.o
HAL_RCC_GetOscConfig                              build/stm32f4xx_hal_rcc.o
HAL_RCC_GetPCLK1Freq                              build/stm32f4xx_hal_rcc.o
                                                  build/stm32f4xx_hal_i2c.o
                                                  build/stm32f4xx_hal_uart.o
HAL_RCC_GetPCLK2Freq                              build/stm32f4xx_hal_rcc.o
                                                  build/stm32f4xx_hal_uart.o
HAL_RCC_GetSysClockFreq                           build/stm32f4xx_hal_rcc.o
HAL_RCC_MCOConfig                                 build/stm32f4xx_hal_rcc.o
HAL_RCC_NMI_IRQHandler                            build/stm32f4xx_hal_rcc.o
HAL_RCC_OscConfig                                 build/stm32f4xx_hal_rcc.o
                                                  build/timer.o
HAL_ResumeTick                                    build/stm32f4xx_hal.o
HAL_SYSTICK_CLKSourceConfig                       build/stm32f4xx_hal_cortex.o
HAL_SYSTICK_Callback                              build/stm32f4xx_hal_cortex.o
HAL_SYSTICK_Config                                build/stm32f4xx_hal_cortex.o
                                                  build/stm32f4xx_hal.o
HAL_SYSTICK_IRQHandler                            build/stm32f4xx_hal_cortex.o
HAL_SetTickFreq                                   build/stm32f4xx_hal.o
HAL_SuspendTick                                   build/stm32f4xx_hal.o
HAL_TIMEx_BreakCallback                           build/stm32f4xx_hal_tim_ex.o
                                                  build/stm32f4xx_hal_tim.o
HAL_TIMEx_CommutCallback                          build/stm32f4xx_hal_tim_ex.o
                                                  build/stm32f4xx_hal_tim.o
HAL_TIMEx_CommutHalfCpltCallback                  build/stm32f4xx_hal_tim_ex.o
HAL_TIMEx_ConfigBreakDeadTime                     build/stm32f4xx_hal_tim_ex.o
HAL_TIMEx_ConfigCommutEvent                       build/stm32f4xx_hal_tim_ex.o
HAL_TIMEx_ConfigCommutEvent_DMA                   build/stm32f4xx_hal_tim_ex.o
HAL_TIMEx_ConfigCommutEvent_IT                    build/stm32f4xx_hal_tim_ex.o
HAL_TIMEx_GetChannelNState                        build/stm32f4xx_hal_tim_ex.o
HAL_TIMEx_HallSensor_DeInit                       build/stm32f4xx_hal_tim_ex.o
HAL_TIMEx_HallSensor_GetState                     build/stm32f4xx_hal_tim_ex.o
HAL_TIMEx_HallSensor_Init                         build/stm32f4xx_hal_tim_ex.o
HAL_TIMEx_HallSensor_MspDeInit                    build/stm32f4xx_hal_tim_ex.o
HAL_TIMEx_HallSensor_MspInit                      build/stm32f4xx_hal_tim_ex.o
HAL_TIMEx_HallSensor_Start                        build/stm32f4xx_hal_tim_ex.o
HAL_TIMEx_HallSensor_Start_DMA                    build/stm32f4xx_hal_tim_ex.o
HAL_TIMEx_HallSensor_Start_IT                     build/stm32f4xx_hal_tim_ex.o
HAL_TIMEx_HallSensor_Stop                         build/stm32f4xx_hal_tim_ex.o
HAL_TIMEx_HallSensor_Stop_DMA                     build/stm32f4xx_hal_tim_ex.o
HAL_TIMEx_HallSensor_Stop_IT                      build/stm32f4xx_hal_tim_ex.o
HAL_TIMEx_MasterConfigSynchronization             build/stm32f4xx_hal_tim_ex.o
HAL_TIMEx_OCN_Start                               build/stm32f4xx_hal_tim_ex.o
HAL_TIMEx_OCN_Start_DMA                           build/stm32f4xx_hal_tim_ex.o
HAL_TIMEx_OCN_Start_IT                            build/stm32f4xx_hal_tim_ex.o
HAL_TIMEx_OCN_Stop                                build/stm32f4xx_hal_tim_ex.o
HAL_TIMEx_OCN_Stop_DMA                            build/stm32f4xx_hal_tim_ex.o
HAL_TIMEx_OCN_Stop_IT                             build/stm32f4xx_hal_tim_ex.o
HAL_TIMEx_OnePulseN_Start                         build/stm32f4xx_hal_tim_ex.o
HAL_TIMEx_OnePulseN_Start_IT                      build/stm32f4xx_hal_tim_ex.o
HAL_TIMEx_OnePulseN_Stop                          build/stm32f4xx_hal_tim_ex.o
HAL_TIMEx_OnePulseN_Stop_IT                       build/stm32f4xx_hal_tim_ex.o
HAL_TIMEx_PWMN_Start                              build/stm32f4xx_hal_tim_ex.o
HAL_TIMEx_PWMN_Start_DMA                          build/stm32f4xx_hal_tim_ex.o
HAL_TIMEx_PWMN_Start_IT                           build/stm32f4xx_hal_tim_ex.o
HAL_TIMEx_PWMN_Stop                               build/stm32f4xx_hal_tim_ex.o
HAL_TIMEx_PWMN_Stop_DMA                           build/stm32f4xx_hal_tim_ex.o
HAL_TIMEx_PWMN_Stop_IT                            build/stm32f4xx_hal_tim_ex.o
HAL_TIMEx_RemapConfig                             build/stm32f4xx_hal_tim_ex.o
HAL_TIM_Base_DeInit                               build/stm32f4xx_hal_tim.o
HAL_TIM_Base_GetState                             build/stm32f4xx_hal_tim.o
HAL_TIM_Base_Init                                 build/stm32f4xx_hal_tim.o
                                                  build/timer.o
HAL_TIM_Base_MspDeInit                            build/stm32f4xx_hal_tim.o
HAL_TIM_Base_MspInit                              build/stm32f4xx_hal_tim.o
HAL_TIM_Base_Start                                build/stm32f4xx_hal_tim.o
HAL_TIM_Base_Start_DMA                            build/stm32f4xx_hal_tim.o
HAL_TIM_Base_Start_IT                             build/stm32f4xx_hal_tim.o
HAL_TIM_Base_Stop                                 build/stm32f4xx_hal_tim.o
HAL_TIM_Base_Stop_DMA                             build/stm32f4xx_hal_tim.o
HAL_TIM_Base_Stop_IT                              build/stm32f4xx_hal_tim.o
HAL_TIM_ConfigClockSource                         build/stm32f4xx_hal_tim.o
HAL_TIM_ConfigOCrefClear                          build/stm32f4xx_hal_tim.o
HAL_TIM_ConfigTI1Input                            build/stm32f4xx_hal_tim.o
HAL_TIM_DMABurstState                             build/stm32f4xx_hal_tim.o
HAL_TIM_DMABurst_MultiReadStart                   build/stm32f4xx_hal_tim.o
HAL_TIM_DMABurst_MultiWriteStart                  build/stm32f4xx_hal_tim.o
HAL_TIM_DMABurst_ReadStart                        build/stm32f4xx_hal_tim.o
HAL_TIM_DMABurst_ReadStop                         build/stm32f4xx_hal_tim.o
HAL_TIM_DMABurst_WriteStart                       build/stm32f4xx_hal_tim.o
HAL_TIM_DMABurst_WriteStop                        build/stm32f4xx_hal_tim.o
HAL_TIM_Encoder_DeInit                            build/stm32f4xx_hal_tim.o
HAL_TIM_Encoder_GetState                          build/stm32f4xx_hal_tim.o
HAL_TIM_Encoder_Init                              build/stm32f4xx_hal_tim.o
HAL_TIM_Encoder_MspDeInit                         build/stm32f4xx_hal_tim.o
HAL_TIM_Encoder_MspInit                           build/stm32f4xx_hal_tim.o
HAL_TIM_Encoder_Start                             build/stm32f4xx_hal_tim.o
HAL_TIM_Encoder_Start_DMA                         build/stm32f4xx_hal_tim.o
HAL_TIM_Encoder_Start_IT                          build/stm32f4xx_hal_tim.o
HAL_TIM_Encoder_Stop                              build/stm32f4xx_hal_tim.o
HAL_TIM_Encoder_Stop_DMA                          build/stm32f4xx_hal_tim.o
HAL_TIM_Encoder_Stop_IT                           build/stm32f4xx_hal_tim.o
HAL_TIM_ErrorCallback                             build/stm32f4xx_hal_tim.o
                                                  build/stm32f4xx_hal_tim_ex.o
HAL_TIM_GenerateEvent                             build/stm32f4xx_hal_tim.o
HAL_TIM_GetActiveChannel                          build/stm32f4xx_hal_tim.o
HAL_TIM_GetChannelState                           build/stm32f4xx_hal_tim.o
HAL_TIM_IC_CaptureCallback                        build/stm32f4xx_hal_tim.o
HAL_TIM_IC_CaptureHalfCpltCallback                build/stm32f4xx_hal_tim.o
HAL_TIM_IC_ConfigChannel                          build/stm32f4xx_hal_tim.o
HAL_TIM_IC_DeInit                                 build/stm32f4xx_hal_tim.o
HAL_TIM_IC_GetState                               build/stm32f4xx_hal_tim.o
HAL_TIM_IC_Init                                   build/stm32f4xx_hal_tim.o
HAL_TIM_IC_MspDeInit                              build/stm32f4xx_hal_tim.o
HAL_TIM_IC_MspInit                                build/stm32f4xx_hal_tim.o
HAL_TIM_IC_Start                                  build/stm32f4xx_hal_tim.o
HAL_TIM_IC_Start_DMA                              build/stm32f4xx_hal_tim.o
HAL_TIM_IC_Start_IT                               build/stm32f4xx_hal_tim.o
HAL_TIM_IC_Stop                                   build/stm32f4xx_hal_tim.o
HAL_TIM_IC_Stop_DMA                               build/stm32f4xx_hal_tim.o