Archive member included to satisfy reference by file (symbol)

/opt/arm-gnu-toolchain/bin/../lib/gcc/arm-none-eabi/14.2.1/../../../../arm-none-eabi/lib/thumb/v7e-m+fp/hard/libc_nano.a(libc_a-atof.o)
                              build/gps_handler.o (atof)
/opt/arm-gnu-toolchain/bin/../lib/gcc/arm-none-eabi/14.2.1/../../../../arm-none-eabi/lib/thumb/v7e-m+fp/hard/libc_nano.a(libc_a-exit.o)
                              /opt/arm-gnu-toolchain/bin/../lib/gcc/arm-none-eabi/14.2.1/../../../../arm-none-eabi/lib/thumb/v7e-m+fp/hard/crt0.o (exit)
/opt/arm-gnu-toolchain/bin/../lib/gcc/arm-none-eabi/14.2.1/../../../../arm-none-eabi/lib/thumb/v7e-m+fp/hard/libc_nano.a(libc_a-sprintf.o)
                              build/i2c_handler.o (sprintf)
/opt/arm-gnu-toolchain/bin/../lib/gcc/arm-none-eabi/14.2.1/../../../../arm-none-eabi/lib/thumb/v7e-m+fp/hard/libc_nano.a(libc_a-sscanf.o)
                              build/gps_handler.o (sscanf)
/opt/arm-gnu-toolchain/bin/../lib/gcc/arm-none-eabi/14.2.1/../../../../arm-none-eabi/lib/thumb/v7e-m+fp/hard/libc_nano.a(libc_a-stdio.o)
                              /opt/arm-gnu-toolchain/bin/../lib/gcc/arm-none-eabi/14.2.1/../../../../arm-none-eabi/lib/thumb/v7e-m+fp/hard/libc_nano.a(libc_a-sscanf.o) (__seofread)
/opt/arm-gnu-toolchain/bin/../lib/gcc/arm-none-eabi/14.2.1/../../../../arm-none-eabi/lib/thumb/v7e-m+fp/hard/libc_nano.a(libc_a-findfp.o)
                              /opt/arm-gnu-toolchain/bin/../lib/gcc/arm-none-eabi/14.2.1/../../../../arm-none-eabi/lib/thumb/v7e-m+fp/hard/libc_nano.a(libc_a-exit.o) (__stdio_exit_handler)
/opt/arm-gnu-toolchain/bin/../lib/gcc/arm-none-eabi/14.2.1/../../../../arm-none-eabi/lib/thumb/v7e-m+fp/hard/libc_nano.a(libc_a-strtod.o)
                              /opt/arm-gnu-toolchain/bin/../lib/gcc/arm-none-eabi/14.2.1/../../../../arm-none-eabi/lib/thumb/v7e-m+fp/hard/libc_nano.a(libc_a-atof.o) (strtod)
/opt/arm-gnu-toolchain/bin/../lib/gcc/arm-none-eabi/14.2.1/../../../../arm-none-eabi/lib/thumb/v7e-m+fp/hard/libc_nano.a(libc_a-fwalk.o)
                              /opt/arm-gnu-toolchain/bin/../lib/gcc/arm-none-eabi/14.2.1/../../../../arm-none-eabi/lib/thumb/v7e-m+fp/hard/libc_nano.a(libc_a-findfp.o) (_fwalk_sglue)
/opt/arm-gnu-toolchain/bin/../lib/gcc/arm-none-eabi/14.2.1/../../../../arm-none-eabi/lib/thumb/v7e-m+fp/hard/libc_nano.a(libc_a-memset.o)
                              /opt/arm-gnu-toolchain/bin/../lib/gcc/arm-none-eabi/14.2.1/../../../../arm-none-eabi/lib/thumb/v7e-m+fp/hard/crt0.o (memset)
/opt/arm-gnu-toolchain/bin/../lib/gcc/arm-none-eabi/14.2.1/../../../../arm-none-eabi/lib/thumb/v7e-m+fp/hard/libc_nano.a(libc_a-strncmp.o)
                              /opt/arm-gnu-toolchain/bin/../lib/gcc/arm-none-eabi/14.2.1/../../../../arm-none-eabi/lib/thumb/v7e-m+fp/hard/libc_nano.a(libc_a-strtod.o) (strncmp)
/opt/arm-gnu-toolchain/bin/../lib/gcc/arm-none-eabi/14.2.1/../../../../arm-none-eabi/lib/thumb/v7e-m+fp/hard/libc_nano.a(libc_a-strncpy.o)
                              build/gps_handler.o (strncpy)
/opt/arm-gnu-toolchain/bin/../lib/gcc/arm-none-eabi/14.2.1/../../../../arm-none-eabi/lib/thumb/v7e-m+fp/hard/libc_nano.a(libc_a-strtok.o)
                              build/gps_handler.o (strtok)
/opt/arm-gnu-toolchain/bin/../lib/gcc/arm-none-eabi/14.2.1/../../../../arm-none-eabi/lib/thumb/v7e-m+fp/hard/libc_nano.a(libc_a-strtok_r.o)
                              /opt/arm-gnu-toolchain/bin/../lib/gcc/arm-none-eabi/14.2.1/../../../../arm-none-eabi/lib/thumb/v7e-m+fp/hard/libc_nano.a(libc_a-strtok.o) (__strtok_r)
/opt/arm-gnu-toolchain/bin/../lib/gcc/arm-none-eabi/14.2.1/../../../../arm-none-eabi/lib/thumb/v7e-m+fp/hard/libc_nano.a(libc_a-strstr.o)
                              build/gps_handler.o (strstr)
/opt/arm-gnu-toolchain/bin/../lib/gcc/arm-none-eabi/14.2.1/../../../../arm-none-eabi/lib/thumb/v7e-m+fp/hard/libc_nano.a(libc_a-lseekr.o)
                              /opt/arm-gnu-toolchain/bin/../lib/gcc/arm-none-eabi/14.2.1/../../../../arm-none-eabi/lib/thumb/v7e-m+fp/hard/libc_nano.a(libc_a-stdio.o) (_lseek_r)
/opt/arm-gnu-toolchain/bin/../lib/gcc/arm-none-eabi/14.2.1/../../../../arm-none-eabi/lib/thumb/v7e-m+fp/hard/libc_nano.a(libc_a-readr.o)
                              /opt/arm-gnu-toolchain/bin/../lib/gcc/arm-none-eabi/14.2.1/../../../../arm-none-eabi/lib/thumb/v7e-m+fp/hard/libc_nano.a(libc_a-stdio.o) (_read_r)
/opt/arm-gnu-toolchain/bin/../lib/gcc/arm-none-eabi/14.2.1/../../../../arm-none-eabi/lib/thumb/v7e-m+fp/hard/libc_nano.a(libc_a-writer.o)
                              /opt/arm-gnu-toolchain/bin/../lib/gcc/arm-none-eabi/14.2.1/../../../../arm-none-eabi/lib/thumb/v7e-m+fp/hard/libc_nano.a(libc_a-stdio.o) (_write_r)
/opt/arm-gnu-toolchain/bin/../lib/gcc/arm-none-eabi/14.2.1/../../../../arm-none-eabi/lib/thumb/v7e-m+fp/hard/libc_nano.a(libc_a-errno.o)
                              build/sysmem.o (__errno)
[...]
Memory Configuration

Name             Origin             Length             Attributes
RAM              0x20000000         0x00020000         xrw
FLASH            0x08000000         0x00080000         xr
*default*        0x00000000         0xffffffff

Linker script and memory map

LOAD /opt/arm-gnu-toolchain/bin/../lib/gcc/arm-none-eabi/14.2.1/thumb/v7e-m+fp/hard/crti.o
LOAD /opt/arm-gnu-toolchain/bin/../lib/gcc/arm-none-eabi/14.2.1/thumb/v7e-m+fp/hard/crtbegin.o
LOAD /opt/arm-gnu-toolchain/bin/../lib/gcc/arm-none-eabi/14.2.1/../../../../arm-none-eabi/lib/thumb/v7e-m+fp/hard/crt0.o
LOAD build/main.o
LOAD build/aml_hal.o
LOAD build/global.o
LOAD build/gpio_handler.o
LOAD build/i2c_handler.o
LOAD build/timer.o
LOAD build/uart_handler.o
LOAD build/command_handler.o
LOAD build/gps_handler.o
LOAD build/stm32f4xx_it.o
LOAD build/stm32f4xx_hal_msp.o
LOAD build/stm32f4xx_hal_tim.o
LOAD build/stm32f4xx_hal_tim_ex.o
LOAD build/stm32f4xx_hal_uart.o
LOAD build/stm32f4xx_hal_rcc.o
LOAD build/stm32f4xx_hal_rcc_ex.o
LOAD build/stm32f4xx_hal_flash.o
LOAD build/stm32f4xx_hal_flash_ex.o
LOAD build/stm32f4xx_hal_flash_ramfunc.o
LOAD build/stm32f4xx_hal_gpio.o
LOAD build/stm32f4xx_hal_dma_ex.o
LOAD build/stm32f4xx_hal_dma.o
LOAD build/stm32f4xx_hal_pwr.o
LOAD build/stm32f4xx_hal_pwr_ex.o
LOAD build/stm32f4xx_hal_cortex.o
LOAD build/stm32f4xx_hal.o
LOAD build/stm32f4xx_hal_exti.o
LOAD build/stm32f4xx_hal_i2c.o
LOAD build/system_stm32f4xx.o
LOAD build/sysmem.o
LOAD build/syscalls.o
LOAD build/startup_stm32f411xe.o
LOAD /opt/arm-gnu-toolchain/bin/../lib/gcc/arm-none-eabi/14.2.1/../../../../arm-none-eabi/lib/thumb/v7e-m+fp/hard/libc_nano.a
LOAD /opt/arm-gnu-toolchain/bin/../lib/gcc/arm-none-eabi/14.2.1/../../../../arm-none-eabi/lib/thumb/v7e-m+fp/hard/libm.a
LOAD /opt/arm-gnu-toolchain/bin/../lib/gcc/arm-none-eabi/14.2.1/../../../../arm-none-eabi/lib/thumb/v7e-m+fp/hard/libnosys.a
START GROUP
LOAD /opt/arm-gnu-toolchain/bin/../lib/gcc/arm-none-eabi/14.2.1/thumb/v7e-m+fp/hard/libgcc.a
LOAD /opt/arm-gnu-toolchain/bin/../lib/gcc/arm-none-eabi/14.2.1/../../../../arm-none-eabi/lib/thumb/v7e-m+fp/hard/libc_nano.a
END GROUP
START GROUP
LOAD /opt/arm-gnu-toolchain/bin/../lib/gcc/arm-none-eabi/14.2.1/thumb/v7e-m+fp/hard/libgcc.a
LOAD /opt/arm-gnu-toolchain/bin/../lib/gcc/arm-none-eabi/14.2.1/../../../../arm-none-eabi/lib/thumb/v7e-m+fp/hard/libc_nano.a
END GROUP
LOAD /opt/arm-gnu-toolchain/bin/../lib/gcc/arm-none-eabi/14.2.1/thumb/v7e-m+fp/hard/crtend.o
LOAD /opt/arm-gnu-toolchain/bin/../lib/gcc/arm-none-eabi/14.2.1/thumb/v7e-m+fp/hard/crtn.o
                0x20020000                        _estack = (ORIGIN (RAM) + LENGTH (RAM))
                0x00000200                        _Min_Heap_Size = 0x200
                0x00000400                        _Min_Stack_Size = 0x400

.isr_vector     0x08000000      0x198
                0x08000000                        . = ALIGN (0x4)
 *(.isr_vector)
 .isr_vector    0x08000000      0x198 build/startup_stm32f411xe.o
                0x08000000                g_pfnVectors
                0x08000198                        . = ALIGN (0x4)

.text           0x080001a0     0x8ff4
                0x080001a0                        . = ALIGN (0x4)
 *(.text)
 .text          0x080001a0       0x10 /opt/arm-gnu-toolchain/bin/../lib/gcc/arm-none-eabi/14.2.1/../../../../arm-none-eabi/lib/thumb/v7e-m+fp/hard/libc_nano.a(libc_a-strlen.o)
                0x080001a0                strlen
 .text          0x080001b0       0xa0 /opt/arm-gnu-toolchain/bin/../lib/gcc/arm-none-eabi/14.2.1/../../../../arm-none-eabi/lib/thumb/v7e-m+fp/hard/libc_nano.a(libc_a-memchr.o)
                0x080001b0                memchr
 .text          0x08000250      0x378 /opt/arm-gnu-toolchain/bin/../lib/gcc/arm-none-eabi/14.2.1/thumb/v7e-m+fp/hard/libgcc.a(_arm_addsubdf3.o)
                0x08000250                __aeabi_drsub
                0x08000258                __subdf3
                0x08000258                __aeabi_dsub
                0x0800025c                __aeabi_dadd
                0x0800025c                __adddf3
                0x080004d4                __aeabi_ui2d
                0x080004d4                __floatunsidf
                0x080004f4                __floatsidf
                0x080004f4                __aeabi_i2d
                0x08000518                __extendsfdf2
                0x08000518                __aeabi_f2d
                0x0800055c                __aeabi_ul2d
                0x0800055c                __floatundidf
                0x0800056c                __aeabi_l2d
                0x0800056c                __floatdidf
 .text          0x080005c8      0x424 /opt/arm-gnu-toolchain/bin/../lib/gcc/arm-none-eabi/14.2.1/thumb/v7e-m+fp/hard/libgcc.a(_arm_muldivdf3.o)
                0x080005c8                __aeabi_dmul
                0x080005c8                __muldf3
                0x0800081c                __aeabi_ddiv
                0x0800081c                __divdf3
 .text          0x080009ec      0x110 /opt/arm-gnu-toolchain/bin/../lib/gcc/arm-none-eabi/14.2.1/thumb/v7e-m+fp/hard/libgcc.a(_arm_cmpdf2.o)
                0x080009ec                __gedf2
                0x080009ec                __gtdf2
                0x080009f4                __ledf2
                0x080009f4                __ltdf2
                0x080009fc                __cmpdf2
                0x080009fc                __eqdf2
                0x080009fc                __nedf2
                0x08000a78                __aeabi_cdrcmple
                0x08000a88                __aeabi_cdcmple
                0x08000a88                __aeabi_cdcmpeq
                0x08000a98                __aeabi_dcmpeq
                0x08000aac                __aeabi_dcmplt
                0x08000ac0                __aeabi_dcmple
                0x08000ad4                __aeabi_dcmpge
                0x08000ae8                __aeabi_dcmpgt
 .text          0x08000afc       0x40 /opt/arm-gnu-toolchain/bin/../lib/gcc/arm-none-eabi/14.2.1/thumb/v7e-m+fp/hard/libgcc.a(_arm_fixunsdfsi.o)
                0x08000afc                __fixunsdfsi
                0x08000afc                __aeabi_d2uiz
 .text          0x08000b3c       0xa0 /opt/arm-gnu-toolchain/bin/../lib/gcc/arm-none-eabi/14.2.1/thumb/v7e-m+fp/hard/libgcc.a(_arm_truncdfsf2.o)
                0x08000b3c                __aeabi_d2f
                0x08000b3c                __truncdfsf2
 .text          0x08000bdc       0x30 /opt/arm-gnu-toolchain/bin/../lib/gcc/arm-none-eabi/14.2.1/thumb/v7e-m+fp/hard/libgcc.a(_aeabi_uldivmod.o)
                0x08000bdc                __aeabi_uldivmod
 .text          0x08000c0c        0x4 /opt/arm-gnu-toolchain/bin/../lib/gcc/arm-none-eabi/14.2.1/thumb/v7e-m+fp/hard/libgcc.a(_dvmd_tls.o)
                0x08000c0c                __aeabi_ldiv0
                0x08000c0c                __aeabi_idiv0
 *(.text*)
 .text.deregister_tm_clones
                0x08000c10       0x1c /opt/arm-gnu-toolchain/bin/../lib/gcc/arm-none-eabi/14.2.1/thumb/v7e-m+fp/hard/crtbegin.o
 .text.register_tm_clones
                0x08000c2c       0x24 /opt/arm-gnu-toolchain/bin/../lib/gcc/arm-none-eabi/14.2.1/thumb/v7e-m+fp/hard/crtbegin.o
 .text.__do_global_dtors_aux
                0x08000c50       0x28 /opt/arm-gnu-toolchain/bin/../lib/gcc/arm-none-eabi/14.2.1/thumb/v7e-m+fp/hard/crtbegin.o
 .text.frame_dummy
                0x08000c78       0x24 /opt/arm-gnu-toolchain/bin/../lib/gcc/arm-none-eabi/14.2.1/thumb/v7e-m+fp/hard/crtbegin.o
 .text.main     0x08000c9c       0x80 build/main.o
                0x08000c9c                main
 .text.AML_Init
                0x08000d1c       0x1c build/aml_hal.o
                0x08000d1c                AML_Init
 .text.Error_Handler
                0x08000d38       0x18 build/aml_hal.o
                0x08000d38                Error_Handler
 .text.MX_GPIO_Init
                0x08000d50       0x98 build/gpio_handler.o
                0x08000d50                MX_GPIO_Init
 .text.WriteDigitalOut
                0x08000de8       0x18 build/gpio_handler.o
                0x08000de8                WriteDigitalOut
 .text.AssignDigitalOut
                0x08000e00       0x4c build/gpio_handler.o
                0x08000e00                AssignDigitalOut
 .text.ToggleDigitalOut
                0x08000e4c       0x1e build/gpio_handler.o
                0x08000e4c                ToggleDigitalOut
 *fill*         0x08000e6a        0x2 
 .text.BuiltinLED_Init
                0x08000e6c       0x30 build/gpio_handler.o
                0x08000e6c                BuiltinLED_Init
 .text.indicate_setup_with_blinks
                0x08000e9c       0x2c build/gpio_handler.o
                0x08000e9c                indicate_setup_with_blinks
 .text.DigitalIn_Init
                0x08000ec8       0x24 build/gpio_handler.o
                0x08000ec8                DigitalIn_Init
 .text.BuiltinPushButton_Init
                0x08000eec       0x28 build/gpio_handler.o
                0x08000eec                BuiltinPushButton_Init
 .text.HAL_GPIO_EXTI_Callback
                0x08000f14       0x68 build/gpio_handler.o
                0x08000f14                HAL_GPIO_EXTI_Callback
 .text.MX_I2C1_Init
                0x08000f7c       0x78 build/i2c_handler.o
                0x08000f7c                MX_I2C1_Init
 .text.I2C_connectivity_check
                0x08000ff4       0x40 build/i2c_handler.o
                0x08000ff4                I2C_connectivity_check
 .text.I2C_ACC_Enable
                0x08001034       0x64 build/i2c_handler.o
                0x08001034                I2C_ACC_Enable
 .text.BVAT_I2C_Init
                0x08001098       0x38 build/i2c_handler.o
                0x08001098                BVAT_I2C_Init
 .text.readACC  0x080010d0       0x54 build/i2c_handler.o
                0x080010d0                readACC
 .text.LIS3DH_Read_Accel_Data
                0x08001124       0xb8 build/i2c_handler.o
                0x08001124                LIS3DH_Read_Accel_Data
 .text.SystemClock_Config
                0x080011dc       0xa4 build/timer.o
                0x080011dc                SystemClock_Config
 .text.MX_TIM2_Init
                0x08001280       0x50 build/timer.o
                0x08001280                MX_TIM2_Init
 .text.TIM2_IRQHandler
                0x080012d0       0x10 build/timer.o
                0x080012d0                TIM2_IRQHandler
 .text.HAL_TIM_PeriodElapsedCallback
                0x080012e0        0x2 build/timer.o
                0x080012e0                HAL_TIM_PeriodElapsedCallback
 .text.timer_handler
                0x080012e2       0x1c build/timer.o
                0x080012e2                timer_handler
 *fill*         0x080012fe        0x2 
 .text.MX_USART1_UART_Init
                0x08001300       0x34 build/uart_handler.o
                0x08001300                MX_USART1_UART_Init
 .text.MX_USART2_UART_Init
                0x08001334       0x34 build/uart_handler.o
                0x08001334                MX_USART2_UART_Init
 .text.WriteUART_Blocking
                0x08001368       0x24 build/uart_handler.o
                0x08001368                WriteUART_Blocking
 .text.HAL_UART_TxCpltCallback
                0x0800138c        0x2 build/uart_handler.o
                0x0800138c                HAL_UART_TxCpltCallback
 *fill*         0x0800138e        0x2 
 .text.get_all_sensor_data
                0x08001390       0x38 build/command_handler.o
 .text.log_all_sensor_data
                0x080013c8       0x78 build/command_handler.o
 .text.handle_logging_state
                0x08001440       0x34 build/command_handler.o
 .text.handle_idle_state
                0x08001474       0x30 build/command_handler.o
 .text.CommandHandler_Init
                0x080014a4       0x2c build/command_handler.o
                0x080014a4                CommandHandler_Init
 .text.measure_loop
                0x080014d0       0x1c build/command_handler.o
                0x080014d0                measure_loop
 .text.Verify_LIS3DH_Sensor
                0x080014ec       0x78 build/command_handler.o
                0x080014ec                Verify_LIS3DH_Sensor
 .text.Check_GPS_Status
                0x08001564       0x6c build/command_handler.o
                0x08001564                Check_GPS_Status
 .text.nmea_to_decimal_degrees
                0x080015d0       0x64 build/gps_handler.o
 .text.GPS_Parse_RMC_Sentence
                0x08001634      0x180 build/gps_handler.o
 .text.GPS_Init
                0x080017b4       0x4c build/gps_handler.o
                0x080017b4                GPS_Init
 .text.GPS_Process_Buffer
                0x08001800       0xb0 build/gps_handler.o
                0x08001800                GPS_Process_Buffer
 .text.GPS_Get_Latest_Data
                0x080018b0       0x2c build/gps_handler.o
                0x080018b0                GPS_Get_Latest_Data
 .text.HAL_UART_RxCpltCallback
                0x080018dc        0x8 build/gps_handler.o
                0x080018dc                HAL_UART_RxCpltCallback
 .text.NMI_Handler
                0x080018e4        0x2 build/stm32f4xx_it.o
                0x080018e4                NMI_Handler
 .text.HardFault_Handler
                0x080018e6        0x2 build/stm32f4xx_it.o
                0x080018e6                HardFault_Handler
 .text.MemManage_Handler
                0x080018e8        0x2 build/stm32f4xx_it.o
                0x080018e8                MemManage_Handler
 .text.BusFault_Handler
                0x080018ea        0x2 build/stm32f4xx_it.o
                0x080018ea                BusFault_Handler
 .text.UsageFault_Handler
                0x080018ec        0x2 build/stm32f4xx_it.o
                0x080018ec                UsageFault_Handler
 .text.SVC_Handler
                0x080018ee        0x2 build/stm32f4xx_it.o
                0x080018ee                SVC_Handler
 .text.DebugMon_Handler
                0x080018f0        0x2 build/stm32f4xx_it.o
                0x080018f0                DebugMon_Handler
 .text.PendSV_Handler
                0x080018f2        0x2 build/stm32f4xx_it.o
                0x080018f2                PendSV_Handler
 .text.SysTick_Handler
                0x080018f4        0x8 build/stm32f4xx_it.o
                0x080018f4                SysTick_Handler
 .text.DMA2_Stream5_IRQHandler
                0x080018fc       0x10 build/stm32f4xx_it.o
                0x080018fc                DMA2_Stream5_IRQHandler
 .text.EXTI15_10_IRQHandler
                0x0800190c        0xc build/stm32f4xx_it.o
                0x0800190c                EXTI15_10_IRQHandler
 .text.USART1_IRQHandler
                0x08001918       0x10 build/stm32f4xx_it.o
                0x08001918                USART1_IRQHandler
 .text.USART2_IRQHandler
                0x08001928       0x10 build/stm32f4xx_it.o
                0x08001928                USART2_IRQHandler
 .text.I2C1_EV_IRQHandler
                0x08001938       0x10 build/stm32f4xx_it.o
                0x08001938                I2C1_EV_IRQHandler
 .text.I2C1_ER_IRQHandler
                0x08001948       0x10 build/stm32f4xx_it.o
                0x08001948                I2C1_ER_IRQHandler
 .text.HAL_MspInit
                0x08001958       0x40 build/stm32f4xx_hal_msp.o
                0x08001958                HAL_MspInit
 .text.HAL_UART_MspInit
                0x08001998      0x14c build/stm32f4xx_hal_msp.o
                0x08001998                HAL_UART_MspInit
 .text.HAL_I2C_MspInit
                0x08001ae4       0x74 build/stm32f4xx_hal_msp.o
                0x08001ae4                HAL_I2C_MspInit
 .text.HAL_TIM_Base_MspInit
                0x08001b58        0x2 build/stm32f4xx_hal_tim.o
                0x08001b58                HAL_TIM_Base_MspInit
 .text.HAL_TIM_OC_DelayElapsedCallback
                0x08001b5a        0x2 build/stm32f4xx_hal_tim.o
                0x08001b5a                HAL_TIM_OC_DelayElapsedCallback
 .text.HAL_TIM_IC_CaptureCallback
                0x08001b5c        0x2 build/stm32f4xx_hal_tim.o
                0x08001b5c                HAL_TIM_IC_CaptureCallback
 .text.HAL_TIM_PWM_PulseFinishedCallback
                0x08001b5e        0x2 build/stm32f4xx_hal_tim.o
                0x08001b5e                HAL_TIM_PWM_PulseFinishedCallback
 .text.HAL_TIM_TriggerCallback
                0x08001b60        0x2 build/stm32f4xx_hal_tim.o
                0x08001b60                HAL_TIM_TriggerCallback
 .text.HAL_TIM_IRQHandler
                0x08001b62      0x15e build/stm32f4xx_hal_tim.o
                0x08001b62                HAL_TIM_IRQHandler
 .text.TIM_Base_SetConfig
                0x08001cc0       0xa4 build/stm32f4xx_hal_tim.o
                0x08001cc0                TIM_Base_SetConfig
 .text.HAL_TIM_Base_Init
                0x08001d64       0x58 build/stm32f4xx_hal_tim.o
                0x08001d64                HAL_TIM_Base_Init
 .text.HAL_TIMEx_CommutCallback
                0x08001dbc        0x2 build/stm32f4xx_hal_tim_ex.o
                0x08001dbc                HAL_TIMEx_CommutCallback
 .text.HAL_TIMEx_BreakCallback
                0x08001dbe        0x2 build/stm32f4xx_hal_tim_ex.o
                0x08001dbe                HAL_TIMEx_BreakCallback
 .text.UART_EndTxTransfer
                0x08001dc0       0x20 build/stm32f4xx_hal_uart.o
 .text.UART_EndRxTransfer
                0x08001de0       0x5c build/stm32f4xx_hal_uart.o
 .text.UART_Transmit_IT
                0x08001e3c       0x60 build/stm32f4xx_hal_uart.o
 .text.UART_SetConfig
                0x08001e9c      0x110 build/stm32f4xx_hal_uart.o
 .text.UART_WaitOnFlagUntilTimeout
                0x08001fac       0x86 build/stm32f4xx_hal_uart.o
 .text.HAL_UART_Init
                0x08002032       0x60 build/stm32f4xx_hal_uart.o
                0x08002032                HAL_UART_Init
 .text.HAL_UART_Transmit
                0x08002092       0xcc build/stm32f4xx_hal_uart.o
                0x08002092                HAL_UART_Transmit
 .text.UART_EndTransmit_IT
                0x0800215e       0x1a build/stm32f4xx_hal_uart.o
 .text.HAL_UART_RxHalfCpltCallback
                0x08002178        0x2 build/stm32f4xx_hal_uart.o
                0x08002178                HAL_UART_RxHalfCpltCallback
 .text.HAL_UART_ErrorCallback
                0x0800217a        0x2 build/stm32f4xx_hal_uart.o
                0x0800217a                HAL_UART_ErrorCallback
 .text.UART_DMAError
                0x0800217c       0x58 build/stm32f4xx_hal_uart.o
 .text.UART_DMAAbortOnError
                0x080021d4        0xe build/stm32f4xx_hal_uart.o
 .text.HAL_UARTEx_RxEventCallback
                0x080021e2        0x2 build/stm32f4xx_hal_uart.o
                0x080021e2                HAL_UARTEx_RxEventCallback
 .text.UART_Receive_IT
                0x080021e4       0xe6 build/stm32f4xx_hal_uart.o
 *fill*         0x080022ca        0x2 
 .text.HAL_UART_IRQHandler
                0x080022cc      0x2a0 build/stm32f4xx_hal_uart.o
                0x080022cc                HAL_UART_IRQHandler
 .text.UART_DMARxHalfCplt
                0x0800256c       0x1e build/stm32f4xx_hal_uart.o
 .text.UART_DMAReceiveCplt
                0x0800258a       0x9a build/stm32f4xx_hal_uart.o
 .text.UART_Start_Receive_DMA
                0x08002624       0xb8 build/stm32f4xx_hal_uart.o
                0x08002624                UART_Start_Receive_DMA
 .text.HAL_UART_Receive_DMA
                0x080026dc       0x26 build/stm32f4xx_hal_uart.o
                0x080026dc                HAL_UART_Receive_DMA
 *fill*         0x08002702        0x2 
 .text.HAL_RCC_OscConfig
                0x08002704      0x3f8 build/stm32f4xx_hal_rcc.o
                0x08002704                HAL_RCC_OscConfig
 .text.HAL_RCC_GetSysClockFreq
                0x08002afc       0xdc build/stm32f4xx_hal_rcc.o
                0x08002afc                HAL_RCC_GetSysClockFreq
 .text.HAL_RCC_ClockConfig
                0x08002bd8      0x160 build/stm32f4xx_hal_rcc.o
                0x08002bd8                HAL_RCC_ClockConfig
 .text.HAL_RCC_GetHCLKFreq
                0x08002d38        0xc build/stm32f4xx_hal_rcc.o
                0x08002d38                HAL_RCC_GetHCLKFreq
 .text.HAL_RCC_GetPCLK1Freq
                0x08002d44       0x20 build/stm32f4xx_hal_rcc.o
                0x08002d44                HAL_RCC_GetPCLK1Freq
 .text.HAL_RCC_GetPCLK2Freq
                0x08002d64       0x20 build/stm32f4xx_hal_rcc.o
                0x08002d64                HAL_RCC_GetPCLK2Freq
 .text.HAL_GPIO_Init
                0x08002d84      0x1c8 build/stm32f4xx_hal_gpio.o
                0x08002d84                HAL_GPIO_Init
 .text.HAL_GPIO_WritePin
                0x08002f4c        0xc build/stm32f4xx_hal_gpio.o
                0x08002f4c                HAL_GPIO_WritePin
 .text.HAL_GPIO_TogglePin
                0x08002f58       0x12 build/stm32f4xx_hal_gpio.o
                0x08002f58                HAL_GPIO_TogglePin
 *fill*         0x08002f6a        0x2 
 .text.HAL_GPIO_EXTI_IRQHandler
                0x08002f6c       0x1c build/stm32f4xx_hal_gpio.o
                0x08002f6c                HAL_GPIO_EXTI_IRQHandler
 .text.DMA_SetConfig
                0x08002f88       0x2c build/stm32f4xx_hal_dma.o
 .text.DMA_CalcBaseAndBitshift
                0x08002fb4       0x3c build/stm32f4xx_hal_dma.o
 .text.DMA_CheckFifoParam
                0x08002ff0       0x8e build/stm32f4xx_hal_dma.o
 *fill*         0x0800307e        0x2 
 .text.HAL_DMA_Init
                0x08003080       0xcc build/stm32f4xx_hal_dma.o
                0x08003080                HAL_DMA_Init
 .text.HAL_DMA_Start_IT
                0x0800314c       0x6a build/stm32f4xx_hal_dma.o
                0x0800314c                HAL_DMA_Start_IT
 .text.HAL_DMA_Abort
                0x080031b6       0x94 build/stm32f4xx_hal_dma.o
                0x080031b6                HAL_DMA_Abort
 .text.HAL_DMA_Abort_IT
                0x0800324a       0x26 build/stm32f4xx_hal_dma.o
                0x0800324a                HAL_DMA_Abort_IT
 .text.HAL_DMA_IRQHandler
                0x08003270      0x1dc build/stm32f4xx_hal_dma.o
                0x08003270                HAL_DMA_IRQHandler
 .text.HAL_DMA_GetState
                0x0800344c        0x6 build/stm32f4xx_hal_dma.o
                0x0800344c                HAL_DMA_GetState
 *fill*         0x08003452        0x2 
 .text.__NVIC_EnableIRQ
                0x08003454       0x1c build/stm32f4xx_hal_cortex.o
 .text.__NVIC_SetPriority
                0x08003470       0x28 build/stm32f4xx_hal_cortex.o
 .text.NVIC_EncodePriority
                0x08003498       0x3e build/stm32f4xx_hal_cortex.o
 *fill*         0x080034d6        0x2 
 .text.HAL_NVIC_SetPriorityGrouping
                0x080034d8       0x24 build/stm32f4xx_hal_cortex.o
                0x080034d8                HAL_NVIC_SetPriorityGrouping
 .text.HAL_NVIC_SetPriority
                0x080034fc       0x20 build/stm32f4xx_hal_cortex.o
                0x080034fc                HAL_NVIC_SetPriority
 .text.HAL_NVIC_EnableIRQ
                0x0800351c        0x8 build/stm32f4xx_hal_cortex.o
                0x0800351c                HAL_NVIC_EnableIRQ
 .text.HAL_SYSTICK_Config
                0x08003524       0x28 build/stm32f4xx_hal_cortex.o
                0x08003524                HAL_SYSTICK_Config
 .text.HAL_InitTick
                0x0800354c       0x4c build/stm32f4xx_hal.o
                0x0800354c                HAL_InitTick
 .text.HAL_Init
                0x08003598       0x34 build/stm32f4xx_hal.o
                0x08003598                HAL_Init
 .text.HAL_IncTick
                0x080035cc       0x18 build/stm32f4xx_hal.o
                0x080035cc                HAL_IncTick
 .text.HAL_GetTick
                0x080035e4        0xc build/stm32f4xx_hal.o
                0x080035e4                HAL_GetTick
 .text.HAL_Delay
                0x080035f0       0x28 build/stm32f4xx_hal.o
                0x080035f0                HAL_Delay
 .text.I2C_Flush_DR
                0x08003618       0x10 build/stm32f4xx_hal_i2c.o
 .text.I2C_Master_SB
                0x08003628       0xa8 build/stm32f4xx_hal_i2c.o
 .text.I2C_Master_ADD10
                0x080036d0       0x2a build/stm32f4xx_hal_i2c.o
 *fill*         0x080036fa        0x2 
 .text.I2C_Master_ADDR
                0x080036fc      0x230 build/stm32f4xx_hal_i2c.o
 .text.I2C_SlaveTransmit_BTF
                0x0800392c       0x20 build/stm32f4xx_hal_i2c.o
 .text.I2C_SlaveReceive_BTF
                0x0800394c       0x20 build/stm32f4xx_hal_i2c.o
 .text.I2C_WaitOnSTOPRequestThroughIT
                0x0800396c       0x48 build/stm32f4xx_hal_i2c.o
 .text.I2C_IsAcknowledgeFailed
                0x080039b4       0x32 build/stm32f4xx_hal_i2c.o
 .text.I2C_ConvertOtherXferOptions
                0x080039e6       0x1e build/stm32f4xx_hal_i2c.o
 .text.I2C_WaitOnFlagUntilTimeout
                0x08003a04       0xaa build/stm32f4xx_hal_i2c.o
 .text.I2C_WaitOnMasterAddressFlagUntilTimeout
                0x08003aae       0xd6 build/stm32f4xx_hal_i2c.o
 .text.I2C_WaitOnTXEFlagUntilTimeout
                0x08003b84       0x5e build/stm32f4xx_hal_i2c.o
 *fill*         0x08003be2        0x2 
 .text.I2C_RequestMemoryWrite
                0x08003be4       0xd8 build/stm32f4xx_hal_i2c.o
 .text.I2C_RequestMemoryRead
                0x08003cbc      0x154 build/stm32f4xx_hal_i2c.o
 .text.I2C_WaitOnBTFFlagUntilTimeout
                0x08003e10       0x5e build/stm32f4xx_hal_i2c.o
 .text.I2C_WaitOnRXNEFlagUntilTimeout
                0x08003e6e       0x78 build/stm32f4xx_hal_i2c.o
 *fill*         0x08003ee6        0x2 
 .text.HAL_I2C_Init
                0x08003ee8      0x1bc build/stm32f4xx_hal_i2c.o
                0x08003ee8                HAL_I2C_Init
 .text.HAL_I2C_Mem_Write
                0x080040a4      0x164 build/stm32f4xx_hal_i2c.o
                0x080040a4                HAL_I2C_Mem_Write
 .text.HAL_I2C_Mem_Read
                0x08004208      0x2f8 build/stm32f4xx_hal_i2c.o
                0x08004208                HAL_I2C_Mem_Read
 .text.HAL_I2C_IsDeviceReady
                0x08004500      0x194 build/stm32f4xx_hal_i2c.o
                0x08004500                HAL_I2C_IsDeviceReady
 .text.HAL_I2C_MasterTxCpltCallback
                0x08004694        0x2 build/stm32f4xx_hal_i2c.o
                0x08004694                HAL_I2C_MasterTxCpltCallback
 .text.HAL_I2C_MasterRxCpltCallback
                0x08004696        0x2 build/stm32f4xx_hal_i2c.o
                0x08004696                HAL_I2C_MasterRxCpltCallback
 .text.HAL_I2C_SlaveTxCpltCallback
                0x08004698        0x2 build/stm32f4xx_hal_i2c.o
                0x08004698                HAL_I2C_SlaveTxCpltCallback
 .text.I2C_SlaveTransmit_TXE
                0x0800469a       0x4c build/stm32f4xx_hal_i2c.o
 .text.HAL_I2C_SlaveRxCpltCallback
                0x080046e6        0x2 build/stm32f4xx_hal_i2c.o
                0x080046e6                HAL_I2C_SlaveRxCpltCallback
 .text.I2C_SlaveReceive_RXNE
                0x080046e8       0x4c build/stm32f4xx_hal_i2c.o
 .text.HAL_I2C_AddrCallback
                0x08004734        0x2 build/stm32f4xx_hal_i2c.o
                0x08004734                HAL_I2C_AddrCallback
 .text.I2C_Slave_ADDR
                0x08004736       0x5a build/stm32f4xx_hal_i2c.o
 .text.HAL_I2C_ListenCpltCallback
                0x08004790        0x2 build/stm32f4xx_hal_i2c.o
                0x08004790                HAL_I2C_ListenCpltCallback
 *fill*         0x08004792        0x2 
 .text.I2C_Slave_AF
                0x08004794       0xa0 build/stm32f4xx_hal_i2c.o
 .text.HAL_I2C_MemTxCpltCallback
                0x08004834        0x2 build/stm32f4xx_hal_i2c.o
                0x08004834                HAL_I2C_MemTxCpltCallback
 .text.I2C_MasterTransmit_BTF
                0x08004836       0x9e build/stm32f4xx_hal_i2c.o
 .text.I2C_MemoryTransmit_TXE_BTF
                0x080048d4       0xc4 build/stm32f4xx_hal_i2c.o
 .text.I2C_MasterTransmit_TXE
                0x08004998       0xd4 build/stm32f4xx_hal_i2c.o
 .text.HAL_I2C_MemRxCpltCallback
                0x08004a6c        0x2 build/stm32f4xx_hal_i2c.o
                0x08004a6c                HAL_I2C_MemRxCpltCallback
 .text.I2C_MasterReceive_BTF
                0x08004a6e      0x140 build/stm32f4xx_hal_i2c.o
 .text.HAL_I2C_ErrorCallback
                0x08004bae        0x2 build/stm32f4xx_hal_i2c.o
                0x08004bae                HAL_I2C_ErrorCallback
 .text.I2C_MasterReceive_RXNE
                0x08004bb0      0x106 build/stm32f4xx_hal_i2c.o
 .text.HAL_I2C_AbortCpltCallback
                0x08004cb6        0x2 build/stm32f4xx_hal_i2c.o
                0x08004cb6                HAL_I2C_AbortCpltCallback
 .text.I2C_DMAAbort
                0x08004cb8       0xe4 build/stm32f4xx_hal_i2c.o
 .text.I2C_ITError
                0x08004d9c      0x178 build/stm32f4xx_hal_i2c.o
 .text.I2C_Slave_STOPF
                0x08004f14      0x18c build/stm32f4xx_hal_i2c.o
 .text.HAL_I2C_EV_IRQHandler
                0x080050a0      0x1a0 build/stm32f4xx_hal_i2c.o
                0x080050a0                HAL_I2C_EV_IRQHandler
 .text.HAL_I2C_ER_IRQHandler
                0x08005240       0xc4 build/stm32f4xx_hal_i2c.o
                0x08005240                HAL_I2C_ER_IRQHandler
 .text.SystemInit
                0x08005304       0x14 build/system_stm32f4xx.o
                0x08005304                SystemInit
 .text._sbrk    0x08005318       0x48 build/sysmem.o
                0x08005318                _sbrk
 .text._getpid  0x08005360        0x4 build/syscalls.o
                0x08005360                _getpid
 .text._kill    0x08005364       0x10 build/syscalls.o
                0x08005364                _kill
 .text._exit    0x08005374        0xc build/syscalls.o
                0x08005374                _exit
 .text._read    0x08005380       0x20 build/syscalls.o
                0x08005380                _read
 .text._write   0x080053a0       0x1c build/syscalls.o
                0x080053a0                _write
 .text._close   0x080053bc        0x6 build/syscalls.o
                0x080053bc                _close
 .text._fstat   0x080053c2        0xa build/syscalls.o
                0x080053c2                _fstat
 .text._isatty  0x080053cc        0x4 build/syscalls.o
                0x080053cc                _isatty
 .text._lseek   0x080053d0        0x4 build/syscalls.o
                0x080053d0                _lseek
 .text.Reset_Handler
                0x080053d4       0x50 build/startup_stm32f411xe.o
                0x080053d4                Reset_Handler
 .text.Default_Handler
                0x08005424        0x2 build/startup_stm32f411xe.o
                0x08005424                DMA1_Stream3_IRQHandler
                0x08005424                EXTI2_IRQHandler
                0x08005424                SPI4_IRQHandler
                0x08005424                TIM1_CC_IRQHandler
                0x08005424                DMA1_Stream5_IRQHandler
                0x08005424                PVD_IRQHandler
                0x08005424                SDIO_IRQHandler
                0x08005424                TAMP_STAMP_IRQHandler
                0x08005424                EXTI3_IRQHandler
                0x08005424                TIM1_UP_TIM10_IRQHandler
                0x08005424                I2C3_ER_IRQHandler
                0x08005424                EXTI0_IRQHandler
                0x08005424                I2C2_EV_IRQHandler
                0x08005424                DMA1_Stream2_IRQHandler
                0x08005424                FPU_IRQHandler
                0x08005424                DMA2_Stream2_IRQHandler
                0x08005424                SPI1_IRQHandler
                0x08005424                TIM1_BRK_TIM9_IRQHandler
                0x08005424                DMA2_Stream3_IRQHandler
                0x08005424                USART6_IRQHandler
                0x08005424                DMA2_Stream0_IRQHandler
                0x08005424                TIM4_IRQHandler
                0x08005424                DMA1_Stream6_IRQHandler
                0x08005424                DMA1_Stream1_IRQHandler
                0x08005424                TIM3_IRQHandler
                0x08005424                RCC_IRQHandler
                0x08005424                Default_Handler
                0x08005424                ADC_IRQHandler
                0x08005424                DMA1_Stream7_IRQHandler
                0x08005424                SPI5_IRQHandler
                0x08005424                TIM5_IRQHandler
                0x08005424                DMA2_Stream7_IRQHandler
                0x08005424                I2C3_EV_IRQHandler
                0x08005424                EXTI9_5_IRQHandler
                0x08005424                RTC_WKUP_IRQHandler
                0x08005424                SPI2_IRQHandler
                0x08005424                DMA1_Stream0_IRQHandler
                0x08005424                EXTI4_IRQHandler
                0x08005424                WWDG_IRQHandler
                0x08005424                OTG_FS_WKUP_IRQHandler
                0x08005424                TIM1_TRG_COM_TIM11_IRQHandler
                0x08005424                EXTI1_IRQHandler
                0x08005424                I2C2_ER_IRQHandler
                0x08005424                DMA2_Stream1_IRQHandler
                0x08005424                FLASH_IRQHandler
                0x08005424                DMA2_Stream4_IRQHandler
                0x08005424                OTG_FS_IRQHandler
                0x08005424                SPI3_IRQHandler
                0x08005424                DMA1_Stream4_IRQHandler
                0x08005424                DMA2_Stream6_IRQHandler
                0x08005424                RTC_Alarm_IRQHandler
 .text.atof     0x08005426        0x6 /opt/arm-gnu-toolchain/bin/../lib/gcc/arm-none-eabi/14.2.1/../../../../arm-none-eabi/lib/thumb/v7e-m+fp/hard/libc_nano.a(libc_a-atof.o)
                0x08005426                atof
 .text.sprintf  0x0800542c       0x44 /opt/arm-gnu-toolchain/bin/../lib/gcc/arm-none-eabi/14.2.1/../../../../arm-none-eabi/lib/thumb/v7e-m+fp/hard/libc_nano.a(libc_a-sprintf.o)
                0x0800542c                sprintf
                0x0800542c                siprintf
 .text.sscanf   0x08005470       0x58 /opt/arm-gnu-toolchain/bin/../lib/gcc/arm-none-eabi/14.2.1/../../../../arm-none-eabi/lib/thumb/v7e-m+fp/hard/libc_nano.a(libc_a-sscanf.o)
                0x08005470                sscanf
                0x08005470                siscanf
 .text.__sread  0x080054c8       0x22 /opt/arm-gnu-toolchain/bin/../lib/gcc/arm-none-eabi/14.2.1/../../../../arm-none-eabi/lib/thumb/v7e-m+fp/hard/libc_nano.a(libc_a-stdio.o)
                0x080054c8                __sread
 .text.__seofread
                0x080054ea        0x4 /opt/arm-gnu-toolchain/bin/../lib/gcc/arm-none-eabi/14.2.1/../../../../arm-none-eabi/lib/thumb/v7e-m+fp/hard/libc_nano.a(libc_a-stdio.o)
                0x080054ea                __seofread
 .text.__swrite
                0x080054ee       0x38 /opt/arm-gnu-toolchain/bin/../lib/gcc/arm-none-eabi/14.2.1/../../../../arm-none-eabi/lib/thumb/v7e-m+fp/hard/libc_nano.a(libc_a-stdio.o)
                0x080054ee                __swrite
 .text.__sseek  0x08005526       0x26 /opt/arm-gnu-toolchain/bin/../lib/gcc/arm-none-eabi/14.2.1/../../../../arm-none-eabi/lib/thumb/v7e-m+fp/hard/libc_nano.a(libc_a-stdio.o)
                0x08005526                __sseek
 .text.__sclose
                0x0800554c        0x8 /opt/arm-gnu-toolchain/bin/../lib/gcc/arm-none-eabi/14.2.1/../../../../arm-none-eabi/lib/thumb/v7e-m+fp/hard/libc_nano.a(libc_a-stdio.o)
                0x0800554c                __sclose
 .text.std      0x08005554       0x6c /opt/arm-gnu-toolchain/bin/../lib/gcc/arm-none-eabi/14.2.1/../../../../arm-none-eabi/lib/thumb/v7e-m+fp/hard/libc_nano.a(libc_a-findfp.o)
 .text.stdio_exit_handler
                0x080055c0       0x18 /opt/arm-gnu-toolchain/bin/../lib/gcc/arm-none-eabi/14.2.1/../../../../arm-none-eabi/lib/thumb/v7e-m+fp/hard/libc_nano.a(libc_a-findfp.o)
 .text.cleanup_stdio
                0x080055d8       0x40 /opt/arm-gnu-toolchain/bin/../lib/gcc/arm-none-eabi/14.2.1/../../../../arm-none-eabi/lib/thumb/v7e-m+fp/hard/libc_nano.a(libc_a-findfp.o)
 .text.global_stdio_init.part.0
                0x08005618       0x40 /opt/arm-gnu-toolchain/bin/../lib/gcc/arm-none-eabi/14.2.1/../../../../arm-none-eabi/lib/thumb/v7e-m+fp/hard/libc_nano.a(libc_a-findfp.o)
 .text.__sfp_lock_acquire
                0x08005658        0xc /opt/arm-gnu-toolchain/bin/../lib/gcc/arm-none-eabi/14.2.1/../../../../arm-none-eabi/lib/thumb/v7e-m+fp/hard/libc_nano.a(libc_a-findfp.o)
                0x08005658                __sfp_lock_acquire
 .text.__sfp_lock_release
                0x08005664        0xc /opt/arm-gnu-toolchain/bin/../lib/gcc/arm-none-eabi/14.2.1/../../../../arm-none-eabi/lib/thumb/v7e-m+fp/hard/libc_nano.a(libc_a-findfp.o)
                0x08005664                __sfp_lock_release
 .text.__sinit  0x08005670       0x30 /opt/arm-gnu-toolchain/bin/../lib/gcc/arm-none-eabi/14.2.1/../../../../arm-none-eabi/lib/thumb/v7e-m+fp/hard/libc_nano.a(libc_a-findfp.o)
                0x08005670                __sinit
 .text.sulp     0x080056a0       0x3c /opt/arm-gnu-toolchain/bin/../lib/gcc/arm-none-eabi/14.2.1/../../../../arm-none-eabi/lib/thumb/v7e-m+fp/hard/libc_nano.a(libc_a-strtod.o)
 *fill*         0x080056dc        0x4 
 .text._strtod_l
                0x080056e0      0xbb8 /opt/arm-gnu-toolchain/bin/../lib/gcc/arm-none-eabi/14.2.1/../../../../arm-none-eabi/lib/thumb/v7e-m+fp/hard/libc_nano.a(libc_a-strtod.o)
                0x080056e0                _strtod_l
 .text.strtod   0x08006298       0x18 /opt/arm-gnu-toolchain/bin/../lib/gcc/arm-none-eabi/14.2.1/../../../../arm-none-eabi/lib/thumb/v7e-m+fp/hard/libc_nano.a(libc_a-strtod.o)
                0x08006298                strtod
 .text._fwalk_sglue
                0x080062b0       0x3c /opt/arm-gnu-toolchain/bin/../lib/gcc/arm-none-eabi/14.2.1/../../../../arm-none-eabi/lib/thumb/v7e-m+fp/hard/libc_nano.a(libc_a-fwalk.o)
                0x080062b0                _fwalk_sglue
 .text.memset   0x080062ec       0x10 /opt/arm-gnu-toolchain/bin/../lib/gcc/arm-none-eabi/14.2.1/../../../../arm-none-eabi/lib/thumb/v7e-m+fp/hard/libc_nano.a(libc_a-memset.o)
                0x080062ec                memset
 .text.strncmp  0x080062fc       0x24 /opt/arm-gnu-toolchain/bin/../lib/gcc/arm-none-eabi/14.2.1/../../../../arm-none-eabi/lib/thumb/v7e-m+fp/hard/libc_nano.a(libc_a-strncmp.o)
                0x080062fc                strncmp
 .text.strncpy  0x08006320       0x26 /opt/arm-gnu-toolchain/bin/../lib/gcc/arm-none-eabi/14.2.1/../../../../arm-none-eabi/lib/thumb/v7e-m+fp/hard/libc_nano.a(libc_a-strncpy.o)
                0x08006320                strncpy
 *fill*         0x08006346        0x2 
 .text.strtok   0x08006348       0x68 /opt/arm-gnu-toolchain/bin/../lib/gcc/arm-none-eabi/14.2.1/../../../../arm-none-eabi/lib/thumb/v7e-m+fp/hard/libc_nano.a(libc_a-strtok.o)
                0x08006348                strtok
 .text.__strtok_r
                0x080063b0       0x50 /opt/arm-gnu-toolchain/bin/../lib/gcc/arm-none-eabi/14.2.1/../../../../arm-none-eabi/lib/thumb/v7e-m+fp/hard/libc_nano.a(libc_a-strtok_r.o)
                0x080063b0                __strtok_r
 .text.strstr   0x08006400       0x2c /opt/arm-gnu-toolchain/bin/../lib/gcc/arm-none-eabi/14.2.1/../../../../arm-none-eabi/lib/thumb/v7e-m+fp/hard/libc_nano.a(libc_a-strstr.o)
                0x08006400                strstr
 .text._lseek_r
                0x0800642c       0x24 /opt/arm-gnu-toolchain/bin/../lib/gcc/arm-none-eabi/14.2.1/../../../../arm-none-eabi/lib/thumb/v7e-m+fp/hard/libc_nano.a(libc_a-lseekr.o)
                0x0800642c                _lseek_r
 .text._read_r  0x08006450       0x24 /opt/arm-gnu-toolchain/bin/../lib/gcc/arm-none-eabi/14.2.1/../../../../arm-none-eabi/lib/thumb/v7e-m+fp/hard/libc_nano.a(libc_a-readr.o)
                0x08006450                _read_r
 .text._write_r
                0x08006474       0x24 /opt/arm-gnu-toolchain/bin/../lib/gcc/arm-none-eabi/14.2.1/../../../../arm-none-eabi/lib/thumb/v7e-m+fp/hard/libc_nano.a(libc_a-writer.o)
                0x08006474                _write_r
 .text.__errno  0x08006498        0xc /opt/arm-gnu-toolchain/bin/../lib/gcc/arm-none-eabi/14.2.1/../../../../arm-none-eabi/lib/thumb/v7e-m+fp/hard/libc_nano.a(libc_a-errno.o)
                0x08006498                __errno
 .text.__libc_init_array
                0x080064a4       0x48 /opt/arm-gnu-toolchain/bin/../lib/gcc/arm-none-eabi/14.2.1/../../../../arm-none-eabi/lib/thumb/v7e-m+fp/hard/libc_nano.a(libc_a-init.o)
                0x080064a4                __libc_init_array
 .text.__retarget_lock_init_recursive
                0x080064ec        0x2 /opt/arm-gnu-toolchain/bin/../lib/gcc/arm-none-eabi/14.2.1/../../../../arm-none-eabi/lib/thumb/v7e-m+fp/hard/libc_nano.a(libc_a-lock.o)
                0x080064ec                __retarget_lock_init_recursive
 .text.__retarget_lock_acquire_recursive
                0x080064ee        0x2 /opt/arm-gnu-toolchain/bin/../lib/gcc/arm-none-eabi/14.2.1/../../../../arm-none-eabi/lib/thumb/v7e-m+fp/hard/libc_nano.a(libc_a-lock.o)
                0x080064ee                __retarget_lock_acquire_recursive
 .text.__retarget_lock_release_recursive
                0x080064f0        0x2 /opt/arm-gnu-toolchain/bin/../lib/gcc/arm-none-eabi/14.2.1/../../../../arm-none-eabi/lib/thumb/v7e-m+fp/hard/libc_nano.a(libc_a-lock.o)
                0x080064f0                __retarget_lock_release_recursive
 *fill*         0x080064f2        0x2 
 .text._close_r
                0x080064f4       0x20 /opt/arm-gnu-toolchain/bin/../lib/gcc/arm-none-eabi/14.2.1/../../../../arm-none-eabi/lib/thumb/v7e-m+fp/hard/libc_nano.a(libc_a-closer.o)
                0x080064f4                _close_r
 .text.memcpy   0x08006514       0x1c /opt/arm-gnu-toolchain/bin/../lib/gcc/arm-none-eabi/14.2.1/../../../../arm-none-eabi/lib/thumb/v7e-m+fp/hard/libc_nano.a(libc_a-memcpy-stub.o)
                0x08006514                memcpy
 .text.nan      0x08006530       0x10 /opt/arm-gnu-toolchain/bin/../lib/gcc/arm-none-eabi/14.2.1/../../../../arm-none-eabi/lib/thumb/v7e-m+fp/hard/libc_nano.a(libm_a-s_nan.o)
                0x08006530                nan
 .text.__assert_func
                0x08006540       0x3c /opt/arm-gnu-toolchain/bin/../lib/gcc/arm-none-eabi/14.2.1/../../../../arm-none-eabi/lib/thumb/v7e-m+fp/hard/libc_nano.a(libc_a-assert.o)
                0x08006540                __assert_func
 .text._free_r  0x0800657c       0x94 /opt/arm-gnu-toolchain/bin/../lib/gcc/arm-none-eabi/14.2.1/../../../../arm-none-eabi/lib/thumb/v7e-m+fp/hard/libc_nano.a(libc_a-freer.o)
                0x0800657c                _free_r
 .text.rshift   0x08006610       0xa4 /opt/arm-gnu-toolchain/bin/../lib/gcc/arm-none-eabi/14.2.1/../../../../arm-none-eabi/lib/thumb/v7e-m+fp/hard/libc_nano.a(libc_a-gdtoa-gethex.o)
 .text.__hexdig_fun
                0x080066b4       0x2a /opt/arm-gnu-toolchain/bin/../lib/gcc/arm-none-eabi/14.2.1/../../../../arm-none-eabi/lib/thumb/v7e-m+fp/hard/libc_nano.a(libc_a-gdtoa-gethex.o)
                0x080066b4                __hexdig_fun
 *fill*         0x080066de        0x2 
 .text.__gethex
                0x080066e0      0x420 /opt/arm-gnu-toolchain/bin/../lib/gcc/arm-none-eabi/14.2.1/../../../../arm-none-eabi/lib/thumb/v7e-m+fp/hard/libc_nano.a(libc_a-gdtoa-gethex.o)
                0x080066e0                __gethex
 .text.L_shift  0x08006b00       0x24 /opt/arm-gnu-toolchain/bin/../lib/gcc/arm-none-eabi/14.2.1/../../../../arm-none-eabi/lib/thumb/v7e-m+fp/hard/libc_nano.a(libc_a-gdtoa-hexnan.o)
 .text.__match  0x08006b24       0x28 /opt/arm-gnu-toolchain/bin/../lib/gcc/arm-none-eabi/14.2.1/../../../../arm-none-eabi/lib/thumb/v7e-m+fp/hard/libc_nano.a(libc_a-gdtoa-hexnan.o)
                0x08006b24                __match
 .text.__hexnan
                0x08006b4c      0x13a /opt/arm-gnu-toolchain/bin/../lib/gcc/arm-none-eabi/14.2.1/../../../../arm-none-eabi/lib/thumb/v7e-m+fp/hard/libc_nano.a(libc_a-gdtoa-hexnan.o)
                0x08006b4c                __hexnan
 .text.__ssputs_r
                0x08006c86       0xc0 /opt/arm-gnu-toolchain/bin/../lib/gcc/arm-none-eabi/14.2.1/../../../../arm-none-eabi/lib/thumb/v7e-m+fp/hard/libc_nano.a(libc_a-nano-svfprintf.o)
                0x08006c86                __ssputs_r
 *fill*         0x08006d46        0x2 
 .text._svfprintf_r
                0x08006d48      0x1f8 /opt/arm-gnu-toolchain/bin/../lib/gcc/arm-none-eabi/14.2.1/../../../../arm-none-eabi/lib/thumb/v7e-m+fp/hard/libc_nano.a(libc_a-nano-svfprintf.o)
                0x08006d48                _svfprintf_r
                0x08006d48                _svfiprintf_r
 .text._sungetc_r
                0x08006f40       0x7a /opt/arm-gnu-toolchain/bin/../lib/gcc/arm-none-eabi/14.2.1/../../../../arm-none-eabi/lib/thumb/v7e-m+fp/hard/libc_nano.a(libc_a-nano-svfscanf.o)
                0x08006f40                _sungetc_r
 .text.__ssrefill_r
                0x08006fba       0x3a /opt/arm-gnu-toolchain/bin/../lib/gcc/arm-none-eabi/14.2.1/../../../../arm-none-eabi/lib/thumb/v7e-m+fp/hard/libc_nano.a(libc_a-nano-svfscanf.o)
                0x08006fba                __ssrefill_r
 .text.__ssvfscanf_r
                0x08006ff4      0x2fc /opt/arm-gnu-toolchain/bin/../lib/gcc/arm-none-eabi/14.2.1/../../../../arm-none-eabi/lib/thumb/v7e-m+fp/hard/libc_nano.a(libc_a-nano-svfscanf.o)
                0x08006ff4                __ssvfscanf_r
                0x08006ff4                __ssvfiscanf_r
 .text.malloc   0x080072f0       0x10 /opt/arm-gnu-toolchain/bin/../lib/gcc/arm-none-eabi/14.2.1/../../../../arm-none-eabi/lib/thumb/v7e-m+fp/hard/libc_nano.a(libc_a-malloc.o)
                0x080072f0                malloc
 .text.sbrk_aligned
                0x08007300       0x44 /opt/arm-gnu-toolchain/bin/../lib/gcc/arm-none-eabi/14.2.1/../../../../arm-none-eabi/lib/thumb/v7e-m+fp/hard/libc_nano.a(libc_a-mallocr.o)
 .text._malloc_r
                0x08007344      0x100 /opt/arm-gnu-toolchain/bin/../lib/gcc/arm-none-eabi/14.2.1/../../../../arm-none-eabi/lib/thumb/v7e-m+fp/hard/libc_nano.a(libc_a-mallocr.o)
                0x08007344                _malloc_r
 .text.__ascii_mbtowc
                0x08007444       0x24 /opt/arm-gnu-toolchain/bin/../lib/gcc/arm-none-eabi/14.2.1/../../../../arm-none-eabi/lib/thumb/v7e-m+fp/hard/libc_nano.a(libc_a-mbtowc_r.o)
                0x08007444                __ascii_mbtowc
 .text._printf_common
                0x08007468       0xda /opt/arm-gnu-toolchain/bin/../lib/gcc/arm-none-eabi/14.2.1/../../../../arm-none-eabi/lib/thumb/v7e-m+fp/hard/libc_nano.a(libc_a-nano-vfprintf_i.o)
                0x08007468                _printf_common
 *fill*         0x08007542        0x2 
 .text._printf_i
                0x08007544      0x240 /opt/arm-gnu-toolchain/bin/../lib/gcc/arm-none-eabi/14.2.1/../../../../arm-none-eabi/lib/thumb/v7e-m+fp/hard/libc_nano.a(libc_a-nano-vfprintf_i.o)
                0x08007544                _printf_i
 .text._scanf_chars
                0x08007784       0xb4 /opt/arm-gnu-toolchain/bin/../lib/gcc/arm-none-eabi/14.2.1/../../../../arm-none-eabi/lib/thumb/v7e-m+fp/hard/libc_nano.a(libc_a-nano-vfscanf_i.o)
                0x08007784                _scanf_chars
 .text._scanf_i
                0x08007838      0x1e4 /opt/arm-gnu-toolchain/bin/../lib/gcc/arm-none-eabi/14.2.1/../../../../arm-none-eabi/lib/thumb/v7e-m+fp/hard/libc_nano.a(libc_a-nano-vfscanf_i.o)
                0x08007838                _scanf_i
 .text.__sccl   0x08007a1c       0x72 /opt/arm-gnu-toolchain/bin/../lib/gcc/arm-none-eabi/14.2.1/../../../../arm-none-eabi/lib/thumb/v7e-m+fp/hard/libc_nano.a(libc_a-sccl.o)
                0x08007a1c                __sccl
 *fill*         0x08007a8e        0x2 
 .text.__sflush_r
                0x08007a90      0x104 /opt/arm-gnu-toolchain/bin/../lib/gcc/arm-none-eabi/14.2.1/../../../../arm-none-eabi/lib/thumb/v7e-m+fp/hard/libc_nano.a(libc_a-fflush.o)
                0x08007a90                __sflush_r
 .text._fflush_r
                0x08007b94       0x50 /opt/arm-gnu-toolchain/bin/../lib/gcc/arm-none-eabi/14.2.1/../../../../arm-none-eabi/lib/thumb/v7e-m+fp/hard/libc_nano.a(libc_a-fflush.o)
                0x08007b94                _fflush_r
 .text.__malloc_lock
                0x08007be4        0xc /opt/arm-gnu-toolchain/bin/../lib/gcc/arm-none-eabi/14.2.1/../../../../arm-none-eabi/lib/thumb/v7e-m+fp/hard/libc_nano.a(libc_a-mlock.o)
                0x08007be4                __malloc_lock
 .text.__malloc_unlock
                0x08007bf0        0xc /opt/arm-gnu-toolchain/bin/../lib/gcc/arm-none-eabi/14.2.1/../../../../arm-none-eabi/lib/thumb/v7e-m+fp/hard/libc_nano.a(libc_a-mlock.o)
                0x08007bf0                __malloc_unlock
 .text._Balloc  0x08007bfc       0x7c /opt/arm-gnu-toolchain/bin/../lib/gcc/arm-none-eabi/14.2.1/../../../../arm-none-eabi/lib/thumb/v7e-m+fp/hard/libc_nano.a(libc_a-mprec.o)
                0x08007bfc                _Balloc
 .text._Bfree   0x08007c78       0x44 /opt/arm-gnu-toolchain/bin/../lib/gcc/arm-none-eabi/14.2.1/../../../../arm-none-eabi/lib/thumb/v7e-m+fp/hard/libc_nano.a(libc_a-mprec.o)
                0x08007c78                _Bfree
 .text.__multadd
                0x08007cbc       0x8c /opt/arm-gnu-toolchain/bin/../lib/gcc/arm-none-eabi/14.2.1/../../../../arm-none-eabi/lib/thumb/v7e-m+fp/hard/libc_nano.a(libc_a-mprec.o)
                0x08007cbc                __multadd
 .text.__s2b    0x08007d48       0x94 /opt/arm-gnu-toolchain/bin/../lib/gcc/arm-none-eabi/14.2.1/../../../../arm-none-eabi/lib/thumb/v7e-m+fp/hard/libc_nano.a(libc_a-mprec.o)
                0x08007d48                __s2b
 .text.__hi0bits
                0x08007ddc       0x3e /opt/arm-gnu-toolchain/bin/../lib/gcc/arm-none-eabi/14.2.1/../../../../arm-none-eabi/lib/thumb/v7e-m+fp/hard/libc_nano.a(libc_a-mprec.o)
                0x08007ddc                __hi0bits
 .text.__lo0bits
                0x08007e1a       0x5a /opt/arm-gnu-toolchain/bin/../lib/gcc/arm-none-eabi/14.2.1/../../../../arm-none-eabi/lib/thumb/v7e-m+fp/hard/libc_nano.a(libc_a-mprec.o)
                0x08007e1a                __lo0bits
 .text.__i2b    0x08007e74       0x2c /opt/arm-gnu-toolchain/bin/../lib/gcc/arm-none-eabi/14.2.1/../../../../arm-none-eabi/lib/thumb/v7e-m+fp/hard/libc_nano.a(libc_a-mprec.o)
                0x08007e74                __i2b
 .text.__multiply
                0x08007ea0      0x154 /opt/arm-gnu-toolchain/bin/../lib/gcc/arm-none-eabi/14.2.1/../../../../arm-none-eabi/lib/thumb/v7e-m+fp/hard/libc_nano.a(libc_a-mprec.o)
                0x08007ea0                __multiply
 .text.__pow5mult
                0x08007ff4       0xb8 /opt/arm-gnu-toolchain/bin/../lib/gcc/arm-none-eabi/14.2.1/../../../../arm-none-eabi/lib/thumb/v7e-m+fp/hard/libc_nano.a(libc_a-mprec.o)
                0x08007ff4                __pow5mult
 .text.__lshift
                0x080080ac       0xdc /opt/arm-gnu-toolchain/bin/../lib/gcc/arm-none-eabi/14.2.1/../../../../arm-none-eabi/lib/thumb/v7e-m+fp/hard/libc_nano.a(libc_a-mprec.o)
                0x080080ac                __lshift
 .text.__mcmp   0x08008188       0x36 /opt/arm-gnu-toolchain/bin/../lib/gcc/arm-none-eabi/14.2.1/../../../../arm-none-eabi/lib/thumb/v7e-m+fp/hard/libc_nano.a(libc_a-mprec.o)
                0x08008188                __mcmp
 *fill*         0x080081be        0x2 
 .text.__mdiff  0x080081c0      0x130 /opt/arm-gnu-toolchain/bin/../lib/gcc/arm-none-eabi/14.2.1/../../../../arm-none-eabi/lib/thumb/v7e-m+fp/hard/libc_nano.a(libc_a-mprec.o)
                0x080081c0                __mdiff
 .text.__ulp    0x080082f0       0x4c /opt/arm-gnu-toolchain/bin/../lib/gcc/arm-none-eabi/14.2.1/../../../../arm-none-eabi/lib/thumb/v7e-m+fp/hard/libc_nano.a(libc_a-mprec.o)
                0x080082f0                __ulp
 .text.__b2d    0x0800833c       0x94 /opt/arm-gnu-toolchain/bin/../lib/gcc/arm-none-eabi/14.2.1/../../../../arm-none-eabi/lib/thumb/v7e-m+fp/hard/libc_nano.a(libc_a-mprec.o)
                0x0800833c                __b2d
 .text.__d2b    0x080083d0       0xb0 /opt/arm-gnu-toolchain/bin/../lib/gcc/arm-none-eabi/14.2.1/../../../../arm-none-eabi/lib/thumb/v7e-m+fp/hard/libc_nano.a(libc_a-mprec.o)
                0x080083d0                __d2b
 .text.__ratio  0x08008480       0x64 /opt/arm-gnu-toolchain/bin/../lib/gcc/arm-none-eabi/14.2.1/../../../../arm-none-eabi/lib/thumb/v7e-m+fp/hard/libc_nano.a(libc_a-mprec.o)
                0x08008480                __ratio
 .text.__copybits
                0x080084e4       0x46 /opt/arm-gnu-toolchain/bin/../lib/gcc/arm-none-eabi/14.2.1/../../../../arm-none-eabi/lib/thumb/v7e-m+fp/hard/libc_nano.a(libc_a-mprec.o)
                0x080084e4                __copybits
 .text.__any_on
                0x0800852a       0x42 /opt/arm-gnu-toolchain/bin/../lib/gcc/arm-none-eabi/14.2.1/../../../../arm-none-eabi/lib/thumb/v7e-m+fp/hard/libc_nano.a(libc_a-mprec.o)
                0x0800852a                __any_on
 .text.__submore
                0x0800856c       0x74 /opt/arm-gnu-toolchain/bin/../lib/gcc/arm-none-eabi/14.2.1/../../../../arm-none-eabi/lib/thumb/v7e-m+fp/hard/libc_nano.a(libc_a-ungetc.o)
                0x0800856c                __submore
 .text.fprintf  0x080085e0       0x24 /opt/arm-gnu-toolchain/bin/../lib/gcc/arm-none-eabi/14.2.1/../../../../arm-none-eabi/lib/thumb/v7e-m+fp/hard/libc_nano.a(libc_a-fprintf.o)
                0x080085e0                fprintf
                0x080085e0                fiprintf
 .text._realloc_r
                0x08008604       0x5c /opt/arm-gnu-toolchain/bin/../lib/gcc/arm-none-eabi/14.2.1/../../../../arm-none-eabi/lib/thumb/v7e-m+fp/hard/libc_nano.a(libc_a-reallocr.o)
                0x08008604                _realloc_r
 .text._strtol_l.isra.0
                0x08008660       0xf4 /opt/arm-gnu-toolchain/bin/../lib/gcc/arm-none-eabi/14.2.1/../../../../arm-none-eabi/lib/thumb/v7e-m+fp/hard/libc_nano.a(libc_a-strtol.o)
 .text._strtol_r
                0x08008754        0x4 /opt/arm-gnu-toolchain/bin/../lib/gcc/arm-none-eabi/14.2.1/../../../../arm-none-eabi/lib/thumb/v7e-m+fp/hard/libc_nano.a(libc_a-strtol.o)
                0x08008754                _strtol_r
 .text._strtoul_l.isra.0
                0x08008758       0xdc /opt/arm-gnu-toolchain/bin/../lib/gcc/arm-none-eabi/14.2.1/../../../../arm-none-eabi/lib/thumb/v7e-m+fp/hard/libc_nano.a(libc_a-strtoul.o)
 .text._strtoul_r
                0x08008834        0x4 /opt/arm-gnu-toolchain/bin/../lib/gcc/arm-none-eabi/14.2.1/../../../../arm-none-eabi/lib/thumb/v7e-m+fp/hard/libc_nano.a(libc_a-strtoul.o)
                0x08008834                _strtoul_r
 .text.__ascii_wctomb
                0x08008838       0x1a /opt/arm-gnu-toolchain/bin/../lib/gcc/arm-none-eabi/14.2.1/../../../../arm-none-eabi/lib/thumb/v7e-m+fp/hard/libc_nano.a(libc_a-wctomb_r.o)
                0x08008838                __ascii_wctomb
 .text.memmove  0x08008852       0x32 /opt/arm-gnu-toolchain/bin/../lib/gcc/arm-none-eabi/14.2.1/../../../../arm-none-eabi/lib/thumb/v7e-m+fp/hard/libc_nano.a(libc_a-memmove.o)
                0x08008852                memmove
 .text._sbrk_r  0x08008884       0x20 /opt/arm-gnu-toolchain/bin/../lib/gcc/arm-none-eabi/14.2.1/../../../../arm-none-eabi/lib/thumb/v7e-m+fp/hard/libc_nano.a(libc_a-sbrkr.o)
                0x08008884                _sbrk_r
 .text.abort    0x080088a4        0xe /opt/arm-gnu-toolchain/bin/../lib/gcc/arm-none-eabi/14.2.1/../../../../arm-none-eabi/lib/thumb/v7e-m+fp/hard/libc_nano.a(libc_a-abort.o)
                0x080088a4                abort
 .text._calloc_r
                0x080088b2       0x28 /opt/arm-gnu-toolchain/bin/../lib/gcc/arm-none-eabi/14.2.1/../../../../arm-none-eabi/lib/thumb/v7e-m+fp/hard/libc_nano.a(libc_a-callocr.o)
                0x080088b2                _calloc_r
 .text.__sfputc_r
                0x080088da       0x2e /opt/arm-gnu-toolchain/bin/../lib/gcc/arm-none-eabi/14.2.1/../../../../arm-none-eabi/lib/thumb/v7e-m+fp/hard/libc_nano.a(libc_a-nano-vfprintf.o)
 .text.__sfputs_r
                0x08008908       0x24 /opt/arm-gnu-toolchain/bin/../lib/gcc/arm-none-eabi/14.2.1/../../../../arm-none-eabi/lib/thumb/v7e-m+fp/hard/libc_nano.a(libc_a-nano-vfprintf.o)
                0x08008908                __sfputs_r
 .text._vfprintf_r
                0x0800892c      0x230 /opt/arm-gnu-toolchain/bin/../lib/gcc/arm-none-eabi/14.2.1/../../../../arm-none-eabi/lib/thumb/v7e-m+fp/hard/libc_nano.a(libc_a-nano-vfprintf.o)
                0x0800892c                _vfiprintf_r
                0x0800892c                _vfprintf_r
 .text._malloc_usable_size_r
                0x08008b5c       0x10 /opt/arm-gnu-toolchain/bin/../lib/gcc/arm-none-eabi/14.2.1/../../../../arm-none-eabi/lib/thumb/v7e-m+fp/hard/libc_nano.a(libc_a-msizer.o)
                0x08008b5c                _malloc_usable_size_r
 .text.__swbuf_r
                0x08008b6c       0x7c /opt/arm-gnu-toolchain/bin/../lib/gcc/arm-none-eabi/14.2.1/../../../../arm-none-eabi/lib/thumb/v7e-m+fp/hard/libc_nano.a(libc_a-wbuf.o)
                0x08008b6c                __swbuf_r
 .text.__swsetup_r
                0x08008be8       0xa8 /opt/arm-gnu-toolchain/bin/../lib/gcc/arm-none-eabi/14.2.1/../../../../arm-none-eabi/lib/thumb/v7e-m+fp/hard/libc_nano.a(libc_a-wsetup.o)
                0x08008be8                __swsetup_r
 .text.__swhatbuf_r
                0x08008c90       0x48 /opt/arm-gnu-toolchain/bin/../lib/gcc/arm-none-eabi/14.2.1/../../../../arm-none-eabi/lib/thumb/v7e-m+fp/hard/libc_nano.a(libc_a-makebuf.o)
                0x08008c90                __swhatbuf_r
 .text.__smakebuf_r
                0x08008cd8       0x72 /opt/arm-gnu-toolchain/bin/../lib/gcc/arm-none-eabi/14.2.1/../../../../arm-none-eabi/lib/thumb/v7e-m+fp/hard/libc_nano.a(libc_a-makebuf.o)
                0x08008cd8                __smakebuf_r
 .text._raise_r
                0x08008d4a       0x50 /opt/arm-gnu-toolchain/bin/../lib/gcc/arm-none-eabi/14.2.1/../../../../arm-none-eabi/lib/thumb/v7e-m+fp/hard/libc_nano.a(libc_a-signal.o)
                0x08008d4a                _raise_r
 *fill*         0x08008d9a        0x2 
 .text.raise    0x08008d9c       0x10 /opt/arm-gnu-toolchain/bin/../lib/gcc/arm-none-eabi/14.2.1/../../../../arm-none-eabi/lib/thumb/v7e-m+fp/hard/libc_nano.a(libc_a-signal.o)
                0x08008d9c                raise
 .text._isatty_r
                0x08008dac       0x20 /opt/arm-gnu-toolchain/bin/../lib/gcc/arm-none-eabi/14.2.1/../../../../arm-none-eabi/lib/thumb/v7e-m+fp/hard/libc_nano.a(libc_a-isattyr.o)
                0x08008dac                _isatty_r
 .text._kill_r  0x08008dcc       0x24 /opt/arm-gnu-toolchain/bin/../lib/gcc/arm-none-eabi/14.2.1/../../../../arm-none-eabi/lib/thumb/v7e-m+fp/hard/libc_nano.a(libc_a-signalr.o)
                0x08008dcc                _kill_r
 .text._getpid_r
                0x08008df0        0x4 /opt/arm-gnu-toolchain/bin/../lib/gcc/arm-none-eabi/14.2.1/../../../../arm-none-eabi/lib/thumb/v7e-m+fp/hard/libc_nano.a(libc_a-signalr.o)
                0x08008df0                _getpid_r
 .text._fstat_r
                0x08008df4       0x24 /opt/arm-gnu-toolchain/bin/../lib/gcc/arm-none-eabi/14.2.1/../../../../arm-none-eabi/lib/thumb/v7e-m+fp/hard/libc_nano.a(libc_a-fstatr.o)
                0x08008df4                _fstat_r
 .text.__fixdfdi
                0x08008e18       0x30 /opt/arm-gnu-toolchain/bin/../lib/gcc/arm-none-eabi/14.2.1/thumb/v7e-m+fp/hard/libgcc.a(_fixdfdi.o)
                0x08008e18                __aeabi_d2lz
                0x08008e18                __fixdfdi
 .text.__fixunsdfdi
                0x08008e48       0x3c /opt/arm-gnu-toolchain/bin/../lib/gcc/arm-none-eabi/14.2.1/thumb/v7e-m+fp/hard/libgcc.a(_fixunsdfdi.o)
                0x08008e48                __aeabi_d2ulz
                0x08008e48                __fixunsdfdi
 .text.__udivmoddi4
                0x08008e84      0x2f8 /opt/arm-gnu-toolchain/bin/../lib/gcc/arm-none-eabi/14.2.1/thumb/v7e-m+fp/hard/libgcc.a(_udivmoddi4.o)
                0x08008e84                __udivmoddi4
 *(.glue_7)
 .glue_7        0x0800917c        0x0 linker stubs
 *(.glue_7t)
 .glue_7t       0x0800917c        0x0 linker stubs
 *(.eh_frame)
 .eh_frame      0x0800917c        0x0 /opt/arm-gnu-toolchain/bin/../lib/gcc/arm-none-eabi/14.2.1/thumb/v7e-m+fp/hard/crtbegin.o
 *(.init)
 .init          0x0800917c        0x4 /opt/arm-gnu-toolchain/bin/../lib/gcc/arm-none-eabi/14.2.1/thumb/v7e-m+fp/hard/crti.o
                0x0800917c                _init
 .init          0x08009180        0x8 /opt/arm-gnu-toolchain/bin/../lib/gcc/arm-none-eabi/14.2.1/thumb/v7e-m+fp/hard/crtn.o
 *(.fini)
 .fini          0x08009188        0x4 /opt/arm-gnu-toolchain/bin/../lib/gcc/arm-none-eabi/14.2.1/thumb/v7e-m+fp/hard/crti.o
                0x08009188                _fini
 .fini          0x0800918c        0x8 /opt/arm-gnu-toolchain/bin/../lib/gcc/arm-none-eabi/14.2.1/thumb/v7e-m+fp/hard/crtn.o
                0x08009194                        . = ALIGN (0x4)
                0x08009194                        _etext = .

.vfp11_veneer   0x08009194        0x0
 .vfp11_veneer  0x08009194        0x0 linker stubs

.v4_bx          0x08009194        0x0
 .v4_bx         0x08009194        0x0 linker stubs

.iplt           0x08009194        0x0
 .iplt          0x08009194        0x0 /opt/arm-gnu-toolchain/bin/../lib/gcc/arm-none-eabi/14.2.1/thumb/v7e-m+fp/hard/crtbegin.o

.rodata         0x08009198      0xa60
                0x08009198                        . = ALIGN (0x4)
 *(.rodata)
 .rodata        0x08009198       0x10 build/gpio_handler.o
 .rodata        0x080091a8        0xc /opt/arm-gnu-toolchain/bin/../lib/gcc/arm-none-eabi/14.2.1/../../../../arm-none-eabi/lib/thumb/v7e-m+fp/hard/libc_nano.a(libc_a-nano-vfscanf_i.o)
 *(.rodata*)
 .rodata.main.str1.4
                0x080091b4      0x5dc build/main.o
                                 0xc6 (size before relaxing)
 .rodata.HAL_GPIO_EXTI_Callback.str1.4
                0x08009790       0x3f build/gpio_handler.o
 .rodata.MX_I2C1_Init.str1.4
                0x08009790       0x6b build/i2c_handler.o
 .rodata.I2C_connectivity_check.str1.4
                0x08009790       0x4a build/i2c_handler.o
 .rodata.I2C_ACC_Enable.str1.4
                0x08009790       0x54 build/i2c_handler.o
 .rodata.BVAT_I2C_Init.str1.4
                0x08009790       0x98 build/i2c_handler.o
 .rodata.readACC.str1.4
                0x08009790       0x2b build/i2c_handler.o
 .rodata.LIS3DH_Read_Accel_Data.str1.4
                0x08009790       0x25 build/i2c_handler.o
 .rodata.get_all_sensor_data.str1.4
                0x08009790       0x31 build/command_handler.o
 .rodata.log_all_sensor_data.str1.4
                0x08009790       0x35 build/command_handler.o
 .rodata.Verify_LIS3DH_Sensor.str1.4
                0x08009790       0xd1 build/command_handler.o
 .rodata.Check_GPS_Status.str1.4
                0x08009790       0x93 build/command_handler.o
 .rodata.GPS_Parse_RMC_Sentence.str1.4
                0x08009790       0xb4 build/gps_handler.o
 .rodata.GPS_Init.str1.4
                0x08009790       0x4e build/gps_handler.o
 .rodata.GPS_Process_Buffer.str1.4
                0x08009790        0x4 build/gps_handler.o
 .rodata.flagBitshiftOffset.0
                0x08009790        0x8 build/stm32f4xx_hal_dma.o
 .rodata.APBPrescTable
                0x08009798        0x8 build/system_stm32f4xx.o
                0x08009798                APBPrescTable
 .rodata.AHBPrescTable
                0x080097a0       0x10 build/system_stm32f4xx.o
                0x080097a0                AHBPrescTable
 .rodata._strtod_l.str1.1
                0x080097b0      0x1f6 /opt/arm-gnu-toolchain/bin/../lib/gcc/arm-none-eabi/14.2.1/../../../../arm-none-eabi/lib/thumb/v7e-m+fp/hard/libc_nano.a(libc_a-strtod.o)
                                  0xf (size before relaxing)
 *fill*         0x080099a6        0x2 
 .rodata.fpinan.0
                0x080099a8       0x14 /opt/arm-gnu-toolchain/bin/../lib/gcc/arm-none-eabi/14.2.1/../../../../arm-none-eabi/lib/thumb/v7e-m+fp/hard/libc_nano.a(libc_a-strtod.o)
 .rodata.fpi.1  0x080099bc       0x14 /opt/arm-gnu-toolchain/bin/../lib/gcc/arm-none-eabi/14.2.1/../../../../arm-none-eabi/lib/thumb/v7e-m+fp/hard/libc_nano.a(libc_a-strtod.o)
 .rodata.tinytens
                0x080099d0       0x28 /opt/arm-gnu-toolchain/bin/../lib/gcc/arm-none-eabi/14.2.1/../../../../arm-none-eabi/lib/thumb/v7e-m+fp/hard/libc_nano.a(libc_a-strtod.o)
 .rodata.strtok.str1.1
                0x080099f8       0x7a /opt/arm-gnu-toolchain/bin/../lib/gcc/arm-none-eabi/14.2.1/../../../../arm-none-eabi/lib/thumb/v7e-m+fp/hard/libc_nano.a(libc_a-strtok.o)
 .rodata._setlocale_r.str1.1
                0x080099f8        0x9 /opt/arm-gnu-toolchain/bin/../lib/gcc/arm-none-eabi/14.2.1/../../../../arm-none-eabi/lib/thumb/v7e-m+fp/hard/libc_nano.a(libc_a-locale.o)
 .rodata.str1.1
                0x080099f8        0x2 /opt/arm-gnu-toolchain/bin/../lib/gcc/arm-none-eabi/14.2.1/../../../../arm-none-eabi/lib/thumb/v7e-m+fp/hard/libc_nano.a(libc_a-locale.o)
 .rodata._ctype_
                0x080099f8      0x101 /opt/arm-gnu-toolchain/bin/../lib/gcc/arm-none-eabi/14.2.1/../../../../arm-none-eabi/lib/thumb/v7e-m+fp/hard/libc_nano.a(libc_a-ctype_.o)
                0x080099f8                _ctype_
 .rodata.__assert_func.str1.1
                0x08009af9       0x3d /opt/arm-gnu-toolchain/bin/../lib/gcc/arm-none-eabi/14.2.1/../../../../arm-none-eabi/lib/thumb/v7e-m+fp/hard/libc_nano.a(libc_a-assert.o)
 .rodata.__gethex.str1.1
                0x08009af9       0x7c /opt/arm-gnu-toolchain/bin/../lib/gcc/arm-none-eabi/14.2.1/../../../../arm-none-eabi/lib/thumb/v7e-m+fp/hard/libc_nano.a(libc_a-gdtoa-gethex.o)
 .rodata._svfprintf_r.str1.1
                0x08009af9       0x11 /opt/arm-gnu-toolchain/bin/../lib/gcc/arm-none-eabi/14.2.1/../../../../arm-none-eabi/lib/thumb/v7e-m+fp/hard/libc_nano.a(libc_a-nano-svfprintf.o)
 .rodata.__ssvfscanf_r.str1.1
                0x08009af9        0x4 /opt/arm-gnu-toolchain/bin/../lib/gcc/arm-none-eabi/14.2.1/../../../../arm-none-eabi/lib/thumb/v7e-m+fp/hard/libc_nano.a(libc_a-nano-svfscanf.o)
 .rodata._printf_i.str1.1
                0x08009af9       0x22 /opt/arm-gnu-toolchain/bin/../lib/gcc/arm-none-eabi/14.2.1/../../../../arm-none-eabi/lib/thumb/v7e-m+fp/hard/libc_nano.a(libc_a-nano-vfprintf_i.o)
 .rodata._scanf_i.str1.1
                0x08009af9       0x12 /opt/arm-gnu-toolchain/bin/../lib/gcc/arm-none-eabi/14.2.1/../../../../arm-none-eabi/lib/thumb/v7e-m+fp/hard/libc_nano.a(libc_a-nano-vfscanf_i.o)
 .rodata.str1.1
                0x08009af9        0x9 /opt/arm-gnu-toolchain/bin/../lib/gcc/arm-none-eabi/14.2.1/../../../../arm-none-eabi/lib/thumb/v7e-m+fp/hard/libc_nano.a(libc_a-nano-vfscanf_i.o)
 .rodata._Balloc.str1.1
                0x08009af9       0x79 /opt/arm-gnu-toolchain/bin/../lib/gcc/arm-none-eabi/14.2.1/../../../../arm-none-eabi/lib/thumb/v7e-m+fp/hard/libc_nano.a(libc_a-mprec.o)
 .rodata.__multadd.str1.1
                0x08009af9       0x11 /opt/arm-gnu-toolchain/bin/../lib/gcc/arm-none-eabi/14.2.1/../../../../arm-none-eabi/lib/thumb/v7e-m+fp/hard/libc_nano.a(libc_a-mprec.o)
 *fill*         0x08009af9        0x3 
 .rodata.p05.0  0x08009afc        0xc /opt/arm-gnu-toolchain/bin/../lib/gcc/arm-none-eabi/14.2.1/../../../../arm-none-eabi/lib/thumb/v7e-m+fp/hard/libc_nano.a(libc_a-mprec.o)
 .rodata.__mprec_bigtens
                0x08009b08       0x28 /opt/arm-gnu-toolchain/bin/../lib/gcc/arm-none-eabi/14.2.1/../../../../arm-none-eabi/lib/thumb/v7e-m+fp/hard/libc_nano.a(libc_a-mprec.o)
                0x08009b08                __mprec_bigtens
 .rodata.__mprec_tens
                0x08009b30       0xc8 /opt/arm-gnu-toolchain/bin/../lib/gcc/arm-none-eabi/14.2.1/../../../../arm-none-eabi/lib/thumb/v7e-m+fp/hard/libc_nano.a(libc_a-mprec.o)
                0x08009b30                __mprec_tens
 .rodata._vfprintf_r.str1.1
                0x08009bf8       0x11 /opt/arm-gnu-toolchain/bin/../lib/gcc/arm-none-eabi/14.2.1/../../../../arm-none-eabi/lib/thumb/v7e-m+fp/hard/libc_nano.a(libc_a-nano-vfprintf.o)
                0x08009c0c                        . = ALIGN (0x4)

.ARM.extab
 *(.ARM.extab* .gnu.linkonce.armextab.*)

.ARM            0x08009bf8        0x8
                0x08009bf8                        __exidx_start = .
 *(.ARM.exidx*)
 .ARM.exidx     0x08009bf8        0x8 /opt/arm-gnu-toolchain/bin/../lib/gcc/arm-none-eabi/14.2.1/../../../../arm-none-eabi/lib/thumb/v7e-m+fp/hard/libc_nano.a(libc_a-strlen.o)
 .ARM.exidx     0x08009c00        0x0 /opt/arm-gnu-toolchain/bin/../lib/gcc/arm-none-eabi/14.2.1/../../../../arm-none-eabi/lib/thumb/v7e-m+fp/hard/libc_nano.a(libc_a-memchr.o)
                                  0x8 (size before relaxing)
 .ARM.exidx.text.__udivmoddi4
                0x08009c00        0x0 /opt/arm-gnu-toolchain/bin/../lib/gcc/arm-none-eabi/14.2.1/thumb/v7e-m+fp/hard/libgcc.a(_udivmoddi4.o)
                                  0x8 (size before relaxing)
                0x08009c00                        __exidx_end = .

.rel.dyn        0x08009c00        0x0
 .rel.iplt      0x08009c00        0x0 /opt/arm-gnu-toolchain/bin/../lib/gcc/arm-none-eabi/14.2.1/thumb/v7e-m+fp/hard/crtbegin.o

.preinit_array  0x08009c00        0x0
                0x08009c00                        PROVIDE (__preinit_array_start = .)
 *(.preinit_array*)
                0x08009c00                        PROVIDE (__preinit_array_end = .)

.init_array     0x08009c00        0x4
                0x08009c00                        PROVIDE (__init_array_start = .)
 *(SORT_BY_NAME(.init_array.*))
 *(.init_array*)
 .init_array    0x08009c00        0x4 /opt/arm-gnu-toolchain/bin/../lib/gcc/arm-none-eabi/14.2.1/thumb/v7e-m+fp/hard/crtbegin.o
                0x08009c04                        PROVIDE (__init_array_end = .)

.fini_array     0x08009c04        0x4
                [!provide]                        PROVIDE (__fini_array_start = .)
 *(SORT_BY_NAME(.fini_array.*))
 *(.fini_array*)
 .fini_array    0x08009c04        0x4 /opt/arm-gnu-toolchain/bin/../lib/gcc/arm-none-eabi/14.2.1/thumb/v7e-m+fp/hard/crtbegin.o
                [!provide]                        PROVIDE (__fini_array_end = .)
                0x08009c08                        _sidata = LOADADDR (.data)

.data           0x20000000      0x1d4 load address 0x08009c08
                0x20000000                        . = ALIGN (0x4)
                0x20000000                        _sdata = .
 *(.data)
 *(.data*)
 .data.uwTickFreq
                0x20000000        0x1 build/stm32f4xx_hal.o
                0x20000000                uwTickFreq
 *fill*         0x20000001        0x3 
 .data.uwTickPrio
                0x20000004        0x4 build/stm32f4xx_hal.o
                0x20000004                uwTickPrio
 .data.SystemCoreClock
                0x20000008        0x4 build/system_stm32f4xx.o
                0x20000008                SystemCoreClock
 .data.__sglue  0x2000000c        0xc /opt/arm-gnu-toolchain/bin/../lib/gcc/arm-none-eabi/14.2.1/../../../../arm-none-eabi/lib/thumb/v7e-m+fp/hard/libc_nano.a(libc_a-findfp.o)
                0x2000000c                __sglue
 .data.__global_locale
                0x20000018      0x16c /opt/arm-gnu-toolchain/bin/../lib/gcc/arm-none-eabi/14.2.1/../../../../arm-none-eabi/lib/thumb/v7e-m+fp/hard/libc_nano.a(libc_a-locale.o)
                0x20000018                __global_locale
 .data._impure_ptr
                0x20000184        0x4 /opt/arm-gnu-toolchain/bin/../lib/gcc/arm-none-eabi/14.2.1/../../../../arm-none-eabi/lib/thumb/v7e-m+fp/hard/libc_nano.a(libc_a-impure.o)
                0x20000184                _impure_ptr
 .data._impure_data
                0x20000188       0x4c /opt/arm-gnu-toolchain/bin/../lib/gcc/arm-none-eabi/14.2.1/../../../../arm-none-eabi/lib/thumb/v7e-m+fp/hard/libc_nano.a(libc_a-impure.o)
                0x20000188                _impure_data
                0x200001d4                        . = ALIGN (0x4)
                0x200001d4                        _edata = .

.tm_clone_table
                0x200001d4        0x0 load address 0x08009ddc
 .tm_clone_table
                0x200001d4        0x0 /opt/arm-gnu-toolchain/bin/../lib/gcc/arm-none-eabi/14.2.1/thumb/v7e-m+fp/hard/crtbegin.o
 .tm_clone_table
                0x200001d4        0x0 /opt/arm-gnu-toolchain/bin/../lib/gcc/arm-none-eabi/14.2.1/thumb/v7e-m+fp/hard/crtend.o

.igot.plt       0x200001d4        0x0 load address 0x08009ddc
 .igot.plt      0x200001d4        0x0 /opt/arm-gnu-toolchain/bin/../lib/gcc/arm-none-eabi/14.2.1/thumb/v7e-m+fp/hard/crtbegin.o
                0x200001d4                        . = ALIGN (0x4)

.bss            0x200001d4      0x6b8 load address 0x08009ddc
                0x200001d4                        _sbss = .
                0x200001d4                        __bss_start__ = _sbss
 *(.bss)
 *(.bss*)
 .bss.completed.1
                0x200001d4        0x1 /opt/arm-gnu-toolchain/bin/../lib/gcc/arm-none-eabi/14.2.1/thumb/v7e-m+fp/hard/crtbegin.o
 *fill*         0x200001d5        0x3 
 .bss.object.0  0x200001d8       0x18 /opt/arm-gnu-toolchain/bin/../lib/gcc/arm-none-eabi/14.2.1/thumb/v7e-m+fp/hard/crtbegin.o
 .bss.last_accepted_press_time.0
                0x200001f0        0x4 build/gpio_handler.o
 .bss.g_is_logging_active
                0x200001f4        0x1 build/gpio_handler.o
                0x200001f4                g_is_logging_active
 *fill*         0x200001f5        0x3 
 .bss.g_builtinPushButton
                0x200001f8       0x14 build/gpio_handler.o
                0x200001f8                g_builtinPushButton
 .bss.g_builtinLed
                0x2000020c        0xc build/gpio_handler.o
                0x2000020c                g_builtinLed
 .bss.err_buf.0
                0x20000218       0x40 build/i2c_handler.o
 .bss.err_buf.1
                0x20000258       0x40 build/i2c_handler.o
 .bss.msg_buffer.2
                0x20000298       0x40 build/i2c_handler.o
 .bss.acc_enabled
                0x200002d8        0x1 build/i2c_handler.o
                0x200002d8                acc_enabled
 *fill*         0x200002d9        0x3 
 .bss.hi2c1     0x200002dc       0x54 build/i2c_handler.o
                0x200002dc                hi2c1
 .bss.htim2     0x20000330       0x48 build/timer.o
                0x20000330                htim2
 .bss.hdma_usart1_rx
                0x20000378       0x60 build/uart_handler.o
                0x20000378                hdma_usart1_rx
 .bss.huart2    0x200003d8       0x48 build/uart_handler.o
                0x200003d8                huart2
 .bss.huart1    0x20000420       0x48 build/uart_handler.o
                0x20000420                huart1
 .bss.s_latest_sensor_data
                0x20000468       0x24 build/command_handler.o
 .bss.s_idle_blink_timer
                0x2000048c        0x4 build/command_handler.o
 .bss.s_measurement_timer
                0x20000490        0x4 build/command_handler.o
 .bss.nmea_sentence_buffer.0
                0x20000494       0x80 build/gps_handler.o
 .bss.nmea_pos.1
                0x20000514        0x1 build/gps_handler.o
 .bss.has_sentence_started.2
                0x20000515        0x1 build/gps_handler.o
 *fill*         0x20000516        0x2 
 .bss.old_dma_pos
                0x20000518        0x4 build/gps_handler.o
 .bss.g_gps_debug_output_enabled
                0x2000051c        0x1 build/gps_handler.o
                0x2000051c                g_gps_debug_output_enabled
 *fill*         0x2000051d        0x3 
 .bss.s_gps_dma_buffer
                0x20000520      0x200 build/gps_handler.o
 .bss.s_gps_data
                0x20000720       0x18 build/gps_handler.o
 .bss.uwTick    0x20000738        0x4 build/stm32f4xx_hal.o
                0x20000738                uwTick
 .bss.__sbrk_heap_end
                0x2000073c        0x4 build/sysmem.o
 .bss.__sf      0x20000740      0x138 /opt/arm-gnu-toolchain/bin/../lib/gcc/arm-none-eabi/14.2.1/../../../../arm-none-eabi/lib/thumb/v7e-m+fp/hard/libc_nano.a(libc_a-findfp.o)
                0x20000740                __sf
 .bss.__stdio_exit_handler
                0x20000878        0x4 /opt/arm-gnu-toolchain/bin/../lib/gcc/arm-none-eabi/14.2.1/../../../../arm-none-eabi/lib/thumb/v7e-m+fp/hard/libc_nano.a(libc_a-findfp.o)
                0x20000878                __stdio_exit_handler
 .bss.__lock___malloc_recursive_mutex
                0x2000087c        0x1 /opt/arm-gnu-toolchain/bin/../lib/gcc/arm-none-eabi/14.2.1/../../../../arm-none-eabi/lib/thumb/v7e-m+fp/hard/libc_nano.a(libc_a-lock.o)
                0x2000087c                __lock___malloc_recursive_mutex
 .bss.__lock___sfp_recursive_mutex
                0x2000087d        0x1 /opt/arm-gnu-toolchain/bin/../lib/gcc/arm-none-eabi/14.2.1/../../../../arm-none-eabi/lib/thumb/v7e-m+fp/hard/libc_nano.a(libc_a-lock.o)
                0x2000087d                __lock___sfp_recursive_mutex
 *fill*         0x2000087e        0x2 
 .bss.errno     0x20000880        0x4 /opt/arm-gnu-toolchain/bin/../lib/gcc/arm-none-eabi/14.2.1/../../../../arm-none-eabi/lib/thumb/v7e-m+fp/hard/libc_nano.a(libc_a-reent.o)
                0x20000880                errno
 .bss.__malloc_sbrk_start
                0x20000884        0x4 /opt/arm-gnu-toolchain/bin/../lib/gcc/arm-none-eabi/14.2.1/../../../../arm-none-eabi/lib/thumb/v7e-m+fp/hard/libc_nano.a(libc_a-mallocr.o)
                0x20000884                __malloc_sbrk_start
 .bss.__malloc_free_list
                0x20000888        0x4 /opt/arm-gnu-toolchain/bin/../lib/gcc/arm-none-eabi/14.2.1/../../../../arm-none-eabi/lib/thumb/v7e-m+fp/hard/libc_nano.a(libc_a-mallocr.o)
                0x20000888                __malloc_free_list
 *(COMMON)
                0x2000088c                        . = ALIGN (0x4)
                0x2000088c                        _ebss = .
                0x2000088c                        __bss_end__ = _ebss

._user_heap_stack
                0x2000088c      0x604 load address 0x08009ddc
                0x20000890                        . = ALIGN (0x8)
 *fill*         0x2000088c        0x4 
                [!provide]                        PROVIDE (end = .)
                0x20000890                        PROVIDE (_end = .)
                0x20000a90                        . = (. + _Min_Heap_Size)
 *fill*         0x20000890      0x200 
                0x20000e90                        . = (. + _Min_Stack_Size)
 *fill*         0x20000a90      0x400 
                0x20000e90                        . = ALIGN (0x8)

/DISCARD/
 libc.a(*)
 libm.a(*)
 libgcc.a(*)

.ARM.attributes
                0x00000000       0x30
 *(.ARM.attributes)
 .ARM.attributes
                0x00000000       0x22 /opt/arm-gnu-toolchain/bin/../lib/gcc/arm-none-eabi/14.2.1/thumb/v7e-m+fp/hard/crti.o
 .ARM.attributes
                0x00000022       0x34 /opt/arm-gnu-toolchain/bin/../lib/gcc/arm-none-eabi/14.2.1/thumb/v7e-m+fp/hard/crtbegin.o
 .ARM.attributes
                0x00000056       0x34 build/main.o
 .ARM.attributes
                0x0000008a       0x34 build/aml_hal.o
 .ARM.attributes
                0x000000be       0x34 build/gpio_handler.o
 .ARM.attributes
                0x000000f2       0x34 build/i2c_handler.o
 .ARM.attributes
                0x00000126       0x34 build/timer.o
 .ARM.attributes
                0x0000015a       0x34 build/uart_handler.o
 .ARM.attributes
                0x0000018e       0x34 build/command_handler.o
 .ARM.attributes
                0x000001c2       0x34 build/gps_handler.o
 .ARM.attributes
                0x000001f6       0x34 build/stm32f4xx_it.o
 .ARM.attributes
                0x0000022a       0x34 build/stm32f4xx_hal_msp.o
 .ARM.attributes
                0x0000025e       0x34 build/stm32f4xx_hal_tim.o
 .ARM.attributes
                0x00000292       0x34 build/stm32f4xx_hal_tim_ex.o
 .ARM.attributes
                0x000002c6       0x34 build/stm32f4xx_hal_uart.o
 .ARM.attributes
                0x000002fa       0x34 build/stm32f4xx_hal_rcc.o
 .ARM.attributes
                0x0000032e       0x34 build/stm32f4xx_hal_gpio.o
 .ARM.attributes
                0x00000362       0x34 build/stm32f4xx_hal_dma.o
 .ARM.attributes
                0x00000396       0x34 build/stm32f4xx_hal_cortex.o
 .ARM.attributes
                0x000003ca       0x34 build/stm32f4xx_hal.o
 .ARM.attributes
                0x000003fe       0x34 build/stm32f4xx_hal_i2c.o
 .ARM.attributes
                0x00000432       0x34 build/system_stm32f4xx.o
 .ARM.attributes
                0x00000466       0x34 build/sysmem.o
 .ARM.attributes
                0x0000049a       0x34 build/syscalls.o
 .ARM.attributes
                0x000004ce       0x21 build/startup_stm32f411xe.o
 .ARM.attributes
                0x000004ef       0x34 /opt/arm-gnu-toolchain/bin/../lib/gcc/arm-none-eabi/14.2.1/../../../../arm-none-eabi/lib/thumb/v7e-m+fp/hard/libc_nano.a(libc_a-atof.o)
 .ARM.attributes
                0x00000523       0x34 /opt/arm-gnu-toolchain/bin/../lib/gcc/arm-none-eabi/14.2.1/../../../../arm-none-eabi/lib/thumb/v7e-m+fp/hard/libc_nano.a(libc_a-sprintf.o)
 .ARM.attributes
                0x00000557       0x34 /opt/arm-gnu-toolchain/bin/../lib/gcc/arm-none-eabi/14.2.1/../../../../arm-none-eabi/lib/thumb/v7e-m+fp/hard/libc_nano.a(libc_a-sscanf.o)
 .ARM.attributes
                0x0000058b       0x34 /opt/arm-gnu-toolchain/bin/../lib/gcc/arm-none-eabi/14.2.1/../../../../arm-none-eabi/lib/thumb/v7e-m+fp/hard/libc_nano.a(libc_a-stdio.o)
 .ARM.attributes
                0x000005bf       0x34 /opt/arm-gnu-toolchain/bin/../lib/gcc/arm-none-eabi/14.2.1/../../../../arm-none-eabi/lib/thumb/v7e-m+fp/hard/libc_nano.a(libc_a-findfp.o)
 .ARM.attributes
                0x000005f3       0x34 /opt/arm-gnu-toolchain/bin/../lib/gcc/arm-none-eabi/14.2.1/../../../../arm-none-eabi/lib/thumb/v7e-m+fp/hard/libc_nano.a(libc_a-strtod.o)
 .ARM.attributes
                0x00000627       0x34 /opt/arm-gnu-toolchain/bin/../lib/gcc/arm-none-eabi/14.2.1/../../../../arm-none-eabi/lib/thumb/v7e-m+fp/hard/libc_nano.a(libc_a-fwalk.o)
 .ARM.attributes
                0x0000065b       0x34 /opt/arm-gnu-toolchain/bin/../lib/gcc/arm-none-eabi/14.2.1/../../../../arm-none-eabi/lib/thumb/v7e-m+fp/hard/libc_nano.a(libc_a-memset.o)
 .ARM.attributes
                0x0000068f       0x34 /opt/arm-gnu-toolchain/bin/../lib/gcc/arm-none-eabi/14.2.1/../../../../arm-none-eabi/lib/thumb/v7e-m+fp/hard/libc_nano.a(libc_a-strncmp.o)
 .ARM.attributes
                0x000006c3       0x34 /opt/arm-gnu-toolchain/bin/../lib/gcc/arm-none-eabi/14.2.1/../../../../arm-none-eabi/lib/thumb/v7e-m+fp/hard/libc_nano.a(libc_a-strncpy.o)
 .ARM.attributes
                0x000006f7       0x34 /opt/arm-gnu-toolchain/bin/../lib/gcc/arm-none-eabi/14.2.1/../../../../arm-none-eabi/lib/thumb/v7e-m+fp/hard/libc_nano.a(libc_a-strtok.o)
 .ARM.attributes
                0x0000072b       0x34 /opt/arm-gnu-toolchain/bin/../lib/gcc/arm-none-eabi/14.2.1/../../../../arm-none-eabi/lib/thumb/v7e-m+fp/hard/libc_nano.a(libc_a-strtok_r.o)
 .ARM.attributes
                0x0000075f       0x34 /opt/arm-gnu-toolchain/bin/../lib/gcc/arm-none-eabi/14.2.1/../../../../arm-none-eabi/lib/thumb/v7e-m+fp/hard/libc_nano.a(libc_a-strstr.o)
 .ARM.attributes
                0x00000793       0x34 /opt/arm-gnu-toolchain/bin/../lib/gcc/arm-none-eabi/14.2.1/../../../../arm-none-eabi/lib/thumb/v7e-m+fp/hard/libc_nano.a(libc_a-lseekr.o)
 .ARM.attributes
                0x000007c7       0x34 /opt/arm-gnu-toolchain/bin/../lib/gcc/arm-none-eabi/14.2.1/../../../../arm-none-eabi/lib/thumb/v7e-m+fp/hard/libc_nano.a(libc_a-readr.o)
 .ARM.attributes
                0x000007fb       0x34 /opt/arm-gnu-toolchain/bin/../lib/gcc/arm-none-eabi/14.2.1/../../../../arm-none-eabi/lib/thumb/v7e-m+fp/hard/libc_nano.a(libc_a-writer.o)
 .ARM.attributes
                0x0000082f       0x34 /opt/arm-gnu-toolchain/bin/../lib/gcc/arm-none-eabi/14.2.1/../../../../arm-none-eabi/lib/thumb/v7e-m+fp/hard/libc_nano.a(libc_a-errno.o)
 .ARM.attributes
                0x00000863       0x34 /opt/arm-gnu-toolchain/bin/../lib/gcc/arm-none-eabi/14.2.1/../../../../arm-none-eabi/lib/thumb/v7e-m+fp/hard/libc_nano.a(libc_a-init.o)
 .ARM.attributes
                0x00000897       0x34 /opt/arm-gnu-toolchain/bin/../lib/gcc/arm-none-eabi/14.2.1/../../../../arm-none-eabi/lib/thumb/v7e-m+fp/hard/libc_nano.a(libc_a-lock.o)
 .ARM.attributes
                0x000008cb       0x34 /opt/arm-gnu-toolchain/bin/../lib/gcc/arm-none-eabi/14.2.1/../../../../arm-none-eabi/lib/thumb/v7e-m+fp/hard/libc_nano.a(libc_a-locale.o)
 .ARM.attributes
                0x000008ff       0x34 /opt/arm-gnu-toolchain/bin/../lib/gcc/arm-none-eabi/14.2.1/../../../../arm-none-eabi/lib/thumb/v7e-m+fp/hard/libc_nano.a(libc_a-closer.o)
 .ARM.attributes
                0x00000933       0x34 /opt/arm-gnu-toolchain/bin/../lib/gcc/arm-none-eabi/14.2.1/../../../../arm-none-eabi/lib/thumb/v7e-m+fp/hard/libc_nano.a(libc_a-reent.o)
 .ARM.attributes
                0x00000967       0x34 /opt/arm-gnu-toolchain/bin/../lib/gcc/arm-none-eabi/14.2.1/../../../../arm-none-eabi/lib/thumb/v7e-m+fp/hard/libc_nano.a(libc_a-impure.o)
 .ARM.attributes
                0x0000099b       0x34 /opt/arm-gnu-toolchain/bin/../lib/gcc/arm-none-eabi/14.2.1/../../../../arm-none-eabi/lib/thumb/v7e-m+fp/hard/libc_nano.a(libc_a-memcpy-stub.o)
 .ARM.attributes
                0x000009cf       0x17 /opt/arm-gnu-toolchain/bin/../lib/gcc/arm-none-eabi/14.2.1/../../../../arm-none-eabi/lib/thumb/v7e-m+fp/hard/libc_nano.a(libc_a-strlen.o)
 .ARM.attributes
                0x000009e6       0x34 /opt/arm-gnu-toolchain/bin/../lib/gcc/arm-none-eabi/14.2.1/../../../../arm-none-eabi/lib/thumb/v7e-m+fp/hard/libc_nano.a(libc_a-ctype_.o)
 .ARM.attributes
                0x00000a1a       0x34 /opt/arm-gnu-toolchain/bin/../lib/gcc/arm-none-eabi/14.2.1/../../../../arm-none-eabi/lib/thumb/v7e-m+fp/hard/libc_nano.a(libm_a-s_nan.o)
 .ARM.attributes
                0x00000a4e       0x34 /opt/arm-gnu-toolchain/bin/../lib/gcc/arm-none-eabi/14.2.1/../../../../arm-none-eabi/lib/thumb/v7e-m+fp/hard/libc_nano.a(libc_a-assert.o)
 .ARM.attributes
                0x00000a82       0x34 /opt/arm-gnu-toolchain/bin/../lib/gcc/arm-none-eabi/14.2.1/../../../../arm-none-eabi/lib/thumb/v7e-m+fp/hard/libc_nano.a(libc_a-freer.o)
 .ARM.attributes
                0x00000ab6       0x34 /opt/arm-gnu-toolchain/bin/../lib/gcc/arm-none-eabi/14.2.1/../../../../arm-none-eabi/lib/thumb/v7e-m+fp/hard/libc_nano.a(libc_a-gdtoa-gethex.o)
 .ARM.attributes
                0x00000aea       0x34 /opt/arm-gnu-toolchain/bin/../lib/gcc/arm-none-eabi/14.2.1/../../../../arm-none-eabi/lib/thumb/v7e-m+fp/hard/libc_nano.a(libc_a-gdtoa-hexnan.o)
 .ARM.attributes
                0x00000b1e       0x34 /opt/arm-gnu-toolchain/bin/../lib/gcc/arm-none-eabi/14.2.1/../../../../arm-none-eabi/lib/thumb/v7e-m+fp/hard/libc_nano.a(libc_a-nano-svfprintf.o)
 .ARM.attributes
                0x00000b52       0x34 /opt/arm-gnu-toolchain/bin/../lib/gcc/arm-none-eabi/14.2.1/../../../../arm-none-eabi/lib/thumb/v7e-m+fp/hard/libc_nano.a(libc_a-nano-svfscanf.o)
 .ARM.attributes
                0x00000b86       0x34 /opt/arm-gnu-toolchain/bin/../lib/gcc/arm-none-eabi/14.2.1/../../../../arm-none-eabi/lib/thumb/v7e-m+fp/hard/libc_nano.a(libc_a-malloc.o)
 .ARM.attributes
                0x00000bba       0x34 /opt/arm-gnu-toolchain/bin/../lib/gcc/arm-none-eabi/14.2.1/../../../../arm-none-eabi/lib/thumb/v7e-m+fp/hard/libc_nano.a(libc_a-mallocr.o)
 .ARM.attributes
                0x00000bee       0x34 /opt/arm-gnu-toolchain/bin/../lib/gcc/arm-none-eabi/14.2.1/../../../../arm-none-eabi/lib/thumb/v7e-m+fp/hard/libc_nano.a(libc_a-mbtowc_r.o)
 .ARM.attributes
                0x00000c22       0x34 /opt/arm-gnu-toolchain/bin/../lib/gcc/arm-none-eabi/14.2.1/../../../../arm-none-eabi/lib/thumb/v7e-m+fp/hard/libc_nano.a(libc_a-nano-vfprintf_i.o)
 .ARM.attributes
                0x00000c56       0x34 /opt/arm-gnu-toolchain/bin/../lib/gcc/arm-none-eabi/14.2.1/../../../../arm-none-eabi/lib/thumb/v7e-m+fp/hard/libc_nano.a(libc_a-nano-vfscanf_i.o)
 .ARM.attributes
                0x00000c8a       0x34 /opt/arm-gnu-toolchain/bin/../lib/gcc/arm-none-eabi/14.2.1/../../../../arm-none-eabi/lib/thumb/v7e-m+fp/hard/libc_nano.a(libc_a-sccl.o)
 .ARM.attributes
                0x00000cbe       0x34 /opt/arm-gnu-toolchain/bin/../lib/gcc/arm-none-eabi/14.2.1/../../../../arm-none-eabi/lib/thumb/v7e-m+fp/hard/libc_nano.a(libc_a-fflush.o)
 .ARM.attributes
                0x00000cf2       0x34 /opt/arm-gnu-toolchain/bin/../lib/gcc/arm-none-eabi/14.2.1/../../../../arm-none-eabi/lib/thumb/v7e-m+fp/hard/libc_nano.a(libc_a-mlock.o)
 .ARM.attributes
                0x00000d26       0x34 /opt/arm-gnu-toolchain/bin/../lib/gcc/arm-none-eabi/14.2.1/../../../../arm-none-eabi/lib/thumb/v7e-m+fp/hard/libc_nano.a(libc_a-mprec.o)
 .ARM.attributes
                0x00000d5a       0x34 /opt/arm-gnu-toolchain/bin/../lib/gcc/arm-none-eabi/14.2.1/../../../../arm-none-eabi/lib/thumb/v7e-m+fp/hard/libc_nano.a(libc_a-ungetc.o)
 .ARM.attributes
                0x00000d8e       0x34 /opt/arm-gnu-toolchain/bin/../lib/gcc/arm-none-eabi/14.2.1/../../../../arm-none-eabi/lib/thumb/v7e-m+fp/hard/libc_nano.a(libc_a-fprintf.o)
 .ARM.attributes
                0x00000dc2       0x34 /opt/arm-gnu-toolchain/bin/../lib/gcc/arm-none-eabi/14.2.1/../../../../arm-none-eabi/lib/thumb/v7e-m+fp/hard/libc_nano.a(libc_a-reallocr.o)
 .ARM.attributes
                0x00000df6       0x34 /opt/arm-gnu-toolchain/bin/../lib/gcc/arm-none-eabi/14.2.1/../../../../arm-none-eabi/lib/thumb/v7e-m+fp/hard/libc_nano.a(libc_a-strtol.o)
 .ARM.attributes
                0x00000e2a       0x34 /opt/arm-gnu-toolchain/bin/../lib/gcc/arm-none-eabi/14.2.1/../../../../arm-none-eabi/lib/thumb/v7e-m+fp/hard/libc_nano.a(libc_a-strtoul.o)
 .ARM.attributes
                0x00000e5e       0x34 /opt/arm-gnu-toolchain/bin/../lib/gcc/arm-none-eabi/14.2.1/../../../../arm-none-eabi/lib/thumb/v7e-m+fp/hard/libc_nano.a(libc_a-wctomb_r.o)
 .ARM.attributes
                0x00000e92       0x34 /opt/arm-gnu-toolchain/bin/../lib/gcc/arm-none-eabi/14.2.1/../../../../arm-none-eabi/lib/thumb/v7e-m+fp/hard/libc_nano.a(libc_a-memmove.o)
 .ARM.attributes
                0x00000ec6       0x34 /opt/arm-gnu-toolchain/bin/../lib/gcc/arm-none-eabi/14.2.1/../../../../arm-none-eabi/lib/thumb/v7e-m+fp/hard/libc_nano.a(libc_a-sbrkr.o)
 .ARM.attributes
                0x00000efa       0x1c /opt/arm-gnu-toolchain/bin/../lib/gcc/arm-none-eabi/14.2.1/../../../../arm-none-eabi/lib/thumb/v7e-m+fp/hard/libc_nano.a(libc_a-memchr.o)
 .ARM.attributes
                0x00000f16       0x34 /opt/arm-gnu-toolchain/bin/../lib/gcc/arm-none-eabi/14.2.1/../../../../arm-none-eabi/lib/thumb/v7e-m+fp/hard/libc_nano.a(libc_a-abort.o)
 .ARM.attributes
                0x00000f4a       0x34 /opt/arm-gnu-toolchain/bin/../lib/gcc/arm-none-eabi/14.2.1/../../../../arm-none-eabi/lib/thumb/v7e-m+fp/hard/libc_nano.a(libc_a-callocr.o)
 .ARM.attributes
                0x00000f7e       0x34 /opt/arm-gnu-toolchain/bin/../lib/gcc/arm-none-eabi/14.2.1/../../../../arm-none-eabi/lib/thumb/v7e-m+fp/hard/libc_nano.a(libc_a-nano-vfprintf.o)
 .ARM.attributes
                0x00000fb2       0x34 /opt/arm-gnu-toolchain/bin/../lib/gcc/arm-none-eabi/14.2.1/../../../../arm-none-eabi/lib/thumb/v7e-m+fp/hard/libc_nano.a(libc_a-msizer.o)
 .ARM.attributes
                0x00000fe6       0x34 /opt/arm-gnu-toolchain/bin/../lib/gcc/arm-none-eabi/14.2.1/../../../../arm-none-eabi/lib/thumb/v7e-m+fp/hard/libc_nano.a(libc_a-wbuf.o)
 .ARM.attributes
                0x0000101a       0x34 /opt/arm-gnu-toolchain/bin/../lib/gcc/arm-none-eabi/14.2.1/../../../../arm-none-eabi/lib/thumb/v7e-m+fp/hard/libc_nano.a(libc_a-wsetup.o)
 .ARM.attributes
                0x0000104e       0x34 /opt/arm-gnu-toolchain/bin/../lib/gcc/arm-none-eabi/14.2.1/../../../../arm-none-eabi/lib/thumb/v7e-m+fp/hard/libc_nano.a(libc_a-makebuf.o)
 .ARM.attributes
                0x00001082       0x34 /opt/arm-gnu-toolchain/bin/../lib/gcc/arm-none-eabi/14.2.1/../../../../arm-none-eabi/lib/thumb/v7e-m+fp/hard/libc_nano.a(libc_a-signal.o)
 .ARM.attributes
                0x000010b6       0x34 /opt/arm-gnu-toolchain/bin/../lib/gcc/arm-none-eabi/14.2.1/../../../../arm-none-eabi/lib/thumb/v7e-m+fp/hard/libc_nano.a(libc_a-isattyr.o)
 .ARM.attributes
                0x000010ea       0x34 /opt/arm-gnu-toolchain/bin/../lib/gcc/arm-none-eabi/14.2.1/../../../../arm-none-eabi/lib/thumb/v7e-m+fp/hard/libc_nano.a(libc_a-signalr.o)
 .ARM.attributes
                0x0000111e       0x34 /opt/arm-gnu-toolchain/bin/../lib/gcc/arm-none-eabi/14.2.1/../../../../arm-none-eabi/lib/thumb/v7e-m+fp/hard/libc_nano.a(libc_a-fstatr.o)
 .ARM.attributes
                0x00001152       0x22 /opt/arm-gnu-toolchain/bin/../lib/gcc/arm-none-eabi/14.2.1/thumb/v7e-m+fp/hard/libgcc.a(_arm_addsubdf3.o)
 .ARM.attributes
                0x00001174       0x22 /opt/arm-gnu-toolchain/bin/../lib/gcc/arm-none-eabi/14.2.1/thumb/v7e-m+fp/hard/libgcc.a(_arm_muldivdf3.o)
 .ARM.attributes
                0x00001196       0x22 /opt/arm-gnu-toolchain/bin/../lib/gcc/arm-none-eabi/14.2.1/thumb/v7e-m+fp/hard/libgcc.a(_arm_cmpdf2.o)
 .ARM.attributes
                0x000011b8       0x22 /opt/arm-gnu-toolchain/bin/../lib/gcc/arm-none-eabi/14.2.1/thumb/v7e-m+fp/hard/libgcc.a(_arm_fixunsdfsi.o)
 .ARM.attributes
                0x000011da       0x22 /opt/arm-gnu-toolchain/bin/../lib/gcc/arm-none-eabi/14.2.1/thumb/v7e-m+fp/hard/libgcc.a(_arm_truncdfsf2.o)
 .ARM.attributes
                0x000011fc       0x22 /opt/arm-gnu-toolchain/bin/../lib/gcc/arm-none-eabi/14.2.1/thumb/v7e-m+fp/hard/libgcc.a(_aeabi_uldivmod.o)
 .ARM.attributes
                0x0000121e       0x34 /opt/arm-gnu-toolchain/bin/../lib/gcc/arm-none-eabi/14.2.1/thumb/v7e-m+fp/hard/libgcc.a(_fixdfdi.o)
 .ARM.attributes
                0x00001252       0x34 /opt/arm-gnu-toolchain/bin/../lib/gcc/arm-none-eabi/14.2.1/thumb/v7e-m+fp/hard/libgcc.a(_fixunsdfdi.o)
 .ARM.attributes
                0x00001286       0x34 /opt/arm-gnu-toolchain/bin/../lib/gcc/arm-none-eabi/14.2.1/thumb/v7e-m+fp/hard/libgcc.a(_udivmoddi4.o)
 .ARM.attributes
                0x000012ba       0x22 /opt/arm-gnu-toolchain/bin/../lib/gcc/arm-none-eabi/14.2.1/thumb/v7e-m+fp/hard/libgcc.a(_dvmd_tls.o)
 .ARM.attributes
                0x000012dc       0x34 /opt/arm-gnu-toolchain/bin/../lib/gcc/arm-none-eabi/14.2.1/thumb/v7e-m+fp/hard/crtend.o
 .ARM.attributes