Archive member included to satisfy reference by file (symbol)

/Applications/ArmGNUToolchain/13.3.rel1/arm-none-eabi/bin/../lib/gcc/arm-none-eabi/13.3.1/../../../../arm-none-eabi/lib/thumb/v7e-m+fp/hard/libc_nano.a(libc_a-exit.o)
                              /Applications/ArmGNUToolchain/13.3.rel1/arm-none-eabi/bin/../lib/gcc/arm-none-eabi/13.3.1/../../../../arm-none-eabi/lib/thumb/v7e-m+fp/hard/crt0.o (exit)
/Applications/ArmGNUToolchain/13.3.rel1/arm-none-eabi/bin/../lib/gcc/arm-none-eabi/13.3.1/../../../../arm-none-eabi/lib/thumb/v7e-m+fp/hard/libc_nano.a(libc_a-snprintf.o)
                              build/command_handler.o (snprintf)
/Applications/ArmGNUToolchain/13.3.rel1/arm-none-eabi/bin/../lib/gcc/arm-none-eabi/13.3.1/../../../../arm-none-eabi/lib/thumb/v7e-m+fp/hard/libc_nano.a(libc_a-findfp.o)
                              /Applications/ArmGNUToolchain/13.3.rel1/arm-none-eabi/bin/../lib/gcc/arm-none-eabi/13.3.1/../../../../arm-none-eabi/lib/thumb/v7e-m+fp/hard/libc_nano.a(libc_a-exit.o) (__stdio_exit_handler)
/Applications/ArmGNUToolchain/13.3.rel1/arm-none-eabi/bin/../lib/gcc/arm-none-eabi/13.3.1/../../../../arm-none-eabi/lib/thumb/v7e-m+fp/hard/libc_nano.a(libc_a-fwalk.o)
                              /Applications/ArmGNUToolchain/13.3.rel1/arm-none-eabi/bin/../lib/gcc/arm-none-eabi/13.3.1/../../../../arm-none-eabi/lib/thumb/v7e-m+fp/hard/libc_nano.a(libc_a-findfp.o) (_fwalk_sglue)
/Applications/ArmGNUToolchain/13.3.rel1/arm-none-eabi/bin/../lib/gcc/arm-none-eabi/13.3.1/../../../../arm-none-eabi/lib/thumb/v7e-m+fp/hard/libc_nano.a(libc_a-memset.o)
                              /Applications/ArmGNUToolchain/13.3.rel1/arm-none-eabi/bin/../lib/gcc/arm-none-eabi/13.3.1/../../../../arm-none-eabi/lib/thumb/v7e-m+fp/hard/crt0.o (memset)
/Applications/ArmGNUToolchain/13.3.rel1/arm-none-eabi/bin/../lib/gcc/arm-none-eabi/13.3.1/../../../../arm-none-eabi/lib/thumb/v7e-m+fp/hard/libc_nano.a(libc_a-errno.o)
                              build/sysmem.o (__errno)
/Applications/ArmGNUToolchain/13.3.rel1/arm-none-eabi/bin/../lib/gcc/arm-none-eabi/13.3.1/../../../../arm-none-eabi/lib/thumb/v7e-m+fp/hard/libc_nano.a(libc_a-init.o)
                              /Applications/ArmGNUToolchain/13.3.rel1/arm-none-eabi/bin/../lib/gcc/arm-none-eabi/13.3.1/../../../../arm-none-eabi/lib/thumb/v7e-m+fp/hard/crt0.o (__libc_init_array)
/Applications/ArmGNUToolchain/13.3.rel1/arm-none-eabi/bin/../lib/gcc/arm-none-eabi/13.3.1/../../../../arm-none-eabi/lib/thumb/v7e-m+fp/hard/libc_nano.a(libc_a-lock.o)
                              /Applications/ArmGNUToolchain/13.3.rel1/arm-none-eabi/bin/../lib/gcc/arm-none-eabi/13.3.1/../../../../arm-none-eabi/lib/thumb/v7e-m+fp/hard/libc_nano.a(libc_a-findfp.o) (__retarget_lock_init_recursive)
/Applications/ArmGNUToolchain/13.3.rel1/arm-none-eabi/bin/../lib/gcc/arm-none-eabi/13.3.1/../../../../arm-none-eabi/lib/thumb/v7e-m+fp/hard/libc_nano.a(libc_a-impure.o)
                              /Applications/ArmGNUToolchain/13.3.rel1/arm-none-eabi/bin/../lib/gcc/arm-none-eabi/13.3.1/../../../../arm-none-eabi/lib/thumb/v7e-m+fp/hard/libc_nano.a(libc_a-snprintf.o) (_impure_ptr)
/Applications/ArmGNUToolchain/13.3.rel1/arm-none-eabi/bin/../lib/gcc/arm-none-eabi/13.3.1/../../../../arm-none-eabi/lib/thumb/v7e-m+fp/hard/libc_nano.a(libc_a-strlen.o)
                              build/uart_handler.o (strlen)
/Applications/ArmGNUToolchain/13.3.rel1/arm-none-eabi/bin/../lib/gcc/arm-none-eabi/13.3.1/../../../../arm-none-eabi/lib/thumb/v7e-m+fp/hard/libc_nano.a(libc_a-nano-svfprintf.o)
                              /Applications/ArmGNUToolchain/13.3.rel1/arm-none-eabi/bin/../lib/gcc/arm-none-eabi/13.3.1/../../../../arm-none-eabi/lib/thumb/v7e-m+fp/hard/libc_nano.a(libc_a-snprintf.o) (_svfprintf_r)
/Applications/ArmGNUToolchain/13.3.rel1/arm-none-eabi/bin/../lib/gcc/arm-none-eabi/13.3.1/../../../../arm-none-eabi/lib/thumb/v7e-m+fp/hard/libc_nano.a(libc_a-mallocr.o)
                              /Applications/ArmGNUToolchain/13.3.rel1/arm-none-eabi/bin/../lib/gcc/arm-none-eabi/13.3.1/../../../../arm-none-eabi/lib/thumb/v7e-m+fp/hard/libc_nano.a(libc_a-findfp.o) (_malloc_r)
/Applications/ArmGNUToolchain/13.3.rel1/arm-none-eabi/bin/../lib/gcc/arm-none-eabi/13.3.1/../../../../arm-none-eabi/lib/thumb/v7e-m+fp/hard/libc_nano.a(libc_a-nano-vfprintf_i.o)
                              /Applications/ArmGNUToolchain/13.3.rel1/arm-none-eabi/bin/../lib/gcc/arm-none-eabi/13.3.1/../../../../arm-none-eabi/lib/thumb/v7e-m+fp/hard/libc_nano.a(libc_a-nano-svfprintf.o) (_printf_i)
/Applications/ArmGNUToolchain/13.3.rel1/arm-none-eabi/bin/../lib/gcc/arm-none-eabi/13.3.1/../../../../arm-none-eabi/lib/thumb/v7e-m+fp/hard/libc_nano.a(libc_a-fflush.o)
                              /Applications/ArmGNUToolchain/13.3.rel1/arm-none-eabi/bin/../lib/gcc/arm-none-eabi/13.3.1/../../../../arm-none-eabi/lib/thumb/v7e-m+fp/hard/libc_nano.a(libc_a-findfp.o) (_fflush_r)
[...]
Memory Configuration

Name             Origin             Length             Attributes
RAM              0x20000000         0x00020000         xrw
FLASH            0x08000000         0x00080000         xr
*default*        0x00000000         0xffffffff

Linker script and memory map

LOAD /Applications/ArmGNUToolchain/13.3.rel1/arm-none-eabi/bin/../lib/gcc/arm-none-eabi/13.3.1/thumb/v7e-m+fp/hard/crti.o
LOAD /Applications/ArmGNUToolchain/13.3.rel1/arm-none-eabi/bin/../lib/gcc/arm-none-eabi/13.3.1/thumb/v7e-m+fp/hard/crtbegin.o
LOAD /Applications/ArmGNUToolchain/13.3.rel1/arm-none-eabi/bin/../lib/gcc/arm-none-eabi/13.3.1/../../../../arm-none-eabi/lib/thumb/v7e-m+fp/hard/crt0.o
LOAD build/main.o
LOAD build/aml_hal.o
LOAD build/global.o
LOAD build/gpio_handler.o
LOAD build/i2c_handler.o
LOAD build/timer.o
LOAD build/uart_handler.o
LOAD build/command_handler.o
LOAD build/file_handler.o
LOAD build/stm32f4xx_it.o
LOAD build/stm32f4xx_hal_msp.o
LOAD build/stm32f4xx_hal_tim.o
LOAD build/stm32f4xx_hal_tim_ex.o
LOAD build/stm32f4xx_hal_uart.o
LOAD build/stm32f4xx_hal_rcc.o
LOAD build/stm32f4xx_hal_rcc_ex.o
LOAD build/stm32f4xx_hal_flash.o
LOAD build/stm32f4xx_hal_flash_ex.o
LOAD build/stm32f4xx_hal_flash_ramfunc.o
LOAD build/stm32f4xx_hal_gpio.o
LOAD build/stm32f4xx_hal_dma_ex.o
LOAD build/stm32f4xx_hal_dma.o
LOAD build/stm32f4xx_hal_pwr.o
LOAD build/stm32f4xx_hal_pwr_ex.o
LOAD build/stm32f4xx_hal_cortex.o
LOAD build/stm32f4xx_hal.o
LOAD build/stm32f4xx_hal_exti.o
LOAD build/stm32f4xx_hal_i2c.o
LOAD build/system_stm32f4xx.o
LOAD build/sysmem.o
LOAD build/syscalls.o
LOAD build/startup_stm32f411xe.o
LOAD /Applications/ArmGNUToolchain/13.3.rel1/arm-none-eabi/bin/../lib/gcc/arm-none-eabi/13.3.1/../../../../arm-none-eabi/lib/thumb/v7e-m+fp/hard/libc_nano.a
LOAD /Applications/ArmGNUToolchain/13.3.rel1/arm-none-eabi/bin/../lib/gcc/arm-none-eabi/13.3.1/../../../../arm-none-eabi/lib/thumb/v7e-m+fp/hard/libm.a
LOAD /Applications/ArmGNUToolchain/13.3.rel1/arm-none-eabi/bin/../lib/gcc/arm-none-eabi/13.3.1/../../../../arm-none-eabi/lib/thumb/v7e-m+fp/hard/libnosys.a
START GROUP
LOAD /Applications/ArmGNUToolchain/13.3.rel1/arm-none-eabi/bin/../lib/gcc/arm-none-eabi/13.3.1/thumb/v7e-m+fp/hard/libgcc.a
LOAD /Applications/ArmGNUToolchain/13.3.rel1/arm-none-eabi/bin/../lib/gcc/arm-none-eabi/13.3.1/../../../../arm-none-eabi/lib/thumb/v7e-m+fp/hard/libc_nano.a
END GROUP
START GROUP
LOAD /Applications/ArmGNUToolchain/13.3.rel1/arm-none-eabi/bin/../lib/gcc/arm-none-eabi/13.3.1/thumb/v7e-m+fp/hard/libgcc.a
LOAD /Applications/ArmGNUToolchain/13.3.rel1/arm-none-eabi/bin/../lib/gcc/arm-none-eabi/13.3.1/../../../../arm-none-eabi/lib/thumb/v7e-m+fp/hard/libc_nano.a
END GROUP
LOAD /Applications/ArmGNUToolchain/13.3.rel1/arm-none-eabi/bin/../lib/gcc/arm-none-eabi/13.3.1/thumb/v7e-m+fp/hard/crtend.o
LOAD /Applications/ArmGNUToolchain/13.3.rel1/arm-none-eabi/bin/../lib/gcc/arm-none-eabi/13.3.1/thumb/v7e-m+fp/hard/crtn.o
                0x20020000                        _estack = (ORIGIN (RAM) + LENGTH (RAM))
                0x00000200                        _Min_Heap_Size = 0x200
                0x00000400                        _Min_Stack_Size = 0x400

.isr_vector     0x08000000      0x198
                0x08000000                        . = ALIGN (0x4)
 *(.isr_vector)
 .isr_vector    0x08000000      0x198 build/startup_stm32f411xe.o
                0x08000000                g_pfnVectors
                0x08000198                        . = ALIGN (0x4)

.text           0x080001a0     0x3124
                0x080001a0                        . = ALIGN (0x4)
 *(.text)
 .text          0x080001a0       0x10 /Applications/ArmGNUToolchain/13.3.rel1/arm-none-eabi/bin/../lib/gcc/arm-none-eabi/13.3.1/../../../../arm-none-eabi/lib/thumb/v7e-m+fp/hard/libc_nano.a(libc_a-strlen.o)
                0x080001a0                strlen
 .text          0x080001b0       0xa0 /Applications/ArmGNUToolchain/13.3.rel1/arm-none-eabi/bin/../lib/gcc/arm-none-eabi/13.3.1/../../../../arm-none-eabi/lib/thumb/v7e-m+fp/hard/libc_nano.a(libc_a-memchr.o)
                0x080001b0                memchr
 .text          0x08000250       0x30 /Applications/ArmGNUToolchain/13.3.rel1/arm-none-eabi/bin/../lib/gcc/arm-none-eabi/13.3.1/thumb/v7e-m+fp/hard/libgcc.a(_aeabi_uldivmod.o)
                0x08000250                __aeabi_uldivmod
 .text          0x08000280        0x4 /Applications/ArmGNUToolchain/13.3.rel1/arm-none-eabi/bin/../lib/gcc/arm-none-eabi/13.3.1/thumb/v7e-m+fp/hard/libgcc.a(_dvmd_tls.o)
                0x08000280                __aeabi_ldiv0
                0x08000280                __aeabi_idiv0
 *(.text*)
 .text.deregister_tm_clones
                0x08000284       0x1c /Applications/ArmGNUToolchain/13.3.rel1/arm-none-eabi/bin/../lib/gcc/arm-none-eabi/13.3.1/thumb/v7e-m+fp/hard/crtbegin.o
 .text.register_tm_clones
                0x080002a0       0x24 /Applications/ArmGNUToolchain/13.3.rel1/arm-none-eabi/bin/../lib/gcc/arm-none-eabi/13.3.1/thumb/v7e-m+fp/hard/crtbegin.o
 .text.__do_global_dtors_aux
                0x080002c4       0x28 /Applications/ArmGNUToolchain/13.3.rel1/arm-none-eabi/bin/../lib/gcc/arm-none-eabi/13.3.1/thumb/v7e-m+fp/hard/crtbegin.o
 .text.frame_dummy
                0x080002ec       0x24 /Applications/ArmGNUToolchain/13.3.rel1/arm-none-eabi/bin/../lib/gcc/arm-none-eabi/13.3.1/thumb/v7e-m+fp/hard/crtbegin.o
 .text.main     0x08000310        0xc build/main.o
                0x08000310                main
 .text.Error_Handler
                0x0800031c        0x4 build/main.o
                0x0800031c                Error_Handler
 .text.AML_Init
                0x08000320       0x1c build/aml_hal.o
                0x08000320                AML_Init
 .text.MX_GPIO_Init
                0x0800033c       0x68 build/gpio_handler.o
                0x0800033c                MX_GPIO_Init
 .text.MX_I2C1_Init
                0x080003a4       0x5c build/i2c_handler.o
                0x080003a4                MX_I2C1_Init
 .text.I2C_connectivity_check
                0x08000400       0x34 build/i2c_handler.o
                0x08000400                I2C_connectivity_check
 .text.I2C_ACC_Enable
                0x08000434       0x24 build/i2c_handler.o
                0x08000434                I2C_ACC_Enable
 .text.readACC  0x08000458       0x34 build/i2c_handler.o
                0x08000458                readACC
 .text.SystemClock_Config
                0x0800048c       0xa4 build/timer.o
                0x0800048c                SystemClock_Config
 .text.MX_TIM2_Init
                0x08000530       0x50 build/timer.o
                0x08000530                MX_TIM2_Init
 .text.TIM2_IRQHandler
                0x08000580       0x10 build/timer.o
                0x08000580                TIM2_IRQHandler
 .text.HAL_TIM_PeriodElapsedCallback
                0x08000590        0x2 build/timer.o
                0x08000590                HAL_TIM_PeriodElapsedCallback
 .text.timer_handler
                0x08000592       0x1c build/timer.o
                0x08000592                timer_handler
 *fill*         0x080005ae        0x2 
 .text.MX_USART2_UART_Init
                0x080005b0       0x34 build/uart_handler.o
                0x080005b0                MX_USART2_UART_Init
 .text.WriteUART
                0x080005e4       0x18 build/uart_handler.o
                0x080005e4                WriteUART
 .text.HAL_UART_TxCpltCallback
                0x080005fc        0x2 build/uart_handler.o
                0x080005fc                HAL_UART_TxCpltCallback
 *fill*         0x080005fe        0x2 
 .text.BVAT_Init
                0x08000600       0x24 build/command_handler.o
                0x08000600                BVAT_Init
 .text.log_to_uart
                0x08000624       0x2c build/command_handler.o
                0x08000624                log_to_uart
 .text.measure_loop
                0x08000650       0x88 build/command_handler.o
                0x08000650                measure_loop
 .text.NMI_Handler
                0x080006d8        0x2 build/stm32f4xx_it.o
                0x080006d8                NMI_Handler
 .text.HardFault_Handler
                0x080006da        0x2 build/stm32f4xx_it.o
                0x080006da                HardFault_Handler
 .text.MemManage_Handler
                0x080006dc        0x2 build/stm32f4xx_it.o
                0x080006dc                MemManage_Handler
 .text.BusFault_Handler
                0x080006de        0x2 build/stm32f4xx_it.o
                0x080006de                BusFault_Handler
 .text.UsageFault_Handler
                0x080006e0        0x2 build/stm32f4xx_it.o
                0x080006e0                UsageFault_Handler
 .text.SVC_Handler
                0x080006e2        0x2 build/stm32f4xx_it.o
                0x080006e2                SVC_Handler
 .text.DebugMon_Handler
                0x080006e4        0x2 build/stm32f4xx_it.o
                0x080006e4                DebugMon_Handler
 .text.PendSV_Handler
                0x080006e6        0x2 build/stm32f4xx_it.o
                0x080006e6                PendSV_Handler
 .text.SysTick_Handler
                0x080006e8        0x8 build/stm32f4xx_it.o
                0x080006e8                SysTick_Handler
 .text.USART2_IRQHandler
                0x080006f0       0x10 build/stm32f4xx_it.o
                0x080006f0                USART2_IRQHandler
 .text.HAL_MspInit
                0x08000700       0x40 build/stm32f4xx_hal_msp.o
                0x08000700                HAL_MspInit
 .text.HAL_UART_MspInit
                0x08000740       0x70 build/stm32f4xx_hal_msp.o
                0x08000740                HAL_UART_MspInit
 .text.HAL_TIM_Base_MspInit
                0x080007b0        0x2 build/stm32f4xx_hal_tim.o
                0x080007b0                HAL_TIM_Base_MspInit
 .text.HAL_TIM_OC_DelayElapsedCallback
                0x080007b2        0x2 build/stm32f4xx_hal_tim.o
                0x080007b2                HAL_TIM_OC_DelayElapsedCallback
 .text.HAL_TIM_IC_CaptureCallback
                0x080007b4        0x2 build/stm32f4xx_hal_tim.o
                0x080007b4                HAL_TIM_IC_CaptureCallback
 .text.HAL_TIM_PWM_PulseFinishedCallback
                0x080007b6        0x2 build/stm32f4xx_hal_tim.o
                0x080007b6                HAL_TIM_PWM_PulseFinishedCallback
 .text.HAL_TIM_TriggerCallback
                0x080007b8        0x2 build/stm32f4xx_hal_tim.o
                0x080007b8                HAL_TIM_TriggerCallback
 .text.HAL_TIM_IRQHandler
                0x080007ba      0x15e build/stm32f4xx_hal_tim.o
                0x080007ba                HAL_TIM_IRQHandler
 .text.TIM_Base_SetConfig
                0x08000918       0xa4 build/stm32f4xx_hal_tim.o
                0x08000918                TIM_Base_SetConfig
 .text.HAL_TIM_Base_Init
                0x080009bc       0x58 build/stm32f4xx_hal_tim.o
                0x080009bc                HAL_TIM_Base_Init
 .text.HAL_TIMEx_CommutCallback
                0x08000a14        0x2 build/stm32f4xx_hal_tim_ex.o
                0x08000a14                HAL_TIMEx_CommutCallback
 .text.HAL_TIMEx_BreakCallback
                0x08000a16        0x2 build/stm32f4xx_hal_tim_ex.o
                0x08000a16                HAL_TIMEx_BreakCallback
 .text.UART_EndRxTransfer
                0x08000a18       0x5c build/stm32f4xx_hal_uart.o
 .text.UART_Transmit_IT
                0x08000a74       0x60 build/stm32f4xx_hal_uart.o
 .text.UART_SetConfig
                0x08000ad4      0x110 build/stm32f4xx_hal_uart.o
 .text.HAL_UART_Init
                0x08000be4       0x60 build/stm32f4xx_hal_uart.o
                0x08000be4                HAL_UART_Init
 .text.HAL_UART_Transmit_IT
                0x08000c44       0x38 build/stm32f4xx_hal_uart.o
                0x08000c44                HAL_UART_Transmit_IT
 .text.UART_EndTransmit_IT
                0x08000c7c       0x1a build/stm32f4xx_hal_uart.o
 .text.HAL_UART_RxCpltCallback
                0x08000c96        0x2 build/stm32f4xx_hal_uart.o
                0x08000c96                HAL_UART_RxCpltCallback
 .text.HAL_UART_ErrorCallback
                0x08000c98        0x2 build/stm32f4xx_hal_uart.o
                0x08000c98                HAL_UART_ErrorCallback
 .text.UART_DMAAbortOnError
                0x08000c9a        0xe build/stm32f4xx_hal_uart.o
 .text.HAL_UARTEx_RxEventCallback
                0x08000ca8        0x2 build/stm32f4xx_hal_uart.o
                0x08000ca8                HAL_UARTEx_RxEventCallback
 .text.UART_Receive_IT
                0x08000caa       0xe6 build/stm32f4xx_hal_uart.o
 .text.HAL_UART_IRQHandler
                0x08000d90      0x2a0 build/stm32f4xx_hal_uart.o
                0x08000d90                HAL_UART_IRQHandler
 .text.HAL_RCC_OscConfig
                0x08001030      0x3f8 build/stm32f4xx_hal_rcc.o
                0x08001030                HAL_RCC_OscConfig
 .text.HAL_RCC_GetSysClockFreq
                0x08001428       0xdc build/stm32f4xx_hal_rcc.o
                0x08001428                HAL_RCC_GetSysClockFreq
 .text.HAL_RCC_ClockConfig
                0x08001504      0x160 build/stm32f4xx_hal_rcc.o
                0x08001504                HAL_RCC_ClockConfig
 .text.HAL_RCC_GetHCLKFreq
                0x08001664        0xc build/stm32f4xx_hal_rcc.o
                0x08001664                HAL_RCC_GetHCLKFreq
 .text.HAL_RCC_GetPCLK1Freq
                0x08001670       0x20 build/stm32f4xx_hal_rcc.o
                0x08001670                HAL_RCC_GetPCLK1Freq
 .text.HAL_RCC_GetPCLK2Freq
                0x08001690       0x20 build/stm32f4xx_hal_rcc.o
                0x08001690                HAL_RCC_GetPCLK2Freq
 .text.HAL_GPIO_Init
                0x080016b0      0x1c8 build/stm32f4xx_hal_gpio.o
                0x080016b0                HAL_GPIO_Init
 .text.HAL_DMA_Abort
                0x08001878       0x94 build/stm32f4xx_hal_dma.o
                0x08001878                HAL_DMA_Abort
 .text.HAL_DMA_Abort_IT
                0x0800190c       0x26 build/stm32f4xx_hal_dma.o
                0x0800190c                HAL_DMA_Abort_IT
 *fill*         0x08001932        0x2 
 .text.__NVIC_EnableIRQ
                0x08001934       0x1c build/stm32f4xx_hal_cortex.o
 .text.__NVIC_SetPriority
                0x08001950       0x28 build/stm32f4xx_hal_cortex.o
 .text.NVIC_EncodePriority
                0x08001978       0x3e build/stm32f4xx_hal_cortex.o
 *fill*         0x080019b6        0x2 
 .text.HAL_NVIC_SetPriorityGrouping
                0x080019b8       0x24 build/stm32f4xx_hal_cortex.o
                0x080019b8                HAL_NVIC_SetPriorityGrouping
 .text.HAL_NVIC_SetPriority
                0x080019dc       0x20 build/stm32f4xx_hal_cortex.o
                0x080019dc                HAL_NVIC_SetPriority
 .text.HAL_NVIC_EnableIRQ
                0x080019fc        0x8 build/stm32f4xx_hal_cortex.o
                0x080019fc                HAL_NVIC_EnableIRQ
 .text.HAL_SYSTICK_Config
                0x08001a04       0x28 build/stm32f4xx_hal_cortex.o
                0x08001a04                HAL_SYSTICK_Config
 .text.HAL_InitTick
                0x08001a2c       0x4c build/stm32f4xx_hal.o
                0x08001a2c                HAL_InitTick
 .text.HAL_Init
                0x08001a78       0x34 build/stm32f4xx_hal.o
                0x08001a78                HAL_Init
 .text.HAL_IncTick
                0x08001aac       0x18 build/stm32f4xx_hal.o
                0x08001aac                HAL_IncTick
 .text.HAL_GetTick
                0x08001ac4        0xc build/stm32f4xx_hal.o
                0x08001ac4                HAL_GetTick
 .text.I2C_IsAcknowledgeFailed
                0x08001ad0       0x32 build/stm32f4xx_hal_i2c.o
 .text.I2C_WaitOnFlagUntilTimeout
                0x08001b02       0xaa build/stm32f4xx_hal_i2c.o
 .text.I2C_WaitOnMasterAddressFlagUntilTimeout
                0x08001bac       0xd6 build/stm32f4xx_hal_i2c.o
 .text.I2C_WaitOnTXEFlagUntilTimeout
                0x08001c82       0x5e build/stm32f4xx_hal_i2c.o
 .text.I2C_RequestMemoryRead
                0x08001ce0      0x154 build/stm32f4xx_hal_i2c.o
 .text.I2C_WaitOnRXNEFlagUntilTimeout
                0x08001e34       0x78 build/stm32f4xx_hal_i2c.o
 .text.HAL_I2C_MspInit
                0x08001eac        0x2 build/stm32f4xx_hal_i2c.o
                0x08001eac                HAL_I2C_MspInit
 *fill*         0x08001eae        0x2 
 .text.HAL_I2C_Init
                0x08001eb0      0x1bc build/stm32f4xx_hal_i2c.o
                0x08001eb0                HAL_I2C_Init
 .text.HAL_I2C_Mem_Read
                0x0800206c      0x2f8 build/stm32f4xx_hal_i2c.o
                0x0800206c                HAL_I2C_Mem_Read
 .text.HAL_I2C_Mem_Write_IT
                0x08002364       0xe0 build/stm32f4xx_hal_i2c.o
                0x08002364                HAL_I2C_Mem_Write_IT
 .text.HAL_I2C_IsDeviceReady
                0x08002444      0x194 build/stm32f4xx_hal_i2c.o
                0x08002444                HAL_I2C_IsDeviceReady
 .text.SystemInit
                0x080025d8       0x14 build/system_stm32f4xx.o
                0x080025d8                SystemInit
 .text._sbrk    0x080025ec       0x48 build/sysmem.o
                0x080025ec                _sbrk
 .text.Reset_Handler
                0x08002634       0x50 build/startup_stm32f411xe.o
                0x08002634                Reset_Handler
 .text.Default_Handler
                0x08002684        0x2 build/startup_stm32f411xe.o
                0x08002684                DMA1_Stream3_IRQHandler
                0x08002684                EXTI2_IRQHandler
                0x08002684                SPI4_IRQHandler
                0x08002684                TIM1_CC_IRQHandler
                0x08002684                DMA2_Stream5_IRQHandler
                0x08002684                DMA1_Stream5_IRQHandler
                0x08002684                PVD_IRQHandler
                0x08002684                SDIO_IRQHandler
                0x08002684                TAMP_STAMP_IRQHandler
                0x08002684                EXTI3_IRQHandler
                0x08002684                TIM1_UP_TIM10_IRQHandler
                0x08002684                I2C3_ER_IRQHandler
                0x08002684                EXTI0_IRQHandler
                0x08002684                I2C2_EV_IRQHandler
                0x08002684                DMA1_Stream2_IRQHandler
                0x08002684                FPU_IRQHandler
                0x08002684                DMA2_Stream2_IRQHandler
                0x08002684                SPI1_IRQHandler
                0x08002684                TIM1_BRK_TIM9_IRQHandler
                0x08002684                DMA2_Stream3_IRQHandler
                0x08002684                USART6_IRQHandler
                0x08002684                DMA2_Stream0_IRQHandler
                0x08002684                TIM4_IRQHandler
                0x08002684                I2C1_EV_IRQHandler
                0x08002684                DMA1_Stream6_IRQHandler
                0x08002684                DMA1_Stream1_IRQHandler
                0x08002684                TIM3_IRQHandler
                0x08002684                RCC_IRQHandler
                0x08002684                Default_Handler
                0x08002684                EXTI15_10_IRQHandler
                0x08002684                ADC_IRQHandler
                0x08002684                DMA1_Stream7_IRQHandler
                0x08002684                SPI5_IRQHandler
                0x08002684                TIM5_IRQHandler
                0x08002684                DMA2_Stream7_IRQHandler
                0x08002684                I2C3_EV_IRQHandler
                0x08002684                EXTI9_5_IRQHandler
                0x08002684                RTC_WKUP_IRQHandler
                0x08002684                SPI2_IRQHandler
                0x08002684                DMA1_Stream0_IRQHandler
                0x08002684                EXTI4_IRQHandler
                0x08002684                WWDG_IRQHandler
                0x08002684                OTG_FS_WKUP_IRQHandler
                0x08002684                TIM1_TRG_COM_TIM11_IRQHandler
                0x08002684                EXTI1_IRQHandler
                0x08002684                I2C2_ER_IRQHandler
                0x08002684                DMA2_Stream1_IRQHandler
                0x08002684                FLASH_IRQHandler
                0x08002684                DMA2_Stream4_IRQHandler
                0x08002684                USART1_IRQHandler
                0x08002684                OTG_FS_IRQHandler
                0x08002684                SPI3_IRQHandler
                0x08002684                DMA1_Stream4_IRQHandler
                0x08002684                I2C1_ER_IRQHandler
                0x08002684                DMA2_Stream6_IRQHandler
                0x08002684                RTC_Alarm_IRQHandler
 *fill*         0x08002686        0x2 
 .text.snprintf
                0x08002688       0x6c /Applications/ArmGNUToolchain/13.3.rel1/arm-none-eabi/bin/../lib/gcc/arm-none-eabi/13.3.1/../../../../arm-none-eabi/lib/thumb/v7e-m+fp/hard/libc_nano.a(libc_a-snprintf.o)
                0x08002688                snprintf
                0x08002688                sniprintf
 .text.memset   0x080026f4       0x10 /Applications/ArmGNUToolchain/13.3.rel1/arm-none-eabi/bin/../lib/gcc/arm-none-eabi/13.3.1/../../../../arm-none-eabi/lib/thumb/v7e-m+fp/hard/libc_nano.a(libc_a-memset.o)
                0x080026f4                memset
 .text.__errno  0x08002704        0xc /Applications/ArmGNUToolchain/13.3.rel1/arm-none-eabi/bin/../lib/gcc/arm-none-eabi/13.3.1/../../../../arm-none-eabi/lib/thumb/v7e-m+fp/hard/libc_nano.a(libc_a-errno.o)
                0x08002704                __errno
 .text.__libc_init_array
                0x08002710       0x48 /Applications/ArmGNUToolchain/13.3.rel1/arm-none-eabi/bin/../lib/gcc/arm-none-eabi/13.3.1/../../../../arm-none-eabi/lib/thumb/v7e-m+fp/hard/libc_nano.a(libc_a-init.o)
                0x08002710                __libc_init_array
 .text.__retarget_lock_acquire_recursive
                0x08002758        0x2 /Applications/ArmGNUToolchain/13.3.rel1/arm-none-eabi/bin/../lib/gcc/arm-none-eabi/13.3.1/../../../../arm-none-eabi/lib/thumb/v7e-m+fp/hard/libc_nano.a(libc_a-lock.o)
                0x08002758                __retarget_lock_acquire_recursive
 .text.__retarget_lock_release_recursive
                0x0800275a        0x2 /Applications/ArmGNUToolchain/13.3.rel1/arm-none-eabi/bin/../lib/gcc/arm-none-eabi/13.3.1/../../../../arm-none-eabi/lib/thumb/v7e-m+fp/hard/libc_nano.a(libc_a-lock.o)
                0x0800275a                __retarget_lock_release_recursive
 .text.__ssputs_r
                0x0800275c       0xb6 /Applications/ArmGNUToolchain/13.3.rel1/arm-none-eabi/bin/../lib/gcc/arm-none-eabi/13.3.1/../../../../arm-none-eabi/lib/thumb/v7e-m+fp/hard/libc_nano.a(libc_a-nano-svfprintf.o)
                0x0800275c                __ssputs_r
 *fill*         0x08002812        0x2 
 .text._svfprintf_r
                0x08002814      0x1f8 /Applications/ArmGNUToolchain/13.3.rel1/arm-none-eabi/bin/../lib/gcc/arm-none-eabi/13.3.1/../../../../arm-none-eabi/lib/thumb/v7e-m+fp/hard/libc_nano.a(libc_a-nano-svfprintf.o)
                0x08002814                _svfprintf_r
                0x08002814                _svfiprintf_r
 .text.sbrk_aligned
                0x08002a0c       0x44 /Applications/ArmGNUToolchain/13.3.rel1/arm-none-eabi/bin/../lib/gcc/arm-none-eabi/13.3.1/../../../../arm-none-eabi/lib/thumb/v7e-m+fp/hard/libc_nano.a(libc_a-mallocr.o)
 .text._malloc_r
                0x08002a50      0x100 /Applications/ArmGNUToolchain/13.3.rel1/arm-none-eabi/bin/../lib/gcc/arm-none-eabi/13.3.1/../../../../arm-none-eabi/lib/thumb/v7e-m+fp/hard/libc_nano.a(libc_a-mallocr.o)
                0x08002a50                _malloc_r
 .text._printf_common
                0x08002b50       0xda /Applications/ArmGNUToolchain/13.3.rel1/arm-none-eabi/bin/../lib/gcc/arm-none-eabi/13.3.1/../../../../arm-none-eabi/lib/thumb/v7e-m+fp/hard/libc_nano.a(libc_a-nano-vfprintf_i.o)
                0x08002b50                _printf_common
 *fill*         0x08002c2a        0x2 
 .text._printf_i
                0x08002c2c      0x23c /Applications/ArmGNUToolchain/13.3.rel1/arm-none-eabi/bin/../lib/gcc/arm-none-eabi/13.3.1/../../../../arm-none-eabi/lib/thumb/v7e-m+fp/hard/libc_nano.a(libc_a-nano-vfprintf_i.o)
                0x08002c2c                _printf_i
 .text.__malloc_lock
                0x08002e68        0xc /Applications/ArmGNUToolchain/13.3.rel1/arm-none-eabi/bin/../lib/gcc/arm-none-eabi/13.3.1/../../../../arm-none-eabi/lib/thumb/v7e-m+fp/hard/libc_nano.a(libc_a-mlock.o)
                0x08002e68                __malloc_lock
 .text.__malloc_unlock
                0x08002e74        0xc /Applications/ArmGNUToolchain/13.3.rel1/arm-none-eabi/bin/../lib/gcc/arm-none-eabi/13.3.1/../../../../arm-none-eabi/lib/thumb/v7e-m+fp/hard/libc_nano.a(libc_a-mlock.o)
                0x08002e74                __malloc_unlock
 .text._realloc_r
                0x08002e80       0x5c /Applications/ArmGNUToolchain/13.3.rel1/arm-none-eabi/bin/../lib/gcc/arm-none-eabi/13.3.1/../../../../arm-none-eabi/lib/thumb/v7e-m+fp/hard/libc_nano.a(libc_a-reallocr.o)
                0x08002e80                _realloc_r
 .text.memmove  0x08002edc       0x34 /Applications/ArmGNUToolchain/13.3.rel1/arm-none-eabi/bin/../lib/gcc/arm-none-eabi/13.3.1/../../../../arm-none-eabi/lib/thumb/v7e-m+fp/hard/libc_nano.a(libc_a-memmove.o)
                0x08002edc                memmove
 .text._sbrk_r  0x08002f10       0x20 /Applications/ArmGNUToolchain/13.3.rel1/arm-none-eabi/bin/../lib/gcc/arm-none-eabi/13.3.1/../../../../arm-none-eabi/lib/thumb/v7e-m+fp/hard/libc_nano.a(libc_a-sbrkr.o)
                0x08002f10                _sbrk_r
 .text.memcpy   0x08002f30       0x1c /Applications/ArmGNUToolchain/13.3.rel1/arm-none-eabi/bin/../lib/gcc/arm-none-eabi/13.3.1/../../../../arm-none-eabi/lib/thumb/v7e-m+fp/hard/libc_nano.a(libc_a-memcpy-stub.o)
                0x08002f30                memcpy
 .text._free_r  0x08002f4c       0x94 /Applications/ArmGNUToolchain/13.3.rel1/arm-none-eabi/bin/../lib/gcc/arm-none-eabi/13.3.1/../../../../arm-none-eabi/lib/thumb/v7e-m+fp/hard/libc_nano.a(libc_a-freer.o)
                0x08002f4c                _free_r
 .text._malloc_usable_size_r
                0x08002fe0       0x10 /Applications/ArmGNUToolchain/13.3.rel1/arm-none-eabi/bin/../lib/gcc/arm-none-eabi/13.3.1/../../../../arm-none-eabi/lib/thumb/v7e-m+fp/hard/libc_nano.a(libc_a-msizer.o)
                0x08002fe0                _malloc_usable_size_r
 .text.__udivmoddi4
                0x08002ff0      0x2bc /Applications/ArmGNUToolchain/13.3.rel1/arm-none-eabi/bin/../lib/gcc/arm-none-eabi/13.3.1/thumb/v7e-m+fp/hard/libgcc.a(_udivmoddi4.o)
                0x08002ff0                __udivmoddi4
 *(.glue_7)
 .glue_7        0x080032ac        0x0 linker stubs
 *(.glue_7t)
 .glue_7t       0x080032ac        0x0 linker stubs
 *(.eh_frame)
 .eh_frame      0x080032ac        0x0 /Applications/ArmGNUToolchain/13.3.rel1/arm-none-eabi/bin/../lib/gcc/arm-none-eabi/13.3.1/thumb/v7e-m+fp/hard/crtbegin.o
 *(.init)
 .init          0x080032ac        0x4 /Applications/ArmGNUToolchain/13.3.rel1/arm-none-eabi/bin/../lib/gcc/arm-none-eabi/13.3.1/thumb/v7e-m+fp/hard/crti.o
                0x080032ac                _init
 .init          0x080032b0        0x8 /Applications/ArmGNUToolchain/13.3.rel1/arm-none-eabi/bin/../lib/gcc/arm-none-eabi/13.3.1/thumb/v7e-m+fp/hard/crtn.o
 *(.fini)
 .fini          0x080032b8        0x4 /Applications/ArmGNUToolchain/13.3.rel1/arm-none-eabi/bin/../lib/gcc/arm-none-eabi/13.3.1/thumb/v7e-m+fp/hard/crti.o
                0x080032b8                _fini
 .fini          0x080032bc        0x8 /Applications/ArmGNUToolchain/13.3.rel1/arm-none-eabi/bin/../lib/gcc/arm-none-eabi/13.3.1/thumb/v7e-m+fp/hard/crtn.o
                0x080032c4                        . = ALIGN (0x4)
                0x080032c4                        _etext = .

.vfp11_veneer   0x080032c4        0x0
 .vfp11_veneer  0x080032c4        0x0 linker stubs

.v4_bx          0x080032c4        0x0
 .v4_bx         0x080032c4        0x0 linker stubs

.iplt           0x080032c4        0x0
 .iplt          0x080032c4        0x0 /Applications/ArmGNUToolchain/13.3.rel1/arm-none-eabi/bin/../lib/gcc/arm-none-eabi/13.3.1/thumb/v7e-m+fp/hard/crtbegin.o

.rodata         0x080032c4       0xd4
                0x080032c4                        . = ALIGN (0x4)
 *(.rodata)
 *(.rodata*)
 .rodata.I2C_connectivity_check.str1.4
                0x080032c4       0x85 build/i2c_handler.o
                                 0x2f (size before relaxing)
 .rodata.log_to_uart.str1.4
                0x08003349       0x11 build/command_handler.o
 .rodata.measure_loop.str1.4
                0x08003349       0x41 build/command_handler.o
 *fill*         0x08003349        0x3 
 .rodata.APBPrescTable
                0x0800334c        0x8 build/system_stm32f4xx.o
                0x0800334c                APBPrescTable
 .rodata.AHBPrescTable
                0x08003354       0x10 build/system_stm32f4xx.o
                0x08003354                AHBPrescTable
 .rodata._svfprintf_r.str1.1
                0x08003364       0x33 /Applications/ArmGNUToolchain/13.3.rel1/arm-none-eabi/bin/../lib/gcc/arm-none-eabi/13.3.1/../../../../arm-none-eabi/lib/thumb/v7e-m+fp/hard/libc_nano.a(libc_a-nano-svfprintf.o)
                                 0x11 (size before relaxing)
 .rodata._printf_i.str1.1
                0x08003397       0x22 /Applications/ArmGNUToolchain/13.3.rel1/arm-none-eabi/bin/../lib/gcc/arm-none-eabi/13.3.1/../../../../arm-none-eabi/lib/thumb/v7e-m+fp/hard/libc_nano.a(libc_a-nano-vfprintf_i.o)
                0x080033bc                        . = ALIGN (0x4)
 *fill*         0x08003397        0x1 

.ARM.extab
 *(.ARM.extab* .gnu.linkonce.armextab.*)

.ARM            0x08003398        0x8
                0x08003398                        __exidx_start = .
 *(.ARM.exidx*)
 .ARM.exidx     0x08003398        0x8 /Applications/ArmGNUToolchain/13.3.rel1/arm-none-eabi/bin/../lib/gcc/arm-none-eabi/13.3.1/../../../../arm-none-eabi/lib/thumb/v7e-m+fp/hard/libc_nano.a(libc_a-strlen.o)
 .ARM.exidx     0x080033a0        0x0 /Applications/ArmGNUToolchain/13.3.rel1/arm-none-eabi/bin/../lib/gcc/arm-none-eabi/13.3.1/../../../../arm-none-eabi/lib/thumb/v7e-m+fp/hard/libc_nano.a(libc_a-memchr.o)
                                  0x8 (size before relaxing)
 .ARM.exidx.text.__udivmoddi4
                0x080033a0        0x0 /Applications/ArmGNUToolchain/13.3.rel1/arm-none-eabi/bin/../lib/gcc/arm-none-eabi/13.3.1/thumb/v7e-m+fp/hard/libgcc.a(_udivmoddi4.o)
                                  0x8 (size before relaxing)
                0x080033a0                        __exidx_end = .

.rel.dyn        0x080033a0        0x0
 .rel.iplt      0x080033a0        0x0 /Applications/ArmGNUToolchain/13.3.rel1/arm-none-eabi/bin/../lib/gcc/arm-none-eabi/13.3.1/thumb/v7e-m+fp/hard/crtbegin.o

.preinit_array  0x080033a0        0x0
                0x080033a0                        PROVIDE (__preinit_array_start = .)
 *(.preinit_array*)
                0x080033a0                        PROVIDE (__preinit_array_end = .)

.init_array     0x080033a0        0x4
                0x080033a0                        PROVIDE (__init_array_start = .)
 *(SORT_BY_NAME(.init_array.*))
 *(.init_array*)
 .init_array    0x080033a0        0x4 /Applications/ArmGNUToolchain/13.3.rel1/arm-none-eabi/bin/../lib/gcc/arm-none-eabi/13.3.1/thumb/v7e-m+fp/hard/crtbegin.o
                0x080033a4                        PROVIDE (__init_array_end = .)

.fini_array     0x080033a4        0x4
                [!provide]                        PROVIDE (__fini_array_start = .)
 *(SORT_BY_NAME(.fini_array.*))
 *(.fini_array*)
 .fini_array    0x080033a4        0x4 /Applications/ArmGNUToolchain/13.3.rel1/arm-none-eabi/bin/../lib/gcc/arm-none-eabi/13.3.1/thumb/v7e-m+fp/hard/crtbegin.o
                [!provide]                        PROVIDE (__fini_array_end = .)
                0x080033a8                        _sidata = LOADADDR (.data)

.data           0x20000000       0x5c load address 0x080033a8
                0x20000000                        . = ALIGN (0x4)
                0x20000000                        _sdata = .
 *(.data)
 *(.data*)
 .data.ctrl1.0  0x20000000        0x1 build/i2c_handler.o
 .data.uwTickFreq
                0x20000001        0x1 build/stm32f4xx_hal.o
                0x20000001                uwTickFreq
 *fill*         0x20000002        0x2 
 .data.uwTickPrio
                0x20000004        0x4 build/stm32f4xx_hal.o
                0x20000004                uwTickPrio
 .data.SystemCoreClock
                0x20000008        0x4 build/system_stm32f4xx.o
                0x20000008                SystemCoreClock
 .data._impure_ptr
                0x2000000c        0x4 /Applications/ArmGNUToolchain/13.3.rel1/arm-none-eabi/bin/../lib/gcc/arm-none-eabi/13.3.1/../../../../arm-none-eabi/lib/thumb/v7e-m+fp/hard/libc_nano.a(libc_a-impure.o)
                0x2000000c                _impure_ptr
 .data._impure_data
                0x20000010       0x4c /Applications/ArmGNUToolchain/13.3.rel1/arm-none-eabi/bin/../lib/gcc/arm-none-eabi/13.3.1/../../../../arm-none-eabi/lib/thumb/v7e-m+fp/hard/libc_nano.a(libc_a-impure.o)
                0x20000010                _impure_data
                0x2000005c                        . = ALIGN (0x4)
                0x2000005c                        _edata = .

.tm_clone_table
                0x2000005c        0x0 load address 0x08003404
 .tm_clone_table
                0x2000005c        0x0 /Applications/ArmGNUToolchain/13.3.rel1/arm-none-eabi/bin/../lib/gcc/arm-none-eabi/13.3.1/thumb/v7e-m+fp/hard/crtbegin.o
 .tm_clone_table
                0x2000005c        0x0 /Applications/ArmGNUToolchain/13.3.rel1/arm-none-eabi/bin/../lib/gcc/arm-none-eabi/13.3.1/thumb/v7e-m+fp/hard/crtend.o

.igot.plt       0x2000005c        0x0 load address 0x08003404
 .igot.plt      0x2000005c        0x0 /Applications/ArmGNUToolchain/13.3.rel1/arm-none-eabi/bin/../lib/gcc/arm-none-eabi/13.3.1/thumb/v7e-m+fp/hard/crtbegin.o
                0x2000005c                        . = ALIGN (0x4)

.bss            0x2000005c      0x29c load address 0x08003404
                0x2000005c                        _sbss = .
                0x2000005c                        __bss_start__ = _sbss
 *(.bss)
 *(.bss*)
 .bss.completed.1
                0x2000005c        0x1 /Applications/ArmGNUToolchain/13.3.rel1/arm-none-eabi/bin/../lib/gcc/arm-none-eabi/13.3.1/thumb/v7e-m+fp/hard/crtbegin.o
 *fill*         0x2000005d        0x3 
 .bss.object.0  0x20000060       0x18 /Applications/ArmGNUToolchain/13.3.rel1/arm-none-eabi/bin/../lib/gcc/arm-none-eabi/13.3.1/thumb/v7e-m+fp/hard/crtbegin.o
 .bss.acc_enabled
                0x20000078        0x1 build/i2c_handler.o
                0x20000078                acc_enabled
 *fill*         0x20000079        0x3 
 .bss.hi2c1     0x2000007c       0x54 build/i2c_handler.o
                0x2000007c                hi2c1
 .bss.htim2     0x200000d0       0x48 build/timer.o
                0x200000d0                htim2
 .bss.huart2    0x20000118       0x48 build/uart_handler.o
                0x20000118                huart2
 .bss.i2c_ready
                0x20000160        0x1 build/command_handler.o
                0x20000160                i2c_ready
 *fill*         0x20000161        0x3 
 .bss.UART_buffer
                0x20000164       0x40 build/command_handler.o
                0x20000164                UART_buffer
 .bss.command_timer
                0x200001a4        0x4 build/command_handler.o
 .bss.uwTick    0x200001a8        0x4 build/stm32f4xx_hal.o
                0x200001a8                uwTick
 .bss.__sbrk_heap_end
                0x200001ac        0x4 build/sysmem.o
 .bss.__sf      0x200001b0      0x138 /Applications/ArmGNUToolchain/13.3.rel1/arm-none-eabi/bin/../lib/gcc/arm-none-eabi/13.3.1/../../../../arm-none-eabi/lib/thumb/v7e-m+fp/hard/libc_nano.a(libc_a-findfp.o)
                0x200001b0                __sf
 .bss.__lock___malloc_recursive_mutex
                0x200002e8        0x1 /Applications/ArmGNUToolchain/13.3.rel1/arm-none-eabi/bin/../lib/gcc/arm-none-eabi/13.3.1/../../../../arm-none-eabi/lib/thumb/v7e-m+fp/hard/libc_nano.a(libc_a-lock.o)
                0x200002e8                __lock___malloc_recursive_mutex
 *fill*         0x200002e9        0x3 
 .bss.__malloc_sbrk_start
                0x200002ec        0x4 /Applications/ArmGNUToolchain/13.3.rel1/arm-none-eabi/bin/../lib/gcc/arm-none-eabi/13.3.1/../../../../arm-none-eabi/lib/thumb/v7e-m+fp/hard/libc_nano.a(libc_a-mallocr.o)
                0x200002ec                __malloc_sbrk_start
 .bss.__malloc_free_list
                0x200002f0        0x4 /Applications/ArmGNUToolchain/13.3.rel1/arm-none-eabi/bin/../lib/gcc/arm-none-eabi/13.3.1/../../../../arm-none-eabi/lib/thumb/v7e-m+fp/hard/libc_nano.a(libc_a-mallocr.o)
                0x200002f0                __malloc_free_list
 .bss.errno     0x200002f4        0x4 /Applications/ArmGNUToolchain/13.3.rel1/arm-none-eabi/bin/../lib/gcc/arm-none-eabi/13.3.1/../../../../arm-none-eabi/lib/thumb/v7e-m+fp/hard/libc_nano.a(libc_a-reent.o)
                0x200002f4                errno
 *(COMMON)
                0x200002f8                        . = ALIGN (0x4)
                0x200002f8                        _ebss = .
                0x200002f8                        __bss_end__ = _ebss

._user_heap_stack
                0x200002f8      0x600 load address 0x08003404
                0x200002f8                        . = ALIGN (0x8)
                [!provide]                        PROVIDE (end = .)
                0x200002f8                        PROVIDE (_end = .)
                0x200004f8                        . = (. + _Min_Heap_Size)
 *fill*         0x200002f8      0x200 
                0x200008f8                        . = (. + _Min_Stack_Size)
 *fill*         0x200004f8      0x400 
                0x200008f8                        . = ALIGN (0x8)

/DISCARD/
 libc.a(*)
 libm.a(*)
 libgcc.a(*)

.ARM.attributes
                0x00000000       0x30
 *(.ARM.attributes)
 .ARM.attributes
                0x00000000       0x22 /Applications/ArmGNUToolchain/13.3.rel1/arm-none-eabi/bin/../lib/gcc/arm-none-eabi/13.3.1/thumb/v7e-m+fp/hard/crti.o
 .ARM.attributes
                0x00000022       0x34 /Applications/ArmGNUToolchain/13.3.rel1/arm-none-eabi/bin/../lib/gcc/arm-none-eabi/13.3.1/thumb/v7e-m+fp/hard/crtbegin.o
 .ARM.attributes
                0x00000056       0x34 build/main.o
 .ARM.attributes
                0x0000008a       0x34 build/aml_hal.o
 .ARM.attributes
                0x000000be       0x34 build/gpio_handler.o
 .ARM.attributes
                0x000000f2       0x34 build/i2c_handler.o
 .ARM.attributes
                0x00000126       0x34 build/timer.o
 .ARM.attributes
                0x0000015a       0x34 build/uart_handler.o
 .ARM.attributes
                0x0000018e       0x34 build/command_handler.o
 .ARM.attributes
                0x000001c2       0x34 build/stm32f4xx_it.o
 .ARM.attributes
                0x000001f6       0x34 build/stm32f4xx_hal_msp.o
 .ARM.attributes
                0x0000022a       0x34 build/stm32f4xx_hal_tim.o
 .ARM.attributes
                0x0000025e       0x34 build/stm32f4xx_hal_tim_ex.o
 .ARM.attributes
                0x00000292       0x34 build/stm32f4xx_hal_uart.o
 .ARM.attributes
                0x000002c6       0x34 build/stm32f4xx_hal_rcc.o
 .ARM.attributes
                0x000002fa       0x34 build/stm32f4xx_hal_gpio.o
 .ARM.attributes
                0x0000032e       0x34 build/stm32f4xx_hal_dma.o
 .ARM.attributes
                0x00000362       0x34 build/stm32f4xx_hal_cortex.o
 .ARM.attributes
                0x00000396       0x34 build/stm32f4xx_hal.o
 .ARM.attributes
                0x000003ca       0x34 build/stm32f4xx_hal_i2c.o
 .ARM.attributes
                0x000003fe       0x34 build/system_stm32f4xx.o
 .ARM.attributes
                0x00000432       0x34 build/sysmem.o
 .ARM.attributes
                0x00000466       0x21 build/startup_stm32f411xe.o
 .ARM.attributes
                0x00000487       0x34 /Applications/ArmGNUToolchain/13.3.rel1/arm-none-eabi/bin/../lib/gcc/arm-none-eabi/13.3.1/../../../../arm-none-eabi/lib/thumb/v7e-m+fp/hard/libc_nano.a(libc_a-snprintf.o)
 .ARM.attributes
                0x000004bb       0x34 /Applications/ArmGNUToolchain/13.3.rel1/arm-none-eabi/bin/../lib/gcc/arm-none-eabi/13.3.1/../../../../arm-none-eabi/lib/thumb/v7e-m+fp/hard/libc_nano.a(libc_a-findfp.o)
 .ARM.attributes
                0x000004ef       0x34 /Applications/ArmGNUToolchain/13.3.rel1/arm-none-eabi/bin/../lib/gcc/arm-none-eabi/13.3.1/../../../../arm-none-eabi/lib/thumb/v7e-m+fp/hard/libc_nano.a(libc_a-memset.o)
 .ARM.attributes
                0x00000523       0x34 /Applications/ArmGNUToolchain/13.3.rel1/arm-none-eabi/bin/../lib/gcc/arm-none-eabi/13.3.1/../../../../arm-none-eabi/lib/thumb/v7e-m+fp/hard/libc_nano.a(libc_a-errno.o)
 .ARM.attributes
                0x00000557       0x34 /Applications/ArmGNUToolchain/13.3.rel1/arm-none-eabi/bin/../lib/gcc/arm-none-eabi/13.3.1/../../../../arm-none-eabi/lib/thumb/v7e-m+fp/hard/libc_nano.a(libc_a-init.o)
 .ARM.attributes
                0x0000058b       0x34 /Applications/ArmGNUToolchain/13.3.rel1/arm-none-eabi/bin/../lib/gcc/arm-none-eabi/13.3.1/../../../../arm-none-eabi/lib/thumb/v7e-m+fp/hard/libc_nano.a(libc_a-lock.o)
 .ARM.attributes
                0x000005bf       0x34 /Applications/ArmGNUToolchain/13.3.rel1/arm-none-eabi/bin/../lib/gcc/arm-none-eabi/13.3.1/../../../../arm-none-eabi/lib/thumb/v7e-m+fp/hard/libc_nano.a(libc_a-impure.o)
 .ARM.attributes
                0x000005f3       0x17 /Applications/ArmGNUToolchain/13.3.rel1/arm-none-eabi/bin/../lib/gcc/arm-none-eabi/13.3.1/../../../../arm-none-eabi/lib/thumb/v7e-m+fp/hard/libc_nano.a(libc_a-strlen.o)
 .ARM.attributes
                0x0000060a       0x34 /Applications/ArmGNUToolchain/13.3.rel1/arm-none-eabi/bin/../lib/gcc/arm-none-eabi/13.3.1/../../../../arm-none-eabi/lib/thumb/v7e-m+fp/hard/libc_nano.a(libc_a-nano-svfprintf.o)
 .ARM.attributes
                0x0000063e       0x34 /Applications/ArmGNUToolchain/13.3.rel1/arm-none-eabi/bin/../lib/gcc/arm-none-eabi/13.3.1/../../../../arm-none-eabi/lib/thumb/v7e-m+fp/hard/libc_nano.a(libc_a-mallocr.o)
 .ARM.attributes
                0x00000672       0x34 /Applications/ArmGNUToolchain/13.3.rel1/arm-none-eabi/bin/../lib/gcc/arm-none-eabi/13.3.1/../../../../arm-none-eabi/lib/thumb/v7e-m+fp/hard/libc_nano.a(libc_a-nano-vfprintf_i.o)
 .ARM.attributes
                0x000006a6       0x34 /Applications/ArmGNUToolchain/13.3.rel1/arm-none-eabi/bin/../lib/gcc/arm-none-eabi/13.3.1/../../../../arm-none-eabi/lib/thumb/v7e-m+fp/hard/libc_nano.a(libc_a-mlock.o)
 .ARM.attributes
                0x000006da       0x34 /Applications/ArmGNUToolchain/13.3.rel1/arm-none-eabi/bin/../lib/gcc/arm-none-eabi/13.3.1/../../../../arm-none-eabi/lib/thumb/v7e-m+fp/hard/libc_nano.a(libc_a-reallocr.o)
 .ARM.attributes
                0x0000070e       0x34 /Applications/ArmGNUToolchain/13.3.rel1/arm-none-eabi/bin/../lib/gcc/arm-none-eabi/13.3.1/../../../../arm-none-eabi/lib/thumb/v7e-m+fp/hard/libc_nano.a(libc_a-memmove.o)
 .ARM.attributes
                0x00000742       0x34 /Applications/ArmGNUToolchain/13.3.rel1/arm-none-eabi/bin/../lib/gcc/arm-none-eabi/13.3.1/../../../../arm-none-eabi/lib/thumb/v7e-m+fp/hard/libc_nano.a(libc_a-sbrkr.o)
 .ARM.attributes
                0x00000776       0x34 /Applications/ArmGNUToolchain/13.3.rel1/arm-none-eabi/bin/../lib/gcc/arm-none-eabi/13.3.1/../../../../arm-none-eabi/lib/thumb/v7e-m+fp/hard/libc_nano.a(libc_a-reent.o)
 .ARM.attributes
                0x000007aa       0x1c /Applications/ArmGNUToolchain/13.3.rel1/arm-none-eabi/bin/../lib/gcc/arm-none-eabi/13.3.1/../../../../arm-none-eabi/lib/thumb/v7e-m+fp/hard/libc_nano.a(libc_a-memchr.o)
 .ARM.attributes
                0x000007c6       0x34 /Applications/ArmGNUToolchain/13.3.rel1/arm-none-eabi/bin/../lib/gcc/arm-none-eabi/13.3.1/../../../../arm-none-eabi/lib/thumb/v7e-m+fp/hard/libc_nano.a(libc_a-memcpy-stub.o)
 .ARM.attributes
                0x000007fa       0x34 /Applications/ArmGNUToolchain/13.3.rel1/arm-none-eabi/bin/../lib/gcc/arm-none-eabi/13.3.1/../../../../arm-none-eabi/lib/thumb/v7e-m+fp/hard/libc_nano.a(libc_a-freer.o)
 .ARM.attributes
                0x0000082e       0x34 /Applications/ArmGNUToolchain/13.3.rel1/arm-none-eabi/bin/../lib/gcc/arm-none-eabi/13.3.1/../../../../arm-none-eabi/lib/thumb/v7e-m+fp/hard/libc_nano.a(libc_a-msizer.o)
 .ARM.attributes
                0x00000862       0x22 /Applications/ArmGNUToolchain/13.3.rel1/arm-none-eabi/bin/../lib/gcc/arm-none-eabi/13.3.1/thumb/v7e-m+fp/hard/libgcc.a(_aeabi_uldivmod.o)
 .ARM.attributes
                0x00000884       0x34 /Applications/ArmGNUToolchain/13.3.rel1/arm-none-eabi/bin/../lib/gcc/arm-none-eabi/13.3.1/thumb/v7e-m+fp/hard/libgcc.a(_udivmoddi4.o)
 .ARM.attributes
                0x000008b8       0x22 /Applications/ArmGNUToolchain/13.3.rel1/arm-none-eabi/bin/../lib/gcc/arm-none-eabi/13.3.1/thumb/v7e-m+fp/hard/libgcc.a(_dvmd_tls.o)
 .ARM.attributes
                0x000008da       0x34 /Applications/ArmGNUToolchain/13.3.rel1/arm-none-eabi/bin/../lib/gcc/arm-none-eabi/13.3.1/thumb/v7e-m+fp/hard/crtend.o
 .ARM.attributes
                0x0000090e       0x22 /Applications/ArmGNUToolchain/13.3.rel1/arm-none-eabi/bin/../lib/gcc/arm-none-eabi/13.3.1/thumb/v7e-m+fp/hard/crtn.o
OUTPUT(build/aml-bvat-acc.elf elf32-littlearm)
LOAD linker stubs
LOAD /Applications/ArmGNUToolchain/13.3.rel1/arm-none-eabi/bin/../lib/gcc/arm-none-eabi/13.3.1/../../../../arm-none-eabi/lib/thumb/v7e-m+fp/hard/libc.a
LOAD /Applications/ArmGNUToolchain/13.3.rel1/arm-none-eabi/bin/../lib/gcc/arm-none-eabi/13.3.1/../../../../arm-none-eabi/lib/thumb/v7e-m+fp/hard/libm.a
LOAD /Applications/ArmGNUToolchain/13.3.rel1/arm-none-eabi/bin/../lib/gcc/arm-none-eabi/13.3.1/thumb/v7e-m+fp/hard/libgcc.a

.debug_info     0x00000000    0x166fb
 .debug_info    0x00000000      0x108 build/main.o
 .debug_info    0x00000108      0x1cf build/aml_hal.o
 .debug_info    0x000002d7      0x6cd build/gpio_handler.o
 .debug_info    0x000009a4      0xd89 build/i2c_handler.o
 .debug_info    0x0000172d      0xe1e build/timer.o
 .debug_info    0x0000254b      0x7dc build/uart_handler.o
 .debug_info    0x00002d27      0x47f build/command_handler.o
 .debug_info    0x000031a6      0x74d build/stm32f4xx_it.o
 .debug_info    0x000038f3      0xb07 build/stm32f4xx_hal_msp.o
 .debug_info    0x000043fa     0x4198 build/stm32f4xx_hal_tim.o
 .debug_info    0x00008592     0x1d9d build/stm32f4xx_hal_tim_ex.o
 .debug_info    0x0000a32f     0x43ad build/stm32f4xx_hal_uart.o
 .debug_info    0x0000e6dc      0xc4d build/stm32f4xx_hal_rcc.o
 .debug_info    0x0000f329      0x872 build/stm32f4xx_hal_gpio.o
 .debug_info    0x0000fb9b      0xbc6 build/stm32f4xx_hal_dma.o
 .debug_info    0x00010761     0x1150 build/stm32f4xx_hal_cortex.o
 .debug_info    0x000118b1      0xa91 build/stm32f4xx_hal.o
 .debug_info    0x00012342     0x3c18 build/stm32f4xx_hal_i2c.o
 .debug_info    0x00015f5a      0x5e5 build/system_stm32f4xx.o
 .debug_info    0x0001653f      0x18c build/sysmem.o
 .debug_info    0x000166cb       0x30 build/startup_stm32f411xe.o

.debug_abbrev   0x00000000     0x2c36
 .debug_abbrev  0x00000000       0xab build/main.o
 .debug_abbrev  0x000000ab       0xab build/aml_hal.o
 .debug_abbrev  0x00000156      0x1c4 build/gpio_handler.o
 .debug_abbrev  0x0000031a      0x2b4 build/i2c_handler.o
 .debug_abbrev  0x000005ce      0x2a4 build/timer.o
 .debug_abbrev  0x00000872      0x231 build/uart_handler.o
 .debug_abbrev  0x00000aa3      0x1e1 build/command_handler.o
 .debug_abbrev  0x00000c84      0x183 build/stm32f4xx_it.o
 .debug_abbrev  0x00000e07      0x1c0 build/stm32f4xx_hal_msp.o
 .debug_abbrev  0x00000fc7      0x2ce build/stm32f4xx_hal_tim.o
 .debug_abbrev  0x00001295      0x2c8 build/stm32f4xx_hal_tim_ex.o
 .debug_abbrev  0x0000155d      0x377 build/stm32f4xx_hal_uart.o
 .debug_abbrev  0x000018d4      0x2de build/stm32f4xx_hal_rcc.o
 .debug_abbrev  0x00001bb2      0x22b build/stm32f4xx_hal_gpio.o
 .debug_abbrev  0x00001ddd      0x2be build/stm32f4xx_hal_dma.o
 .debug_abbrev  0x0000209b      0x3ca build/stm32f4xx_hal_cortex.o
 .debug_abbrev  0x00002465      0x275 build/stm32f4xx_hal.o
 .debug_abbrev  0x000026da      0x339 build/stm32f4xx_hal_i2c.o
 .debug_abbrev  0x00002a13      0x11b build/system_stm32f4xx.o
 .debug_abbrev  0x00002b2e       0xeb build/sysmem.o
 .debug_abbrev  0x00002c19       0x1d build/startup_stm32f411xe.o

.debug_loc      0x00000000    0x1597e
 .debug_loc     0x00000000       0x20 build/main.o
 .debug_loc     0x00000020       0x20 build/aml_hal.o
 .debug_loc     0x00000040      0x140 build/gpio_handler.o
 .debug_loc     0x00000180      0x1b0 build/i2c_handler.o
 .debug_loc     0x00000330      0x13e build/timer.o
 .debug_loc     0x0000046e       0x78 build/uart_handler.o
 .debug_loc     0x000004e6      0x1e0 build/command_handler.o
 .debug_loc     0x000006c6       0x40 build/stm32f4xx_it.o
 .debug_loc     0x00000706      0x138 build/stm32f4xx_hal_msp.o
 .debug_loc     0x0000083e     0x6155 build/stm32f4xx_hal_tim.o
 .debug_loc     0x00006993     0x22d2 build/stm32f4xx_hal_tim_ex.o
 .debug_loc     0x00008c65     0x5040 build/stm32f4xx_hal_uart.o
 .debug_loc     0x0000dca5      0x720 build/stm32f4xx_hal_rcc.o
 .debug_loc     0x0000e3c5      0x60b build/stm32f4xx_hal_gpio.o
 .debug_loc     0x0000e9d0      0xe9a build/stm32f4xx_hal_dma.o
 .debug_loc     0x0000f86a      0x8ff build/stm32f4xx_hal_cortex.o
 .debug_loc     0x00010169      0x1f9 build/stm32f4xx_hal.o
 .debug_loc     0x00010362     0x54cf build/stm32f4xx_hal_i2c.o
 .debug_loc     0x00015831       0xbd build/system_stm32f4xx.o
 .debug_loc     0x000158ee       0x90 build/sysmem.o

.debug_aranges  0x00000000      0xfc0
 .debug_aranges
                0x00000000       0x28 build/main.o
 .debug_aranges
                0x00000028       0x20 build/aml_hal.o
 .debug_aranges
                0x00000048       0x38 build/gpio_handler.o
 .debug_aranges
                0x00000080       0x58 build/i2c_handler.o
 .debug_aranges
                0x000000d8       0x40 build/timer.o
 .debug_aranges
                0x00000118       0x30 build/uart_handler.o
 .debug_aranges
                0x00000148       0x30 build/command_handler.o
 .debug_aranges
                0x00000178       0x68 build/stm32f4xx_it.o
 .debug_aranges
                0x000001e0       0x30 build/stm32f4xx_hal_msp.o
 .debug_aranges
                0x00000210      0x3d0 build/stm32f4xx_hal_tim.o
 .debug_aranges
                0x000005e0      0x168 build/stm32f4xx_hal_tim_ex.o
 .debug_aranges
                0x00000748      0x208 build/stm32f4xx_hal_uart.o
 .debug_aranges
                0x00000950       0x88 build/stm32f4xx_hal_rcc.o
 .debug_aranges
                0x000009d8       0x58 build/stm32f4xx_hal_gpio.o
 .debug_aranges
                0x00000a30       0x90 build/stm32f4xx_hal_dma.o
 .debug_aranges
                0x00000ac0       0xf8 build/stm32f4xx_hal_cortex.o
 .debug_aranges
                0x00000bb8       0xf0 build/stm32f4xx_hal.o
 .debug_aranges
                0x00000ca8      0x2a8 build/stm32f4xx_hal_i2c.o
 .debug_aranges
                0x00000f50       0x28 build/system_stm32f4xx.o
 .debug_aranges
                0x00000f78       0x20 build/sysmem.o
 .debug_aranges
                0x00000f98       0x28 build/startup_stm32f411xe.o

.debug_ranges   0x00000000      0xea8
 .debug_ranges  0x00000000       0x18 build/main.o
 .debug_ranges  0x00000018       0x10 build/aml_hal.o
 .debug_ranges  0x00000028       0x28 build/gpio_handler.o
 .debug_ranges  0x00000050       0x48 build/i2c_handler.o
 .debug_ranges  0x00000098       0x30 build/timer.o
 .debug_ranges  0x000000c8       0x20 build/uart_handler.o
 .debug_ranges  0x000000e8       0x20 build/command_handler.o
 .debug_ranges  0x00000108       0x58 build/stm32f4xx_it.o
 .debug_ranges  0x00000160       0x20 build/stm32f4xx_hal_msp.o
 .debug_ranges  0x00000180      0x3c0 build/stm32f4xx_hal_tim.o
 .debug_ranges  0x00000540      0x158 build/stm32f4xx_hal_tim_ex.o
 .debug_ranges  0x00000698      0x1f8 build/stm32f4xx_hal_uart.o
 .debug_ranges  0x00000890       0x90 build/stm32f4xx_hal_rcc.o
 .debug_ranges  0x00000920       0x48 build/stm32f4xx_hal_gpio.o
 .debug_ranges  0x00000968       0x80 build/stm32f4xx_hal_dma.o
 .debug_ranges  0x000009e8       0xe8 build/stm32f4xx_hal_cortex.o
 .debug_ranges  0x00000ad0       0xe0 build/stm32f4xx_hal.o
 .debug_ranges  0x00000bb0      0x2b0 build/stm32f4xx_hal_i2c.o
 .debug_ranges  0x00000e60       0x18 build/system_stm32f4xx.o
 .debug_ranges  0x00000e78       0x10 build/sysmem.o
 .debug_ranges  0x00000e88       0x20 build/startup_stm32f411xe.o

.debug_line     0x00000000    0x1342a
 .debug_line    0x00000000       0xcb build/main.o
 .debug_line    0x000000cb       0xa3 build/aml_hal.o
 .debug_line    0x0000016e      0x280 build/gpio_handler.o
 .debug_line    0x000003ee      0x35f build/i2c_handler.o
 .debug_line    0x0000074d      0x3b8 build/timer.o
 .debug_line    0x00000b05      0x344 build/uart_handler.o
 .debug_line    0x00000e49      0x326 build/command_handler.o
 .debug_line    0x0000116f      0x2ce build/stm32f4xx_it.o
 .debug_line    0x0000143d      0x28f build/stm32f4xx_hal_msp.o
 .debug_line    0x000016cc     0x466b build/stm32f4xx_hal_tim.o
 .debug_line    0x00005d37     0x1a5d build/stm32f4xx_hal_tim_ex.o
 .debug_line    0x00007794     0x351a build/stm32f4xx_hal_uart.o
 .debug_line    0x0000acae      0xbc8 build/stm32f4xx_hal_rcc.o
 .debug_line    0x0000b876      0x6c3 build/stm32f4xx_hal_gpio.o
 .debug_line    0x0000bf39      0xe3d build/stm32f4xx_hal_dma.o
 .debug_line    0x0000cd76      0x834 build/stm32f4xx_hal_cortex.o
 .debug_line    0x0000d5aa      0x571 build/stm32f4xx_hal.o
 .debug_line    0x0000db1b     0x5475 build/stm32f4xx_hal_i2c.o
 .debug_line    0x00012f90      0x258 build/system_stm32f4xx.o
 .debug_line    0x000131e8      0x1cf build/sysmem.o
 .debug_line    0x000133b7       0x73 build/startup_stm32f411xe.o

.debug_str      0x00000000     0x47c0
 .debug_str     0x00000000     0x47c0 build/main.o
                                0x1b9 (size before relaxing)
 .debug_str     0x000047c0      0x219 build/aml_hal.o
 .debug_str     0x000047c0      0x405 build/gpio_handler.o
 .debug_str     0x000047c0      0xbe2 build/i2c_handler.o
 .debug_str     0x000047c0      0xa36 build/timer.o
 .debug_str     0x000047c0      0x6d5 build/uart_handler.o
 .debug_str     0x000047c0      0x28a build/command_handler.o
 .debug_str     0x000047c0      0x6cf build/stm32f4xx_it.o
 .debug_str     0x000047c0      0x7f4 build/stm32f4xx_hal_msp.o
 .debug_str     0x000047c0     0x16ea build/stm32f4xx_hal_tim.o
 .debug_str     0x000047c0      0xef6 build/stm32f4xx_hal_tim_ex.o
 .debug_str     0x000047c0      0xd86 build/stm32f4xx_hal_uart.o
 .debug_str     0x000047c0      0x703 build/stm32f4xx_hal_rcc.o
 .debug_str     0x000047c0      0x4dd build/stm32f4xx_hal_gpio.o
 .debug_str     0x000047c0      0x761 build/stm32f4xx_hal_dma.o
 .debug_str     0x000047c0      0xb08 build/stm32f4xx_hal_cortex.o
 .debug_str     0x000047c0      0xa09 build/stm32f4xx_hal.o
 .debug_str     0x000047c0     0x102d build/stm32f4xx_hal_i2c.o
 .debug_str     0x000047c0      0x372 build/system_stm32f4xx.o
 .debug_str     0x000047c0      0x210 build/sysmem.o
 .debug_str     0x000047c0       0x6d build/startup_stm32f411xe.o

.comment        0x00000000       0x45
 .comment       0x00000000       0x45 build/main.o
                                 0x46 (size before relaxing)
 .comment       0x00000045       0x46 build/aml_hal.o
 .comment       0x00000045       0x46 build/gpio_handler.o
 .comment       0x00000045       0x46 build/i2c_handler.o
 .comment       0x00000045       0x46 build/timer.o
 .comment       0x00000045       0x46 build/uart_handler.o
 .comment       0x00000045       0x46 build/command_handler.o
 .comment       0x00000045       0x46 build/stm32f4xx_it.o
 .comment       0x00000045       0x46 build/stm32f4xx_hal_msp.o
 .comment       0x00000045       0x46 build/stm32f4xx_hal_tim.o
 .comment       0x00000045       0x46 build/stm32f4xx_hal_tim_ex.o
 .comment       0x00000045       0x46 build/stm32f4xx_hal_uart.o
 .comment       0x00000045       0x46 build/stm32f4xx_hal_rcc.o
 .comment       0x00000045       0x46 build/stm32f4xx_hal_gpio.o
 .comment       0x00000045       0x46 build/stm32f4xx_hal_dma.o
 .comment       0x00000045       0x46 build/stm32f4xx_hal_cortex.o
 .comment       0x00000045       0x46 build/stm32f4xx_hal.o
 .comment       0x00000045       0x46 build/stm32f4xx_hal_i2c.o
 .comment       0x00000045       0x46 build/system_stm32f4xx.o
 .comment       0x00000045       0x46 build/sysmem.o

.debug_frame    0x00000000     0x30d4
 .debug_frame   0x00000000       0x38 build/main.o
 .debug_frame   0x00000038       0x28 build/aml_hal.o
 .debug_frame   0x00000060       0x78 build/gpio_handler.o
 .debug_frame   0x000000d8       0xcc build/i2c_handler.o
 .debug_frame   0x000001a4       0x94 build/timer.o
 .debug_frame   0x00000238       0x50 build/uart_handler.o
 .debug_frame   0x00000288       0x70 build/command_handler.o
 .debug_frame   0x000002f8       0xc0 build/stm32f4xx_it.o
 .debug_frame   0x000003b8       0x64 build/stm32f4xx_hal_msp.o
 .debug_frame   0x0000041c      0xb20 build/stm32f4xx_hal_tim.o
 .debug_frame   0x00000f3c      0x418 build/stm32f4xx_hal_tim_ex.o
 .debug_frame   0x00001354      0x5e0 build/stm32f4xx_hal_uart.o
 .debug_frame   0x00001934      0x16c build/stm32f4xx_hal_rcc.o
 .debug_frame   0x00001aa0       0xd8 build/stm32f4xx_hal_gpio.o
 .debug_frame   0x00001b78      0x188 build/stm32f4xx_hal_dma.o
 .debug_frame   0x00001d00      0x214 build/stm32f4xx_hal_cortex.o
 .debug_frame   0x00001f14      0x1ec build/stm32f4xx_hal.o
 .debug_frame   0x00002100      0x988 build/stm32f4xx_hal_i2c.o
 .debug_frame   0x00002a88       0x30 build/system_stm32f4xx.o
 .debug_frame   0x00002ab8       0x28 build/sysmem.o
 .debug_frame   0x00002ae0       0x7c /Applications/ArmGNUToolchain/13.3.rel1/arm-none-eabi/bin/../lib/gcc/arm-none-eabi/13.3.1/../../../../arm-none-eabi/lib/thumb/v7e-m+fp/hard/libc_nano.a(libc_a-snprintf.o)
 .debug_frame   0x00002b5c      0x144 /Applications/ArmGNUToolchain/13.3.rel1/arm-none-eabi/bin/../lib/gcc/arm-none-eabi/13.3.1/../../../../arm-none-eabi/lib/thumb/v7e-m+fp/hard/libc_nano.a(libc_a-findfp.o)
 .debug_frame   0x00002ca0       0x20 /Applications/ArmGNUToolchain/13.3.rel1/arm-none-eabi/bin/../lib/gcc/arm-none-eabi/13.3.1/../../../../arm-none-eabi/lib/thumb/v7e-m+fp/hard/libc_nano.a(libc_a-memset.o)
 .debug_frame   0x00002cc0       0x20 /Applications/ArmGNUToolchain/13.3.rel1/arm-none-eabi/bin/../lib/gcc/arm-none-eabi/13.3.1/../../../../arm-none-eabi/lib/thumb/v7e-m+fp/hard/libc_nano.a(libc_a-errno.o)
 .debug_frame   0x00002ce0       0x2c /Applications/ArmGNUToolchain/13.3.rel1/arm-none-eabi/bin/../lib/gcc/arm-none-eabi/13.3.1/../../../../arm-none-eabi/lib/thumb/v7e-m+fp/hard/libc_nano.a(libc_a-init.o)
 .debug_frame   0x00002d0c       0xb0 /Applications/ArmGNUToolchain/13.3.rel1/arm-none-eabi/bin/../lib/gcc/arm-none-eabi/13.3.1/../../../../arm-none-eabi/lib/thumb/v7e-m+fp/hard/libc_nano.a(libc_a-lock.o)
 .debug_frame   0x00002dbc       0x90 /Applications/ArmGNUToolchain/13.3.rel1/arm-none-eabi/bin/../lib/gcc/arm-none-eabi/13.3.1/../../../../arm-none-eabi/lib/thumb/v7e-m+fp/hard/libc_nano.a(libc_a-nano-svfprintf.o)
 .debug_frame   0x00002e4c       0x50 /Applications/ArmGNUToolchain/13.3.rel1/arm-none-eabi/bin/../lib/gcc/arm-none-eabi/13.3.1/../../../../arm-none-eabi/lib/thumb/v7e-m+fp/hard/libc_nano.a(libc_a-mallocr.o)
 .debug_frame   0x00002e9c       0x60 /Applications/ArmGNUToolchain/13.3.rel1/arm-none-eabi/bin/../lib/gcc/arm-none-eabi/13.3.1/../../../../arm-none-eabi/lib/thumb/v7e-m+fp/hard/libc_nano.a(libc_a-nano-vfprintf_i.o)
 .debug_frame   0x00002efc       0x30 /Applications/ArmGNUToolchain/13.3.rel1/arm-none-eabi/bin/../lib/gcc/arm-none-eabi/13.3.1/../../../../arm-none-eabi/lib/thumb/v7e-m+fp/hard/libc_nano.a(libc_a-mlock.o)
 .debug_frame   0x00002f2c       0x3c /Applications/ArmGNUToolchain/13.3.rel1/arm-none-eabi/bin/../lib/gcc/arm-none-eabi/13.3.1/../../../../arm-none-eabi/lib/thumb/v7e-m+fp/hard/libc_nano.a(libc_a-reallocr.o)
 .debug_frame   0x00002f68       0x28 /Applications/ArmGNUToolchain/13.3.rel1/arm-none-eabi/bin/../lib/gcc/arm-none-eabi/13.3.1/../../../../arm-none-eabi/lib/thumb/v7e-m+fp/hard/libc_nano.a(libc_a-memmove.o)
 .debug_frame   0x00002f90       0x2c /Applications/ArmGNUToolchain/13.3.rel1/arm-none-eabi/bin/../lib/gcc/arm-none-eabi/13.3.1/../../../../arm-none-eabi/lib/thumb/v7e-m+fp/hard/libc_nano.a(libc_a-sbrkr.o)
 .debug_frame   0x00002fbc       0x38 /Applications/ArmGNUToolchain/13.3.rel1/arm-none-eabi/bin/../lib/gcc/arm-none-eabi/13.3.1/../../../../arm-none-eabi/lib/thumb/v7e-m+fp/hard/libc_nano.a(libc_a-reent.o)
 .debug_frame   0x00002ff4       0x28 /Applications/ArmGNUToolchain/13.3.rel1/arm-none-eabi/bin/../lib/gcc/arm-none-eabi/13.3.1/../../../../arm-none-eabi/lib/thumb/v7e-m+fp/hard/libc_nano.a(libc_a-memcpy-stub.o)
 .debug_frame   0x0000301c       0x38 /Applications/ArmGNUToolchain/13.3.rel1/arm-none-eabi/bin/../lib/gcc/arm-none-eabi/13.3.1/../../../../arm-none-eabi/lib/thumb/v7e-m+fp/hard/libc_nano.a(libc_a-freer.o)
 .debug_frame   0x00003054       0x20 /Applications/ArmGNUToolchain/13.3.rel1/arm-none-eabi/bin/../lib/gcc/arm-none-eabi/13.3.1/../../../../arm-none-eabi/lib/thumb/v7e-m+fp/hard/libc_nano.a(libc_a-msizer.o)
 .debug_frame   0x00003074       0x2c /Applications/ArmGNUToolchain/13.3.rel1/arm-none-eabi/bin/../lib/gcc/arm-none-eabi/13.3.1/thumb/v7e-m+fp/hard/libgcc.a(_aeabi_uldivmod.o)
 .debug_frame   0x000030a0       0x34 /Applications/ArmGNUToolchain/13.3.rel1/arm-none-eabi/bin/../lib/gcc/arm-none-eabi/13.3.1/thumb/v7e-m+fp/hard/libgcc.a(_udivmoddi4.o)

.debug_line_str
                0x00000000      0x1db
 .debug_line_str
                0x00000000      0x1db /Applications/ArmGNUToolchain/13.3.rel1/arm-none-eabi/bin/../lib/gcc/arm-none-eabi/13.3.1/../../../../arm-none-eabi/lib/thumb/v7e-m+fp/hard/libc_nano.a(libc_a-strlen.o)
                                 0xf4 (size before relaxing)
 .debug_line_str
                0x000001db       0xea /Applications/ArmGNUToolchain/13.3.rel1/arm-none-eabi/bin/../lib/gcc/arm-none-eabi/13.3.1/../../../../arm-none-eabi/lib/thumb/v7e-m+fp/hard/libc_nano.a(libc_a-memchr.o)
 .debug_line_str
                0x000001db       0xd2 /Applications/ArmGNUToolchain/13.3.rel1/arm-none-eabi/bin/../lib/gcc/arm-none-eabi/13.3.1/thumb/v7e-m+fp/hard/libgcc.a(_aeabi_uldivmod.o)
 .debug_line_str
                0x000001db       0xd6 /Applications/ArmGNUToolchain/13.3.rel1/arm-none-eabi/bin/../lib/gcc/arm-none-eabi/13.3.1/thumb/v7e-m+fp/hard/libgcc.a(_dvmd_tls.o)

Cross Reference Table

Symbol                                            File
ADC_IRQHandler                                    build/startup_stm32f411xe.o
AHBPrescTable                                     build/system_stm32f4xx.o
                                                  build/stm32f4xx_hal_rcc.o
AML_Init                                          build/aml_hal.o
                                                  build/command_handler.o
APBPrescTable                                     build/system_stm32f4xx.o
                                                  build/stm32f4xx_hal_rcc.o
AssignDigitalOut                                  build/gpio_handler.o
BVAT_Init                                         build/command_handler.o
                                                  build/main.o
BusFault_Handler                                  build/stm32f4xx_it.o
DMA1_Stream0_IRQHandler                           build/startup_stm32f411xe.o
DMA1_Stream1_IRQHandler                           build/startup_stm32f411xe.o
DMA1_Stream2_IRQHandler                           build/startup_stm32f411xe.o
DMA1_Stream3_IRQHandler                           build/startup_stm32f411xe.o
DMA1_Stream4_IRQHandler                           build/startup_stm32f411xe.o
DMA1_Stream5_IRQHandler                           build/startup_stm32f411xe.o
DMA1_Stream6_IRQHandler                           build/startup_stm32f411xe.o
DMA1_Stream7_IRQHandler                           build/startup_stm32f411xe.o
DMA2_Stream0_IRQHandler                           build/startup_stm32f411xe.o
DMA2_Stream1_IRQHandler                           build/startup_stm32f411xe.o
DMA2_Stream2_IRQHandler                           build/startup_stm32f411xe.o
DMA2_Stream3_IRQHandler                           build/startup_stm32f411xe.o
DMA2_Stream4_IRQHandler                           build/startup_stm32f411xe.o
DMA2_Stream5_IRQHandler                           build/startup_stm32f411xe.o
DMA2_Stream6_IRQHandler                           build/startup_stm32f411xe.o
DMA2_Stream7_IRQHandler                           build/startup_stm32f411xe.o
DebugMon_Handler                                  build/stm32f4xx_it.o
Default_Handler                                   build/startup_stm32f411xe.o
EXTI0_IRQHandler                                  build/startup_stm32f411xe.o
EXTI15_10_IRQHandler                              build/startup_stm32f411xe.o
EXTI1_IRQHandler                                  build/startup_stm32f411xe.o
EXTI2_IRQHandler                                  build/startup_stm32f411xe.o
EXTI3_IRQHandler                                  build/startup_stm32f411xe.o
EXTI4_IRQHandler                                  build/startup_stm32f411xe.o
EXTI9_5_IRQHandler                                build/startup_stm32f411xe.o
Error_Handler                                     build/main.o
                                                  build/uart_handler.o
                                                  build/timer.o
                                                  build/i2c_handler.o
FLASH_Erase_Sector                                build/stm32f4xx_hal_flash_ex.o
                                                  build/stm32f4xx_hal_flash.o
FLASH_FlushCaches                                 build/stm32f4xx_hal_flash_ex.o
                                                  build/stm32f4xx_hal_flash.o
FLASH_IRQHandler                                  build/startup_stm32f411xe.o
FLASH_WaitForLastOperation                        build/stm32f4xx_hal_flash.o
                                                  build/stm32f4xx_hal_flash_ex.o
FPU_IRQHandler                                    build/startup_stm32f411xe.o
HAL_CORTEX_ClearEvent                             build/stm32f4xx_hal_cortex.o
HAL_DBGMCU_DisableDBGSleepMode                    build/stm32f4xx_hal.o
HAL_DBGMCU_DisableDBGStandbyMode                  build/stm32f4xx_hal.o
HAL_DBGMCU_DisableDBGStopMode                     build/stm32f4xx_hal.o
HAL_DBGMCU_EnableDBGSleepMode                     build/stm32f4xx_hal.o
HAL_DBGMCU_EnableDBGStandbyMode                   build/stm32f4xx_hal.o
HAL_DBGMCU_EnableDBGStopMode                      build/stm32f4xx_hal.o
HAL_DMAEx_ChangeMemory                            build/stm32f4xx_hal_dma_ex.o
HAL_DMAEx_MultiBufferStart                        build/stm32f4xx_hal_dma_ex.o
HAL_DMAEx_MultiBufferStart_IT                     build/stm32f4xx_hal_dma_ex.o
HAL_DMA_Abort                                     build/stm32f4xx_hal_dma.o
                                                  build/stm32f4xx_hal_uart.o
HAL_DMA_Abort_IT                                  build/stm32f4xx_hal_dma.o
                                                  build/stm32f4xx_hal_i2c.o
                                                  build/stm32f4xx_hal_uart.o
                                                  build/stm32f4xx_hal_tim_ex.o
                                                  build/stm32f4xx_hal_tim.o
HAL_DMA_DeInit                                    build/stm32f4xx_hal_dma.o
HAL_DMA_GetError                                  build/stm32f4xx_hal_dma.o
                                                  build/stm32f4xx_hal_i2c.o
                                                  build/stm32f4xx_hal_uart.o
HAL_DMA_GetState                                  build/stm32f4xx_hal_dma.o
                                                  build/stm32f4xx_hal_i2c.o
HAL_DMA_IRQHandler                                build/stm32f4xx_hal_dma.o
HAL_DMA_Init                                      build/stm32f4xx_hal_dma.o
HAL_DMA_PollForTransfer                           build/stm32f4xx_hal_dma.o
HAL_DMA_RegisterCallback                          build/stm32f4xx_hal_dma.o
HAL_DMA_Start                                     build/stm32f4xx_hal_dma.o
HAL_DMA_Start_IT                                  build/stm32f4xx_hal_dma.o
                                                  build/stm32f4xx_hal_i2c.o
                                                  build/stm32f4xx_hal_uart.o
                                                  build/stm32f4xx_hal_tim_ex.o
                                                  build/stm32f4xx_hal_tim.o
HAL_DMA_UnRegisterCallback                        build/stm32f4xx_hal_dma.o
HAL_DeInit                                        build/stm32f4xx_hal.o
HAL_Delay                                         build/stm32f4xx_hal.o
HAL_DisableCompensationCell                       build/stm32f4xx_hal.o
HAL_EXTI_ClearConfigLine                          build/stm32f4xx_hal_exti.o
HAL_EXTI_ClearPending                             build/stm32f4xx_hal_exti.o
HAL_EXTI_GenerateSWI                              build/stm32f4xx_hal_exti.o
HAL_EXTI_GetConfigLine                            build/stm32f4xx_hal_exti.o
HAL_EXTI_GetHandle                                build/stm32f4xx_hal_exti.o
HAL_EXTI_GetPending                               build/stm32f4xx_hal_exti.o
HAL_EXTI_IRQHandler                               build/stm32f4xx_hal_exti.o
HAL_EXTI_RegisterCallback                         build/stm32f4xx_hal_exti.o
HAL_EXTI_SetConfigLine                            build/stm32f4xx_hal_exti.o
HAL_EnableCompensationCell                        build/stm32f4xx_hal.o
HAL_FLASHEx_AdvOBGetConfig                        build/stm32f4xx_hal_flash_ex.o
HAL_FLASHEx_AdvOBProgram                          build/stm32f4xx_hal_flash_ex.o
HAL_FLASHEx_DisableFlashSleepMode                 build/stm32f4xx_hal_flash_ramfunc.o
HAL_FLASHEx_EnableFlashSleepMode                  build/stm32f4xx_hal_flash_ramfunc.o
HAL_FLASHEx_Erase                                 build/stm32f4xx_hal_flash_ex.o
HAL_FLASHEx_Erase_IT                              build/stm32f4xx_hal_flash_ex.o
HAL_FLASHEx_OBGetConfig                           build/stm32f4xx_hal_flash_ex.o
HAL_FLASHEx_OBProgram                             build/stm32f4xx_hal_flash_ex.o
HAL_FLASHEx_OB_DeSelectPCROP                      build/stm32f4xx_hal_flash_ex.o
HAL_FLASHEx_OB_SelectPCROP                        build/stm32f4xx_hal_flash_ex.o
HAL_FLASHEx_StartFlashInterfaceClk                build/stm32f4xx_hal_flash_ramfunc.o
HAL_FLASHEx_StopFlashInterfaceClk                 build/stm32f4xx_hal_flash_ramfunc.o
HAL_FLASH_EndOfOperationCallback                  build/stm32f4xx_hal_flash.o
HAL_FLASH_GetError                                build/stm32f4xx_hal_flash.o
HAL_FLASH_IRQHandler                              build/stm32f4xx_hal_flash.o
HAL_FLASH_Lock                                    build/stm32f4xx_hal_flash.o
HAL_FLASH_OB_Launch                               build/stm32f4xx_hal_flash.o
HAL_FLASH_OB_Lock                                 build/stm32f4xx_hal_flash.o
HAL_FLASH_OB_Unlock                               build/stm32f4xx_hal_flash.o
HAL_FLASH_OperationErrorCallback                  build/stm32f4xx_hal_flash.o
HAL_FLASH_Program                                 build/stm32f4xx_hal_flash.o
HAL_FLASH_Program_IT                              build/stm32f4xx_hal_flash.o
HAL_FLASH_Unlock                                  build/stm32f4xx_hal_flash.o
HAL_GPIO_DeInit                                   build/stm32f4xx_hal_gpio.o
                                                  build/stm32f4xx_hal_msp.o
HAL_GPIO_EXTI_Callback                            build/stm32f4xx_hal_gpio.o
HAL_GPIO_EXTI_IRQHandler                          build/stm32f4xx_hal_gpio.o
HAL_GPIO_Init                                     build/stm32f4xx_hal_gpio.o
                                                  build/stm32f4xx_hal_rcc.o
                                                  build/stm32f4xx_hal_msp.o
                                                  build/gpio_handler.o
HAL_GPIO_LockPin                                  build/stm32f4xx_hal_gpio.o
HAL_GPIO_ReadPin                                  build/stm32f4xx_hal_gpio.o
HAL_GPIO_TogglePin                                build/stm32f4xx_hal_gpio.o
                                                  build/gpio_handler.o
HAL_GPIO_WritePin                                 build/stm32f4xx_hal_gpio.o
                                                  build/gpio_handler.o
HAL_GetDEVID                                      build/stm32f4xx_hal.o
HAL_GetHalVersion                                 build/stm32f4xx_hal.o
HAL_GetREVID                                      build/stm32f4xx_hal.o
HAL_GetTick                                       build/stm32f4xx_hal.o
                                                  build/stm32f4xx_hal_i2c.o
                                                  build/stm32f4xx_hal_pwr_ex.o
                                                  build/stm32f4xx_hal_dma.o
                                                  build/stm32f4xx_hal_flash.o
                                                  build/stm32f4xx_hal_rcc_ex.o
                                                  build/stm32f4xx_hal_rcc.o
                                                  build/stm32f4xx_hal_uart.o
                                                  build/command_handler.o
                                                  build/timer.o
HAL_GetTickFreq                                   build/stm32f4xx_hal.o
HAL_GetTickPrio                                   build/stm32f4xx_hal.o
HAL_GetUIDw0                                      build/stm32f4xx_hal.o
HAL_GetUIDw1                                      build/stm32f4xx_hal.o
HAL_GetUIDw2                                      build/stm32f4xx_hal.o
HAL_HalfDuplex_EnableReceiver                     build/stm32f4xx_hal_uart.o
HAL_HalfDuplex_EnableTransmitter                  build/stm32f4xx_hal_uart.o
HAL_HalfDuplex_Init                               build/stm32f4xx_hal_uart.o
HAL_I2C_AbortCpltCallback                         build/stm32f4xx_hal_i2c.o
HAL_I2C_AddrCallback                              build/stm32f4xx_hal_i2c.o
HAL_I2C_DeInit                                    build/stm32f4xx_hal_i2c.o
HAL_I2C_DisableListen_IT                          build/stm32f4xx_hal_i2c.o
HAL_I2C_ER_IRQHandler                             build/stm32f4xx_hal_i2c.o
HAL_I2C_EV_IRQHandler                             build/stm32f4xx_hal_i2c.o
HAL_I2C_EnableListen_IT                           build/stm32f4xx_hal_i2c.o
HAL_I2C_ErrorCallback                             build/i2c_handler.o
HAL_I2C_GetError                                  build/stm32f4xx_hal_i2c.o
HAL_I2C_GetMode                                   build/stm32f4xx_hal_i2c.o
HAL_I2C_GetState                                  build/stm32f4xx_hal_i2c.o
HAL_I2C_Init                                      build/stm32f4xx_hal_i2c.o
                                                  build/i2c_handler.o
HAL_I2C_IsDeviceReady                             build/stm32f4xx_hal_i2c.o
                                                  build/i2c_handler.o
HAL_I2C_ListenCpltCallback                        build/stm32f4xx_hal_i2c.o
HAL_I2C_MasterRxCpltCallback                      build/stm32f4xx_hal_i2c.o
HAL_I2C_MasterTxCpltCallback                      build/stm32f4xx_hal_i2c.o
HAL_I2C_Master_Abort_IT                           build/stm32f4xx_hal_i2c.o
HAL_I2C_Master_Receive                            build/stm32f4xx_hal_i2c.o
HAL_I2C_Master_Receive_DMA                        build/stm32f4xx_hal_i2c.o
HAL_I2C_Master_Receive_IT                         build/stm32f4xx_hal_i2c.o
HAL_I2C_Master_Seq_Receive_DMA                    build/stm32f4xx_hal_i2c.o
HAL_I2C_Master_Seq_Receive_IT                     build/stm32f4xx_hal_i2c.o
HAL_I2C_Master_Seq_Transmit_DMA                   build/stm32f4xx_hal_i2c.o
HAL_I2C_Master_Seq_Transmit_IT                    build/stm32f4xx_hal_i2c.o
HAL_I2C_Master_Transmit                           build/stm32f4xx_hal_i2c.o
HAL_I2C_Master_Transmit_DMA                       build/stm32f4xx_hal_i2c.o
HAL_I2C_Master_Transmit_IT                        build/stm32f4xx_hal_i2c.o
HAL_I2C_MemRxCpltCallback                         build/i2c_handler.o
HAL_I2C_MemTxCpltCallback                         build/i2c_handler.o
HAL_I2C_Mem_Read                                  build/stm32f4xx_hal_i2c.o
                                                  build/i2c_handler.o
HAL_I2C_Mem_Read_DMA                              build/stm32f4xx_hal_i2c.o
HAL_I2C_Mem_Read_IT                               build/stm32f4xx_hal_i2c.o
                                                  build/i2c_handler.o
HAL_I2C_Mem_Write                                 build/stm32f4xx_hal_i2c.o
HAL_I2C_Mem_Write_DMA                             build/stm32f4xx_hal_i2c.o
HAL_I2C_Mem_Write_IT                              build/stm32f4xx_hal_i2c.o
                                                  build/i2c_handler.o
HAL_I2C_MspDeInit                                 build/stm32f4xx_hal_i2c.o
HAL_I2C_MspInit                                   build/stm32f4xx_hal_i2c.o
HAL_I2C_SlaveRxCpltCallback                       build/stm32f4xx_hal_i2c.o
HAL_I2C_SlaveTxCpltCallback                       build/stm32f4xx_hal_i2c.o
HAL_I2C_Slave_Receive                             build/stm32f4xx_hal_i2c.o
HAL_I2C_Slave_Receive_DMA                         build/stm32f4xx_hal_i2c.o
HAL_I2C_Slave_Receive_IT                          build/stm32f4xx_hal_i2c.o
HAL_I2C_Slave_Seq_Receive_DMA                     build/stm32f4xx_hal_i2c.o
HAL_I2C_Slave_Seq_Receive_IT                      build/stm32f4xx_hal_i2c.o
HAL_I2C_Slave_Seq_Transmit_DMA                    build/stm32f4xx_hal_i2c.o
HAL_I2C_Slave_Seq_Transmit_IT                     build/stm32f4xx_hal_i2c.o
HAL_I2C_Slave_Transmit                            build/stm32f4xx_hal_i2c.o
HAL_I2C_Slave_Transmit_DMA                        build/stm32f4xx_hal_i2c.o
HAL_I2C_Slave_Transmit_IT                         build/stm32f4xx_hal_i2c.o
HAL_IncTick                                       build/stm32f4xx_hal.o
                                                  build/stm32f4xx_it.o
HAL_Init                                          build/stm32f4xx_hal.o
                                                  build/aml_hal.o
HAL_InitTick                                      build/stm32f4xx_hal.o
                                                  build/stm32f4xx_hal_rcc_ex.o
                                                  build/stm32f4xx_hal_rcc.o
HAL_LIN_Init                                      build/stm32f4xx_hal_uart.o
HAL_LIN_SendBreak                                 build/stm32f4xx_hal_uart.o
HAL_MPU_ConfigRegion                              build/stm32f4xx_hal_cortex.o
HAL_MPU_Disable                                   build/stm32f4xx_hal_cortex.o
HAL_MPU_DisableRegion                             build/stm32f4xx_hal_cortex.o
HAL_MPU_Enable                                    build/stm32f4xx_hal_cortex.o
HAL_MPU_EnableRegion                              build/stm32f4xx_hal_cortex.o
HAL_MspDeInit                                     build/stm32f4xx_hal.o
HAL_MspInit                                       build/stm32f4xx_hal_msp.o
HAL_MultiProcessor_EnterMuteMode                  build/stm32f4xx_hal_uart.o
HAL_MultiProcessor_ExitMuteMode                   build/stm32f4xx_hal_uart.o
HAL_MultiProcessor_Init                           build/stm32f4xx_hal_uart.o
HAL_NVIC_ClearPendingIRQ                          build/stm32f4xx_hal_cortex.o
HAL_NVIC_DisableIRQ                               build/stm32f4xx_hal_cortex.o
HAL_NVIC_EnableIRQ                                build/stm32f4xx_hal_cortex.o
                                                  build/i2c_handler.o
HAL_NVIC_GetActive                                build/stm32f4xx_hal_cortex.o
HAL_NVIC_GetPendingIRQ                            build/stm32f4xx_hal_cortex.o
HAL_NVIC_GetPriority                              build/stm32f4xx_hal_cortex.o
HAL_NVIC_GetPriorityGrouping                      build/stm32f4xx_hal_cortex.o
HAL_NVIC_SetPendingIRQ                            build/stm32f4xx_hal_cortex.o
HAL_NVIC_SetPriority                              build/stm32f4xx_hal_cortex.o
                                                  build/stm32f4xx_hal.o
                                                  build/i2c_handler.o
HAL_NVIC_SetPriorityGrouping                      build/stm32f4xx_hal_cortex.o
                                                  build/stm32f4xx_hal.o
                                                  build/stm32f4xx_hal_msp.o
HAL_NVIC_SystemReset                              build/stm32f4xx_hal_cortex.o
HAL_PWREx_ControlVoltageScaling                   build/stm32f4xx_hal_pwr_ex.o
HAL_PWREx_DisableBkUpReg                          build/stm32f4xx_hal_pwr_ex.o
HAL_PWREx_DisableFlashPowerDown                   build/stm32f4xx_hal_pwr_ex.o
HAL_PWREx_DisableLowRegulatorLowVoltage           build/stm32f4xx_hal_pwr_ex.o
HAL_PWREx_DisableMainRegulatorLowVoltage          build/stm32f4xx_hal_pwr_ex.o
HAL_PWREx_EnableBkUpReg                           build/stm32f4xx_hal_pwr_ex.o
HAL_PWREx_EnableFlashPowerDown                    build/stm32f4xx_hal_pwr_ex.o
HAL_PWREx_EnableLowRegulatorLowVoltage            build/stm32f4xx_hal_pwr_ex.o
HAL_PWREx_EnableMainRegulatorLowVoltage           build/stm32f4xx_hal_pwr_ex.o
HAL_PWREx_GetVoltageRange                         build/stm32f4xx_hal_pwr_ex.o
HAL_PWR_ConfigPVD                                 build/stm32f4xx_hal_pwr.o
HAL_PWR_DeInit                                    build/stm32f4xx_hal_pwr.o
HAL_PWR_DisableBkUpAccess                         build/stm32f4xx_hal_pwr.o
HAL_PWR_DisablePVD                                build/stm32f4xx_hal_pwr.o
HAL_PWR_DisableSEVOnPend                          build/stm32f4xx_hal_pwr.o
HAL_PWR_DisableSleepOnExit                        build/stm32f4xx_hal_pwr.o
HAL_PWR_DisableWakeUpPin                          build/stm32f4xx_hal_pwr.o
HAL_PWR_EnableBkUpAccess                          build/stm32f4xx_hal_pwr.o
HAL_PWR_EnablePVD                                 build/stm32f4xx_hal_pwr.o
HAL_PWR_EnableSEVOnPend                           build/stm32f4xx_hal_pwr.o
HAL_PWR_EnableSleepOnExit                         build/stm32f4xx_hal_pwr.o
HAL_PWR_EnableWakeUpPin                           build/stm32f4xx_hal_pwr.o
HAL_PWR_EnterSLEEPMode                            build/stm32f4xx_hal_pwr.o
HAL_PWR_EnterSTANDBYMode                          build/stm32f4xx_hal_pwr.o
HAL_PWR_EnterSTOPMode                             build/stm32f4xx_hal_pwr.o
HAL_PWR_PVDCallback                               build/stm32f4xx_hal_pwr.o
HAL_PWR_PVD_IRQHandler                            build/stm32f4xx_hal_pwr.o
HAL_RCCEx_DisablePLLI2S                           build/stm32f4xx_hal_rcc_ex.o
HAL_RCCEx_EnablePLLI2S                            build/stm32f4xx_hal_rcc_ex.o
HAL_RCCEx_GetPeriphCLKConfig                      build/stm32f4xx_hal_rcc_ex.o
HAL_RCCEx_GetPeriphCLKFreq                        build/stm32f4xx_hal_rcc_ex.o
HAL_RCCEx_PeriphCLKConfig                         build/stm32f4xx_hal_rcc_ex.o
HAL_RCCEx_SelectLSEMode                           build/stm32f4xx_hal_rcc_ex.o
HAL_RCC_CSSCallback                               build/stm32f4xx_hal_rcc.o
HAL_RCC_ClockConfig                               build/stm32f4xx_hal_rcc.o
                                                  build/timer.o
HAL_RCC_DeInit                                    build/stm32f4xx_hal_rcc_ex.o
                                                  build/stm32f4xx_hal_rcc.o
HAL_RCC_DisableCSS                                build/stm32f4xx_hal_rcc.o
HAL_RCC_EnableCSS                                 build/stm32f4xx_hal_rcc.o
HAL_RCC_GetClockConfig                            build/stm32f4xx_hal_rcc.o
HAL_RCC_GetHCLKFreq                               build/stm32f4xx_hal_rcc.o
HAL_RCC_GetOscConfig                              build/stm32f4xx_hal_rcc.o
HAL_RCC_GetPCLK1Freq                              build/stm32f4xx_hal_rcc.o
                                                  build/stm32f4xx_hal_i2c.o
                                                  build/stm32f4xx_hal_uart.o
HAL_RCC_GetPCLK2Freq                              build/stm32f4xx_hal_rcc.o
                                                  build/stm32f4xx_hal_uart.o
HAL_RCC_GetSysClockFreq                           build/stm32f4xx_hal_rcc.o
HAL_RCC_MCOConfig                                 build/stm32f4xx_hal_rcc.o
HAL_RCC_NMI_IRQHandler                            build/stm32f4xx_hal_rcc.o
HAL_RCC_OscConfig                                 build/stm32f4xx_hal_rcc.o
                                                  build/timer.o
HAL_ResumeTick                                    build/stm32f4xx_hal.o
HAL_SYSTICK_CLKSourceConfig                       build/stm32f4xx_hal_cortex.o
HAL_SYSTICK_Callback                              build/stm32f4xx_hal_cortex.o
HAL_SYSTICK_Config                                build/stm32f4xx_hal_cortex.o
                                                  build/stm32f4xx_hal.o
HAL_SYSTICK_IRQHandler                            build/stm32f4xx_hal_cortex.o
HAL_SetTickFreq                                   build/stm32f4xx_hal.o
HAL_SuspendTick                                   build/stm32f4xx_hal.o
HAL_TIMEx_BreakCallback                           build/stm32f4xx_hal_tim_ex.o
                                                  build/stm32f4xx_hal_tim.o
HAL_TIMEx_CommutCallback                          build/stm32f4xx_hal_tim_ex.o
                                                  build/stm32f4xx_hal_tim.o
HAL_TIMEx_CommutHalfCpltCallback                  build/stm32f4xx_hal_tim_ex.o
HAL_TIMEx_ConfigBreakDeadTime                     build/stm32f4xx_hal_tim_ex.o
HAL_TIMEx_ConfigCommutEvent                       build/stm32f4xx_hal_tim_ex.o
HAL_TIMEx_ConfigCommutEvent_DMA                   build/stm32f4xx_hal_tim_ex.o
HAL_TIMEx_ConfigCommutEvent_IT                    build/stm32f4xx_hal_tim_ex.o
HAL_TIMEx_GetChannelNState                        build/stm32f4xx_hal_tim_ex.o
HAL_TIMEx_HallSensor_DeInit                       build/stm32f4xx_hal_tim_ex.o
HAL_TIMEx_HallSensor_GetState                     build/stm32f4xx_hal_tim_ex.o
HAL_TIMEx_HallSensor_Init                         build/stm32f4xx_hal_tim_ex.o
HAL_TIMEx_HallSensor_MspDeInit                    build/stm32f4xx_hal_tim_ex.o
HAL_TIMEx_HallSensor_MspInit                      build/stm32f4xx_hal_tim_ex.o
HAL_TIMEx_HallSensor_Start                        build/stm32f4xx_hal_tim_ex.o
HAL_TIMEx_HallSensor_Start_DMA                    build/stm32f4xx_hal_tim_ex.o
HAL_TIMEx_HallSensor_Start_IT                     build/stm32f4xx_hal_tim_ex.o
HAL_TIMEx_HallSensor_Stop                         build/stm32f4xx_hal_tim_ex.o
HAL_TIMEx_HallSensor_Stop_DMA                     build/stm32f4xx_hal_tim_ex.o
HAL_TIMEx_HallSensor_Stop_IT                      build/stm32f4xx_hal_tim_ex.o
HAL_TIMEx_MasterConfigSynchronization             build/stm32f4xx_hal_tim_ex.o
HAL_TIMEx_OCN_Start                               build/stm32f4xx_hal_tim_ex.o
HAL_TIMEx_OCN_Start_DMA                           build/stm32f4xx_hal_tim_ex.o
HAL_TIMEx_OCN_Start_IT                            build/stm32f4xx_hal_tim_ex.o
HAL_TIMEx_OCN_Stop                                build/stm32f4xx_hal_tim_ex.o
HAL_TIMEx_OCN_Stop_DMA                            build/stm32f4xx_hal_tim_ex.o
HAL_TIMEx_OCN_Stop_IT                             build/stm32f4xx_hal_tim_ex.o
HAL_TIMEx_OnePulseN_Start                         build/stm32f4xx_hal_tim_ex.o
HAL_TIMEx_OnePulseN_Start_IT                      build/stm32f4xx_hal_tim_ex.o
HAL_TIMEx_OnePulseN_Stop                          build/stm32f4xx_hal_tim_ex.o
HAL_TIMEx_OnePulseN_Stop_IT                       build/stm32f4xx_hal_tim_ex.o
HAL_TIMEx_PWMN_Start                              build/stm32f4xx_hal_tim_ex.o
HAL_TIMEx_PWMN_Start_DMA                          build/stm32f4xx_hal_tim_ex.o
HAL_TIMEx_PWMN_Start_IT                           build/stm32f4xx_hal_tim_ex.o
HAL_TIMEx_PWMN_Stop                               build/stm32f4xx_hal_tim_ex.o
HAL_TIMEx_PWMN_Stop_DMA                           build/stm32f4xx_hal_tim_ex.o
HAL_TIMEx_PWMN_Stop_IT                            build/stm32f4xx_hal_tim_ex.o
HAL_TIMEx_RemapConfig                             build/stm32f4xx_hal_tim_ex.o
HAL_TIM_Base_DeInit                               build/stm32f4xx_hal_tim.o
HAL_TIM_Base_GetState                             build/stm32f4xx_hal_tim.o
HAL_TIM_Base_Init                                 build/stm32f4xx_hal_tim.o
                                                  build/timer.o
HAL_TIM_Base_MspDeInit                            build/stm32f4xx_hal_tim.o
HAL_TIM_Base_MspInit                              build/stm32f4xx_hal_tim.o
HAL_TIM_Base_Start                                build/stm32f4xx_hal_tim.o
HAL_TIM_Base_Start_DMA                            build/stm32f4xx_hal_tim.o
HAL_TIM_Base_Start_IT                             build/stm32f4xx_hal_tim.o
HAL_TIM_Base_Stop                                 build/stm32f4xx_hal_tim.o
HAL_TIM_Base_Stop_DMA                             build/stm32f4xx_hal_tim.o
HAL_TIM_Base_Stop_IT                              build/stm32f4xx_hal_tim.o
HAL_TIM_ConfigClockSource                         build/stm32f4xx_hal_tim.o
HAL_TIM_ConfigOCrefClear                          build/stm32f4xx_hal_tim.o
HAL_TIM_ConfigTI1Input                            build/stm32f4xx_hal_tim.o
HAL_TIM_DMABurstState                             build/stm32f4xx_hal_tim.o
HAL_TIM_DMABurst_MultiReadStart                   build/stm32f4xx_hal_tim.o
HAL_TIM_DMABurst_MultiWriteStart                  build/stm32f4xx_hal_tim.o
HAL_TIM_DMABurst_ReadStart                        build/stm32f4xx_hal_tim.o
HAL_TIM_DMABurst_ReadStop                         build/stm32f4xx_hal_tim.o
HAL_TIM_DMABurst_WriteStart                       build/stm32f4xx_hal_tim.o
HAL_TIM_DMABurst_WriteStop                        build/stm32f4xx_hal_tim.o
HAL_TIM_Encoder_DeInit                            build/stm32f4xx_hal_tim.o
HAL_TIM_Encoder_GetState                          build/stm32f4xx_hal_tim.o
HAL_TIM_Encoder_Init                              build/stm32f4xx_hal_tim.o
HAL_TIM_Encoder_MspDeInit                         build/stm32f4xx_hal_tim.o
HAL_TIM_Encoder_MspInit                           build/stm32f4xx_hal_tim.o
HAL_TIM_Encoder_Start                             build/stm32f4xx_hal_tim.o
HAL_TIM_Encoder_Start_DMA                         build/stm32f4xx_hal_tim.o
HAL_TIM_Encoder_Start_IT                          build/stm32f4xx_hal_tim.o
HAL_TIM_Encoder_Stop                              build/stm32f4xx_hal_tim.o
HAL_TIM_Encoder_Stop_DMA                          build/stm32f4xx_hal_tim.o
HAL_TIM_Encoder_Stop_IT                           build/stm32f4xx_hal_tim.o
HAL_TIM_ErrorCallback                             build/stm32f4xx_hal_tim.o
                                                  build/stm32f4xx_hal_tim_ex.o
HAL_TIM_GenerateEvent                             build/stm32f4xx_hal_tim.o
HAL_TIM_GetActiveChannel                          build/stm32f4xx_hal_tim.o
HAL_TIM_GetChannelState                           build/stm32f4xx_hal_tim.o
HAL_TIM_IC_CaptureCallback                        build/stm32f4xx_hal_tim.o
HAL_TIM_IC_CaptureHalfCpltCallback                build/stm32f4xx_hal_tim.o
HAL_TIM_IC_ConfigChannel                          build/stm32f4xx_hal_tim.o
HAL_TIM_IC_DeInit                                 build/stm32f4xx_hal_tim.o
HAL_TIM_IC_GetState                               build/stm32f4xx_hal_tim.o
HAL_TIM_IC_Init                                   build/stm32f4xx_hal_tim.o
HAL_TIM_IC_MspDeInit                              build/stm32f4xx_hal_tim.o
HAL_TIM_IC_MspInit                                build/stm32f4xx_hal_tim.o
HAL_TIM_IC_Start                                  build/stm32f4xx_hal_tim.o
HAL_TIM_IC_Start_DMA                              build/stm32f4xx_hal_tim.o
HAL_TIM_IC_Start_IT                               build/stm32f4xx_hal_tim.o
HAL_TIM_IC_Stop                                   build/stm32f4xx_hal_tim.o
HAL_TIM_IC_Stop_DMA                               build/stm32f4xx_hal_tim.o
HAL_TIM_IC_Stop_IT                                build/stm32f4xx_hal_tim.o
HAL_TIM_IRQHandler                                build/stm32f4xx_hal_tim.o
                                                  build/timer.o
HAL_TIM_OC_ConfigChannel                          build/stm32f4xx_hal_tim.o
HAL_TIM_OC_DeInit                                 build/stm32f4xx_hal_tim.o
HAL_TIM_OC_DelayElapsedCallback                   build/stm32f4xx_hal_tim.o
HAL_TIM_OC_GetState                               build/stm32f4xx_hal_tim.o
HAL_TIM_OC_Init                                   build/stm32f4xx_hal_tim.o
HAL_TIM_OC_MspDeInit                              build/stm32f4xx_hal_tim.o
HAL_TIM_OC_MspInit                                build/stm32f4xx_hal_tim.o
HAL_TIM_OC_Start                                  build/stm32f4xx_hal_tim.o
HAL_TIM_OC_Start_DMA                              build/stm32f4xx_hal_tim.o
HAL_TIM_OC_Start_IT                               build/stm32f4xx_hal_tim.o
HAL_TIM_OC_Stop                                   build/stm32f4xx_hal_tim.o
HAL_TIM_OC_Stop_DMA                               build/stm32f4xx_hal_tim.o
HAL_TIM_OC_Stop_IT                                build/stm32f4xx_hal_tim.o
HAL_TIM_OnePulse_ConfigChannel                    build/stm32f4xx_hal_tim.o
HAL_TIM_OnePulse_DeInit                           build/stm32f4xx_hal_tim.o
HAL_TIM_OnePulse_GetState                         build/stm32f4xx_hal_tim.o
HAL_TIM_OnePulse_Init                             build/stm32f4xx_hal_tim.o
HAL_TIM_OnePulse_MspDeInit                        build/stm32f4xx_hal_tim.o